WARNING: Image format was not specified for '/home/mrdrivingduck/Desktop/image/stretch.img' and probing guessed raw.
         Automatically detecting the format is dangerous for raw images, write operations on block 0 will be restricted.
         Specify the 'raw' format explicitly to remove the restrictions.
qemu-system-x86_64: warning: host doesn't support requested feature: CPUID.80000001H:ECX.svm [bit 2]
qemu-system-x86_64: warning: host doesn't support requested feature: CPUID.80000001H:ECX.svm [bit 2]
early console in setup code
early console in extract_kernel
input_data: 0x00000000025d9276
input_len: 0x00000000007952f3
output: 0x0000000001000000
output_len: 0x0000000001d401f8
kernel_total_size: 0x000000000196f000
booted via startup_32()
Physical KASLR using RDTSC...
Virtual KASLR using RDTSC...

Decompressing Linux... Parsing ELF... Performing relocations... done.
Booting the kernel.
[    0.000000] Linux version 4.15.0+ (mrdrivingduck@zjt-ubuntu) (gcc version 7.5.0 (Ubuntu 7.5.0-3ubuntu1~18.04)) #10 SMP Tue May 12 20:40:55 CST 2020
[    0.000000] Command line: console=ttyS0 root=/dev/sda debug earlyprintk=serial slub_debug=QUZ
[    0.000000] x86/fpu: x87 FPU will use FXSAVE
[    0.000000] e820: BIOS-provided physical RAM map:
[    0.000000] BIOS-e820: [mem 0x0000000000000000-0x000000000009fbff] usable
[    0.000000] BIOS-e820: [mem 0x000000000009fc00-0x000000000009ffff] reserved
[    0.000000] BIOS-e820: [mem 0x00000000000f0000-0x00000000000fffff] reserved
[    0.000000] BIOS-e820: [mem 0x0000000000100000-0x000000007ffdffff] usable
[    0.000000] BIOS-e820: [mem 0x000000007ffe0000-0x000000007fffffff] reserved
[    0.000000] BIOS-e820: [mem 0x00000000feffc000-0x00000000feffffff] reserved
[    0.000000] BIOS-e820: [mem 0x00000000fffc0000-0x00000000ffffffff] reserved
[    0.000000] bootconsole [earlyser0] enabled
[    0.000000] NX (Execute Disable) protection: active
[    0.000000] random: fast init done
[    0.000000] SMBIOS 2.8 present.
[    0.000000] DMI: QEMU Standard PC (i440FX + PIIX, 1996), BIOS 1.10.2-1ubuntu1 04/01/2014
[    0.000000] Hypervisor detected: KVM
[    0.000000] e820: update [mem 0x00000000-0x00000fff] usable ==> reserved
[    0.000000] e820: remove [mem 0x000a0000-0x000fffff] usable
[    0.000000] e820: last_pfn = 0x7ffe0 max_arch_pfn = 0x400000000
[    0.000000] MTRR default type: write-back
[    0.000000] MTRR fixed ranges enabled:
[    0.000000]   00000-9FFFF write-back
[    0.000000]   A0000-BFFFF uncachable
[    0.000000]   C0000-FFFFF write-protect
[    0.000000] MTRR variable ranges enabled:
[    0.000000]   0 base 0080000000 mask FF80000000 uncachable
[    0.000000]   1 disabled
[    0.000000]   2 disabled
[    0.000000]   3 disabled
[    0.000000]   4 disabled
[    0.000000]   5 disabled
[    0.000000]   6 disabled
[    0.000000]   7 disabled
[    0.000000] x86/PAT: PAT not supported by CPU.
[    0.000000] x86/PAT: Configuration [0-7]: WB  WT  UC- UC  WB  WT  UC- UC  
Memory KASLR using RDTSC...
[    0.000000] found SMP MP-table at [mem 0x000f6a80-0x000f6a8f] mapped at [        (ptrval)]
[    0.000000] Scanning 1 areas for low memory corruption
[    0.000000] Base memory trampoline at [        (ptrval)] 99000 size 24576
[    0.000000] BRK [0x67744000, 0x67744fff] PGTABLE
[    0.000000] BRK [0x67745000, 0x67745fff] PGTABLE
[    0.000000] BRK [0x67746000, 0x67746fff] PGTABLE
[    0.000000] BRK [0x67747000, 0x67747fff] PGTABLE
[    0.000000] BRK [0x67748000, 0x67748fff] PGTABLE
[    0.000000] BRK [0x67749000, 0x67749fff] PGTABLE
[    0.000000] ACPI: Early table checksum verification disabled
[    0.000000] ACPI: RSDP 0x00000000000F6860 000014 (v00 BOCHS )
[    0.000000] ACPI: RSDT 0x000000007FFE1656 000030 (v01 BOCHS  BXPCRSDT 00000001 BXPC 00000001)
[    0.000000] ACPI: FACP 0x000000007FFE14AA 000074 (v01 BOCHS  BXPCFACP 00000001 BXPC 00000001)
[    0.000000] ACPI: DSDT 0x000000007FFE0040 00146A (v01 BOCHS  BXPCDSDT 00000001 BXPC 00000001)
[    0.000000] ACPI: FACS 0x000000007FFE0000 000040
[    0.000000] ACPI: APIC 0x000000007FFE159E 000080 (v01 BOCHS  BXPCAPIC 00000001 BXPC 00000001)
[    0.000000] ACPI: HPET 0x000000007FFE161E 000038 (v01 BOCHS  BXPCHPET 00000001 BXPC 00000001)
[    0.000000] ACPI: Local APIC address 0xfee00000
[    0.000000] No NUMA configuration found
[    0.000000] Faking a node at [mem 0x0000000000000000-0x000000007ffdffff]
[    0.000000] NODE_DATA(0) allocated [mem 0x7ffdc000-0x7ffdffff]
[    0.000000] kvm-clock: cpu 0, msr 0:7ffda001, primary cpu clock
[    0.000000] kvm-clock: Using msrs 4b564d01 and 4b564d00
[    0.000000] kvm-clock: using sched offset of 230180128 cycles
[    0.000000] clocksource: kvm-clock: mask: 0xffffffffffffffff max_cycles: 0x1cd42e4dffb, max_idle_ns: 881590591483 ns
[    0.000000] Zone ranges:
[    0.000000]   DMA      [mem 0x0000000000001000-0x0000000000ffffff]
[    0.000000]   DMA32    [mem 0x0000000001000000-0x000000007ffdffff]
[    0.000000]   Normal   empty
[    0.000000] Movable zone start for each node
[    0.000000] Early memory node ranges
[    0.000000]   node   0: [mem 0x0000000000001000-0x000000000009efff]
[    0.000000]   node   0: [mem 0x0000000000100000-0x000000007ffdffff]
[    0.000000] Initmem setup node 0 [mem 0x0000000000001000-0x000000007ffdffff]
[    0.000000] On node 0 totalpages: 524158
[    0.000000]   DMA zone: 64 pages used for memmap
[    0.000000]   DMA zone: 21 pages reserved
[    0.000000]   DMA zone: 3998 pages, LIFO batch:0
[    0.000000]   DMA32 zone: 8128 pages used for memmap
[    0.000000]   DMA32 zone: 520160 pages, LIFO batch:31
[    0.000000] Reserved but unavailable: 98 pages
[    0.000000] ACPI: PM-Timer IO Port: 0x608
[    0.000000] ACPI: Local APIC address 0xfee00000
[    0.000000] ACPI: LAPIC_NMI (acpi_id[0xff] dfl dfl lint[0x1])
[    0.000000] IOAPIC[0]: apic_id 0, version 17, address 0xfec00000, GSI 0-23
[    0.000000] ACPI: INT_SRC_OVR (bus 0 bus_irq 0 global_irq 2 dfl dfl)
[    0.000000] ACPI: INT_SRC_OVR (bus 0 bus_irq 5 global_irq 5 high level)
[    0.000000] ACPI: INT_SRC_OVR (bus 0 bus_irq 9 global_irq 9 high level)
[    0.000000] ACPI: INT_SRC_OVR (bus 0 bus_irq 10 global_irq 10 high level)
[    0.000000] ACPI: INT_SRC_OVR (bus 0 bus_irq 11 global_irq 11 high level)
[    0.000000] ACPI: IRQ0 used by override.
[    0.000000] ACPI: IRQ5 used by override.
[    0.000000] ACPI: IRQ9 used by override.
[    0.000000] ACPI: IRQ10 used by override.
[    0.000000] ACPI: IRQ11 used by override.
[    0.000000] Using ACPI (MADT) for SMP configuration information
[    0.000000] ACPI: HPET id: 0x8086a201 base: 0xfed00000
[    0.000000] smpboot: Allowing 2 CPUs, 0 hotplug CPUs
[    0.000000] PM: Registered nosave memory: [mem 0x00000000-0x00000fff]
[    0.000000] PM: Registered nosave memory: [mem 0x0009f000-0x0009ffff]
[    0.000000] PM: Registered nosave memory: [mem 0x000a0000-0x000effff]
[    0.000000] PM: Registered nosave memory: [mem 0x000f0000-0x000fffff]
[    0.000000] e820: [mem 0x80000000-0xfeffbfff] available for PCI devices
[    0.000000] Booting paravirtualized kernel on KVM
[    0.000000] clocksource: refined-jiffies: mask: 0xffffffff max_cycles: 0xffffffff, max_idle_ns: 1910969940391419 ns
[    0.000000] setup_percpu: NR_CPUS:64 nr_cpumask_bits:64 nr_cpu_ids:2 nr_node_ids:1
[    0.000000] percpu: Embedded 43 pages/cpu @        (ptrval) s137624 r8192 d30312 u1048576
[    0.000000] pcpu-alloc: s137624 r8192 d30312 u1048576 alloc=1*2097152
[    0.000000] pcpu-alloc: [0] 0 1 
[    0.000000] KVM setup async PF for cpu 0
[    0.000000] kvm-stealtime: cpu 0, msr 7fc152c0
[    0.000000] Built 1 zonelists, mobility grouping on.  Total pages: 515945
[    0.000000] Policy zone: DMA32
[    0.000000] Kernel command line: console=ttyS0 root=/dev/sda debug earlyprintk=serial slub_debug=QUZ
[    0.000000] slub_debug option 'Q' unknown. skipped
[    0.000000] Calgary: detecting Calgary via BIOS EBDA area
[    0.000000] Calgary: Unable to locate Rio Grande table in EBDA - bailing!
[    0.000000] Memory: 2037436K/2096632K available (12300K kernel code, 1285K rwdata, 2960K rodata, 1276K init, 676K bss, 59196K reserved, 0K cma-reserved)
[    0.000000] SLUB: HWalign=64, Order=0-3, MinObjects=0, CPUs=2, Nodes=1
[    0.000000] Kernel/User page tables isolation: enabled
[    0.001000] Hierarchical RCU implementation.
[    0.001000] 	RCU event tracing is enabled.
[    0.001000] 	RCU restricting CPUs from NR_CPUS=64 to nr_cpu_ids=2.
[    0.001000] RCU: Adjusting geometry for rcu_fanout_leaf=16, nr_cpu_ids=2
[    0.001000] NR_IRQS: 4352, nr_irqs: 440, preallocated irqs: 16
[    0.001000] Console: colour VGA+ 80x25
[    0.001000] console [ttyS0] enabled
[    0.001000] console [ttyS0] enabled
[    0.001000] bootconsole [earlyser0] disabled
[    0.001000] bootconsole [earlyser0] disabled
[    0.001000] ACPI: Core revision 20170831
[    0.001000] ACPI: 1 ACPI AML tables successfully acquired and loaded
[    0.001000] clocksource: hpet: mask: 0xffffffff max_cycles: 0xffffffff, max_idle_ns: 19112604467 ns
[    0.001000] hpet clockevent registered
[    0.001009] APIC: Switch to symmetric I/O mode setup
[    0.003000] ..TIMER: vector=0x30 apic1=0 pin1=2 apic2=-1 pin2=-1
[    0.003000] tsc: Detected 2807.998 MHz processor
[    0.003010] Calibrating delay loop (skipped) preset value.. 5615.99 BogoMIPS (lpj=2807998)
[    0.004002] pid_max: default: 32768 minimum: 301
[    0.004545] Security Framework initialized
[    0.005003] SELinux:  Initializing.
[    0.005408] SELinux:  Starting in permissive mode
[    0.006331] Dentry cache hash table entries: 262144 (order: 9, 2097152 bytes)
[    0.007242] Inode-cache hash table entries: 131072 (order: 8, 1048576 bytes)
[    0.008015] Mount-cache hash table entries: 4096 (order: 3, 32768 bytes)
[    0.009006] Mountpoint-cache hash table entries: 4096 (order: 3, 32768 bytes)
[    0.010332] CPU: Physical Processor ID: 0
[    0.011034] mce: CPU supports 10 MCE banks
[    0.011576] Last level iTLB entries: 4KB 0, 2MB 0, 4MB 0
[    0.012001] Last level dTLB entries: 4KB 0, 2MB 0, 4MB 0, 1GB 0
[    0.013001] Spectre V2 mitigation: Mitigation: Full generic retpoline
[    0.014149] Freeing SMP alternatives memory: 40K
[    0.016000] smpboot: CPU0: Intel QEMU Virtual CPU version 2.5+ (family: 0x6, model: 0x6, stepping: 0x3)
[    0.016127] Performance Events: PMU not available due to virtualization, using software events only.
[    0.017037] Hierarchical SRCU implementation.
[    0.018117] smp: Bringing up secondary CPUs ...
[    0.018710] x86: Booting SMP configuration:
[    0.019001] .... node  #0, CPUs:      #1
[    0.001000] kvm-clock: cpu 1, msr 0:7ffda041, secondary cpu clock
[    0.022015] KVM setup async PF for cpu 1
[    0.022753] kvm-stealtime: cpu 1, msr 7fd152c0
[    0.023005] smp: Brought up 1 node, 2 CPUs
[    0.024003] smpboot: Max logical packages: 2
[    0.024441] smpboot: Total of 2 processors activated (11231.99 BogoMIPS)
[    0.025257] devtmpfs: initialized
[    0.026362] clocksource: jiffies: mask: 0xffffffff max_cycles: 0xffffffff, max_idle_ns: 1911260446275000 ns
[    0.026362] kworker/u4:0 (20) used greatest stack depth: 14392 bytes left
[    0.028010] futex hash table entries: 512 (order: 3, 32768 bytes)
[    0.029199] RTC time: 12:41:30, date: 05/12/20
[    0.030132] NET: Registered protocol family 16
[    0.030814] audit: initializing netlink subsys (disabled)
[    0.031043] audit: type=2000 audit(1589287290.664:1): state=initialized audit_enabled=0 res=1
[    0.033011] cpuidle: using governor menu
[    0.033637] ACPI: bus type PCI registered
[    0.034260] PCI: Using configuration type 1 for base access
[    0.035484] kworker/u4:0 (50) used greatest stack depth: 14280 bytes left
[    0.051714] HugeTLB registered 2.00 MiB page size, pre-allocated 0 pages
[    0.052402] ACPI: Added _OSI(Module Device)
[    0.053025] ACPI: Added _OSI(Processor Device)
[    0.054002] ACPI: Added _OSI(3.0 _SCP Extensions)
[    0.054492] ACPI: Added _OSI(Processor Aggregator Device)
[    0.058323] ACPI: Interpreter enabled
[    0.058757] ACPI: (supports S0 S3 S4 S5)
[    0.059001] ACPI: Using IOAPIC for interrupt routing
[    0.059582] PCI: Using host bridge windows from ACPI; if necessary, use "pci=nocrs" and report a bug
[    0.061176] ACPI: Enabled 2 GPEs in block 00 to 0F
[    0.077496] ACPI: PCI Root Bridge [PCI0] (domain 0000 [bus 00-ff])
[    0.078020] acpi PNP0A03:00: _OSC: OS supports [ASPM ClockPM Segments MSI]
[    0.079022] acpi PNP0A03:00: _OSC failed (AE_NOT_FOUND); disabling ASPM
[    0.079724] acpi PNP0A03:00: fail to add MMCONFIG information, can't access extended PCI configuration space under this bridge.
[    0.081134] PCI host bridge to bus 0000:00
[    0.081590] pci_bus 0000:00: root bus resource [io  0x0000-0x0cf7 window]
[    0.082013] pci_bus 0000:00: root bus resource [io  0x0d00-0xffff window]
[    0.082703] pci_bus 0000:00: root bus resource [mem 0x000a0000-0x000bffff window]
[    0.083006] pci_bus 0000:00: root bus resource [mem 0x80000000-0xfebfffff window]
[    0.084005] pci_bus 0000:00: root bus resource [mem 0x100000000-0x17fffffff window]
[    0.085004] pci_bus 0000:00: root bus resource [bus 00-ff]
[    0.086041] pci 0000:00:00.0: [8086:1237] type 00 class 0x060000
[    0.087656] pci 0000:00:01.0: [8086:7000] type 00 class 0x060100
[    0.089449] pci 0000:00:01.1: [8086:7010] type 00 class 0x010180
[    0.091706] pci 0000:00:01.1: reg 0x20: [io  0xc040-0xc04f]
[    0.093196] pci 0000:00:01.1: legacy IDE quirk: reg 0x10: [io  0x01f0-0x01f7]
[    0.094002] pci 0000:00:01.1: legacy IDE quirk: reg 0x14: [io  0x03f6]
[    0.095001] pci 0000:00:01.1: legacy IDE quirk: reg 0x18: [io  0x0170-0x0177]
[    0.096001] pci 0000:00:01.1: legacy IDE quirk: reg 0x1c: [io  0x0376]
[    0.097308] pci 0000:00:01.3: [8086:7113] type 00 class 0x068000
[    0.098392] pci 0000:00:01.3: quirk: [io  0x0600-0x063f] claimed by PIIX4 ACPI
[    0.099009] pci 0000:00:01.3: quirk: [io  0x0700-0x070f] claimed by PIIX4 SMB
[    0.100454] pci 0000:00:02.0: [1234:1111] type 00 class 0x030000
[    0.102338] pci 0000:00:02.0: reg 0x10: [mem 0xfd000000-0xfdffffff pref]
[    0.104682] pci 0000:00:02.0: reg 0x18: [mem 0xfebb0000-0xfebb0fff]
[    0.109026] pci 0000:00:02.0: reg 0x30: [mem 0xfeba0000-0xfebaffff pref]
[    0.110540] pci 0000:00:03.0: [8086:100e] type 00 class 0x020000
[    0.111474] pci 0000:00:03.0: reg 0x10: [mem 0xfeb80000-0xfeb9ffff]
[    0.112435] pci 0000:00:03.0: reg 0x14: [io  0xc000-0xc03f]
[    0.116330] pci 0000:00:03.0: reg 0x30: [mem 0xfeb00000-0xfeb7ffff pref]
[    0.119582] ACPI: PCI Interrupt Link [LNKA] (IRQs 5 *10 11)
[    0.120382] ACPI: PCI Interrupt Link [LNKB] (IRQs 5 *10 11)
[    0.121364] ACPI: PCI Interrupt Link [LNKC] (IRQs 5 10 *11)
[    0.122381] ACPI: PCI Interrupt Link [LNKD] (IRQs 5 10 *11)
[    0.123179] ACPI: PCI Interrupt Link [LNKS] (IRQs *9)
[    0.124837] pci 0000:00:02.0: vgaarb: setting as boot VGA device
[    0.124837] pci 0000:00:02.0: vgaarb: VGA device added: decodes=io+mem,owns=io+mem,locks=none
[    0.125014] pci 0000:00:02.0: vgaarb: bridge control possible
[    0.126004] vgaarb: loaded
[    0.127100] SCSI subsystem initialized
[    0.127608] libata version 3.00 loaded.
[    0.128215] ACPI: bus type USB registered
[    0.128753] usbcore: registered new interface driver usbfs
[    0.129064] usbcore: registered new interface driver hub
[    0.130047] usbcore: registered new device driver usb
[    0.131197] pps_core: LinuxPPS API ver. 1 registered
[    0.131849] pps_core: Software ver. 5.3.6 - Copyright 2005-2007 Rodolfo Giometti <giometti@linux.it>
[    0.132067] PTP clock support registered
[    0.133182] EDAC MC: Ver: 3.0.0
[    0.134417] Advanced Linux Sound Architecture Driver Initialized.
[    0.135035] PCI: Using ACPI for IRQ routing
[    0.135474] PCI: pci_cache_line_size set to 64 bytes
[    0.136073] e820: reserve RAM buffer [mem 0x0009fc00-0x0009ffff]
[    0.137010] e820: reserve RAM buffer [mem 0x7ffe0000-0x7fffffff]
[    0.138266] NetLabel: Initializing
[    0.138762] NetLabel:  domain hash size = 128
[    0.139025] NetLabel:  protocols = UNLABELED CIPSOv4 CALIPSO
[    0.139701] NetLabel:  unlabeled traffic allowed by default
[    0.140102] HPET: 3 timers in total, 0 timers will be used for per-cpu timer
[    0.141050] hpet0: at MMIO 0xfed00000, IRQs 2, 8, 0
[    0.142002] hpet0: 3 comparators, 64-bit 100.000000 MHz counter
[    0.147031] clocksource: Switched to clocksource kvm-clock
[    0.177571] VFS: Disk quotas dquot_6.6.0
[    0.178262] VFS: Dquot-cache hash table entries: 512 (order 0, 4096 bytes)
[    0.179340] pnp: PnP ACPI init
[    0.179915] pnp 00:00: Plug and Play ACPI device, IDs PNP0b00 (active)
[    0.180814] pnp 00:01: Plug and Play ACPI device, IDs PNP0303 (active)
[    0.181914] pnp 00:02: Plug and Play ACPI device, IDs PNP0f13 (active)
[    0.182680] pnp 00:03: [dma 2]
[    0.183108] pnp 00:03: Plug and Play ACPI device, IDs PNP0700 (active)
[    0.184126] pnp 00:04: Plug and Play ACPI device, IDs PNP0400 (active)
[    0.185241] pnp 00:05: Plug and Play ACPI device, IDs PNP0501 (active)
[    0.186989] pnp: PnP ACPI: found 6 devices
[    0.198078] clocksource: acpi_pm: mask: 0xffffff max_cycles: 0xffffff, max_idle_ns: 2085701024 ns
[    0.199416] pci_bus 0000:00: resource 4 [io  0x0000-0x0cf7 window]
[    0.200246] pci_bus 0000:00: resource 5 [io  0x0d00-0xffff window]
[    0.201033] pci_bus 0000:00: resource 6 [mem 0x000a0000-0x000bffff window]
[    0.201732] pci_bus 0000:00: resource 7 [mem 0x80000000-0xfebfffff window]
[    0.202439] pci_bus 0000:00: resource 8 [mem 0x100000000-0x17fffffff window]
[    0.203315] NET: Registered protocol family 2
[    0.204185] TCP established hash table entries: 16384 (order: 5, 131072 bytes)
[    0.205135] TCP bind hash table entries: 16384 (order: 6, 262144 bytes)
[    0.205832] TCP: Hash tables configured (established 16384 bind 16384)
[    0.206563] UDP hash table entries: 1024 (order: 3, 32768 bytes)
[    0.207197] UDP-Lite hash table entries: 1024 (order: 3, 32768 bytes)
[    0.207932] NET: Registered protocol family 1
[    0.208635] RPC: Registered named UNIX socket transport module.
[    0.209278] RPC: Registered udp transport module.
[    0.209762] RPC: Registered tcp transport module.
[    0.210255] RPC: Registered tcp NFSv4.1 backchannel transport module.
[    0.211128] pci 0000:00:00.0: Limiting direct PCI/PCI transfers
[    0.211769] pci 0000:00:01.0: PIIX3: Enabling Passive Release
[    0.212388] pci 0000:00:01.0: Activating ISA DMA hang workarounds
[    0.213087] pci 0000:00:02.0: Video device with shadowed ROM at [mem 0x000c0000-0x000dffff]
[    0.213969] PCI: CLS 0 bytes, default 64
[    0.214997] Scanning for low memory corruption every 60 seconds
[    0.216498] Initialise system trusted keyrings
[    0.217102] workingset: timestamp_bits=56 max_order=19 bucket_order=0
[    0.226444] NFS: Registering the id_resolver key type
[    0.227051] Key type id_resolver registered
[    0.227581] Key type id_legacy registered
[    0.228124] 9p: Installing v9fs 9p2000 file system support
[    0.228994] SELinux:  Registering netfilter hooks
[    0.233789] Key type asymmetric registered
[    0.234239] Asymmetric key parser 'x509' registered
[    0.234837] Block layer SCSI generic (bsg) driver version 0.4 loaded (major 250)
[    0.235761] io scheduler noop registered
[    0.236214] io scheduler deadline registered
[    0.236821] io scheduler cfq registered (default)
[    0.237359] io scheduler mq-deadline registered
[    0.237879] io scheduler kyber registered
[    0.239090] input: Power Button as /devices/LNXSYSTM:00/LNXPWRBN:00/input/input0
[    0.240000] ACPI: Power Button [PWRF]
[    0.241111] Serial: 8250/16550 driver, 4 ports, IRQ sharing enabled
[    0.264448] 00:05: ttyS0 at I/O 0x3f8 (irq = 4, base_baud = 115200) is a 16550A
[    0.266906] Non-volatile memory driver v1.3
[    0.267759] Linux agpgart interface v0.103
[    0.273861] loop: module loaded
[    0.275117] ata_piix 0000:00:01.1: version 2.13
[    0.277143] scsi host0: ata_piix
[    0.278225] scsi host1: ata_piix
[    0.278905] ata1: PATA max MWDMA2 cmd 0x1f0 ctl 0x3f6 bmdma 0xc040 irq 14
[    0.279984] ata2: PATA max MWDMA2 cmd 0x170 ctl 0x376 bmdma 0xc048 irq 15
[    0.281300] e100: Intel(R) PRO/100 Network Driver, 3.5.24-k2-NAPI
[    0.282320] e100: Copyright(c) 1999-2006 Intel Corporation
[    0.283431] e1000: Intel(R) PRO/1000 Network Driver - version 7.3.21-k8-NAPI
[    0.284455] e1000: Copyright (c) 1999-2006 Intel Corporation.
[    0.440509] ata2.01: NODEV after polling detection
[    0.441563] ata1.01: NODEV after polling detection
[    0.442350] ata2.00: ATAPI: QEMU DVD-ROM, 2.5+, max UDMA/100
[    0.443461] ata1.00: ATA-7: QEMU HARDDISK, 2.5+, max UDMA/100
[    0.444172] ata1.00: 4194304 sectors, multi 16: LBA48 
[    0.445274] ata2.00: configured for MWDMA2
[    0.446124] ata1.00: configured for MWDMA2
[    0.446875] scsi 0:0:0:0: Direct-Access     ATA      QEMU HARDDISK    2.5+ PQ: 0 ANSI: 5
[    0.448719] sd 0:0:0:0: Attached scsi generic sg0 type 0
[    0.448745] sd 0:0:0:0: [sda] 4194304 512-byte logical blocks: (2.15 GB/2.00 GiB)
[    0.448756] sd 0:0:0:0: [sda] Write Protect is off
[    0.448757] sd 0:0:0:0: [sda] Mode Sense: 00 3a 00 00
[    0.448775] sd 0:0:0:0: [sda] Write cache: enabled, read cache: enabled, doesn't support DPO or FUA
[    0.453817] scsi 1:0:0:0: CD-ROM            QEMU     QEMU DVD-ROM     2.5+ PQ: 0 ANSI: 5
[    0.454882] sd 0:0:0:0: [sda] Attached SCSI disk
[    0.468474] sr 1:0:0:0: [sr0] scsi3-mmc drive: 4x/4x cd/rw xa/form2 tray
[    0.469212] cdrom: Uniform CD-ROM driver Revision: 3.20
[    0.469994] sr 1:0:0:0: Attached scsi CD-ROM sr0
[    0.470702] sr 1:0:0:0: Attached scsi generic sg1 type 5
[    0.537471] ACPI: PCI Interrupt Link [LNKC] enabled at IRQ 11
[    0.848616] e1000 0000:00:03.0 eth0: (PCI:33MHz:32-bit) 52:54:00:12:34:56
[    0.849665] e1000 0000:00:03.0 eth0: Intel(R) PRO/1000 Network Connection
[    0.850632] e1000e: Intel(R) PRO/1000 Network Driver - 3.2.6-k
[    0.851410] e1000e: Copyright(c) 1999 - 2015 Intel Corporation.
[    0.852254] sky2: driver version 1.30
[    0.853047] ehci_hcd: USB 2.0 'Enhanced' Host Controller (EHCI) Driver
[    0.853890] ehci-pci: EHCI PCI platform driver
[    0.854497] ohci_hcd: USB 1.1 'Open' Host Controller (OHCI) Driver
[    0.855347] ohci-pci: OHCI PCI platform driver
[    0.855926] uhci_hcd: USB Universal Host Controller Interface driver
[    0.856892] usbcore: registered new interface driver usblp
[    0.857646] usbcore: registered new interface driver usb-storage
[    0.858523] i8042: PNP: PS/2 Controller [PNP0303:KBD,PNP0f13:MOU] at 0x60,0x64 irq 1,12
[    0.860365] serio: i8042 KBD port at 0x60,0x64 irq 1
[    0.861036] serio: i8042 AUX port at 0x60,0x64 irq 12
[    0.862149] rtc_cmos 00:00: RTC can wake from S4
[    0.862998] input: AT Translated Set 2 keyboard as /devices/platform/i8042/serio0/input/input1
[    0.865805] rtc_cmos 00:00: rtc core: registered rtc_cmos as rtc0
[    0.866734] rtc_cmos 00:00: alarms up to one day, y3k, 114 bytes nvram, hpet irqs
[    0.868321] device-mapper: ioctl: 4.37.0-ioctl (2017-09-20) initialised: dm-devel@redhat.com
[    0.869505] hidraw: raw HID events driver (C) Jiri Kosina
[    0.870529] usbcore: registered new interface driver usbhid
[    0.871146] usbhid: USB HID core driver
[    0.871973] Netfilter messages via NETLINK v0.30.
[    0.872637] nf_conntrack version 0.5.0 (16384 buckets, 65536 max)
[    0.873465] ctnetlink v0.93: registering with nfnetlink.
[    0.874159] ip_tables: (C) 2000-2006 Netfilter Core Team
[    0.875095] Initializing XFRM netlink socket
[    0.876172] NET: Registered protocol family 10
[    0.877363] Segment Routing with IPv6
[    0.877878] ip6_tables: (C) 2000-2006 Netfilter Core Team
[    0.878819] sit: IPv6, IPv4 and MPLS over IPv4 tunneling driver
[    0.879833] NET: Registered protocol family 17
[    0.880547] 9pnet: Installing 9P2000 support
[    0.881040] Key type dns_resolver registered
[    0.881802] sched_clock: Marking stable (881746990, 0)->(1152382442, -270635452)
[    0.883361] registered taskstats version 1
[    0.883860] Loading compiled-in X.509 certificates
[    0.884964] Loaded X.509 cert 'WatchDog: ELF verification: 7e0e1ac946e5350460497ba611a475534c9c3ec4'
[    0.886450]   Magic number: 4:300:683
[    0.886933] console [netcon0] enabled
[    0.887508] netconsole: network logging started
[    0.888372] cfg80211: Loading compiled-in X.509 certificates for regulatory database
[    0.889466] cfg80211: Loaded X.509 cert 'sforshee: 00b28ddf47aef9cea7'
[    0.890251] platform regulatory.0: Direct firmware load for regulatory.db failed with error -2
[    0.891211] cfg80211: failed to load regulatory.db
[    0.891750] ALSA device list:
[    0.892107]   No soundcards found.
[    1.248278] tsc: Refined TSC clocksource calibration: 2796.465 MHz
[    1.251474] clocksource: tsc: mask: 0xffffffffffffffff max_cycles: 0x284f3548f20, max_idle_ns: 440795212538 ns
[    1.491472] input: ImExPS/2 Generic Explorer Mouse as /devices/platform/i8042/serio1/input/input3
[    1.493965] md: Waiting for all devices to be available before autodetect
[    1.494859] md: If you don't use raid, use raid=noautodetect
[    1.495954] md: Autodetecting RAID arrays.
[    1.496505] md: autorun ...
[    1.496865] md: ... autorun DONE.
[    1.497658] EXT4-fs (sda): couldn't mount as ext3 due to feature incompatibilities
[    1.498974] EXT4-fs (sda): couldn't mount as ext2 due to feature incompatibilities
[    1.504303] EXT4-fs (sda): mounted filesystem with ordered data mode. Opts: (null)
[    1.505326] VFS: Mounted root (ext4 filesystem) readonly on device 8:0.
[    1.507084] devtmpfs: mounted
[    1.508473] Freeing unused kernel memory: 1276K
[    1.508955] Write protecting the kernel read-only data: 18432k
[    1.510410] Freeing unused kernel memory: 2008K
[    1.512206] Freeing unused kernel memory: 1136K
[    1.521020] @@@/sbin/init@@@8236419
[    1.580840] SELinux: 32768 avtab hash slots, 100670 rules.
[    1.696477] SELinux: 32768 avtab hash slots, 100670 rules.
[    1.760604] SELinux:  6 users, 14 roles, 4223 types, 238 bools, 1 sens, 1024 cats
[    1.761667] SELinux:  95 classes, 100670 rules
[    1.782148] SELinux:  Permission getrlimit in class process not defined in policy.
[    1.783209] SELinux:  Class process2 not defined in policy.
[    1.783932] SELinux:  Permission map in class file not defined in policy.
[    1.784803] SELinux:  Permission map in class dir not defined in policy.
[    1.785662] SELinux:  Permission map in class lnk_file not defined in policy.
[    1.786493] SELinux:  Permission map in class chr_file not defined in policy.
[    1.787282] SELinux:  Permission map in class blk_file not defined in policy.
[    1.788153] SELinux:  Permission map in class sock_file not defined in policy.
[    1.788900] SELinux:  Permission map in class fifo_file not defined in policy.
[    1.789925] SELinux:  Permission map in class socket not defined in policy.
[    1.791069] SELinux:  Permission map in class tcp_socket not defined in policy.
[    1.792248] SELinux:  Permission map in class udp_socket not defined in policy.
[    1.793416] SELinux:  Permission map in class rawip_socket not defined in policy.
[    1.794622] SELinux:  Permission map in class netlink_socket not defined in policy.
[    1.795844] SELinux:  Permission map in class packet_socket not defined in policy.
[    1.797043] SELinux:  Permission map in class key_socket not defined in policy.
[    1.798199] SELinux:  Permission map in class unix_stream_socket not defined in policy.
[    1.799465] SELinux:  Permission map in class unix_dgram_socket not defined in policy.
[    1.800751] SELinux:  Permission map in class netlink_route_socket not defined in policy.
[    1.802066] SELinux:  Permission map in class netlink_tcpdiag_socket not defined in policy.
[    1.803362] SELinux:  Permission map in class netlink_nflog_socket not defined in policy.
[    1.804613] SELinux:  Permission map in class netlink_xfrm_socket not defined in policy.
[    1.805888] SELinux:  Permission map in class netlink_selinux_socket not defined in policy.
[    1.807200] SELinux:  Permission map in class netlink_iscsi_socket not defined in policy.
[    1.808450] SELinux:  Permission map in class netlink_audit_socket not defined in policy.
[    1.809737] SELinux:  Permission map in class netlink_fib_lookup_socket not defined in policy.
[    1.811126] SELinux:  Permission map in class netlink_connector_socket not defined in policy.
[    1.812430] SELinux:  Permission map in class netlink_netfilter_socket not defined in policy.
[    1.814052] SELinux:  Permission map in class netlink_dnrt_socket not defined in policy.
[    1.815243] SELinux:  Permission map in class netlink_kobject_uevent_socket not defined in policy.
[    1.816411] SELinux:  Permission map in class netlink_generic_socket not defined in policy.
[    1.817510] SELinux:  Permission map in class netlink_scsitransport_socket not defined in policy.
[    1.818622] SELinux:  Permission map in class netlink_rdma_socket not defined in policy.
[    1.819663] SELinux:  Permission map in class netlink_crypto_socket not defined in policy.
[    1.820726] SELinux:  Permission map in class appletalk_socket not defined in policy.
[    1.821734] SELinux:  Permission map in class dccp_socket not defined in policy.
[    1.822699] SELinux:  Permission map in class tun_socket not defined in policy.
[    1.823637] SELinux:  Class sctp_socket not defined in policy.
[    1.824419] SELinux:  Class icmp_socket not defined in policy.
[    1.825194] SELinux:  Class ax25_socket not defined in policy.
[    1.825876] SELinux:  Class ipx_socket not defined in policy.
[    1.826475] SELinux:  Class netrom_socket not defined in policy.
[    1.827096] SELinux:  Class atmpvc_socket not defined in policy.
[    1.827754] SELinux:  Class x25_socket not defined in policy.
[    1.828472] SELinux:  Class rose_socket not defined in policy.
[    1.829212] SELinux:  Class decnet_socket not defined in policy.
[    1.829978] SELinux:  Class atmsvc_socket not defined in policy.
[    1.830728] SELinux:  Class rds_socket not defined in policy.
[    1.831446] SELinux:  Class irda_socket not defined in policy.
[    1.832187] SELinux:  Class pppox_socket not defined in policy.
[    1.832941] SELinux:  Class llc_socket not defined in policy.
[    1.833650] SELinux:  Class can_socket not defined in policy.
[    1.834375] SELinux:  Class tipc_socket not defined in policy.
[    1.835256] SELinux:  Class bluetooth_socket not defined in policy.
[    1.836025] SELinux:  Class iucv_socket not defined in policy.
[    1.836768] SELinux:  Class rxrpc_socket not defined in policy.
[    1.837511] SELinux:  Class isdn_socket not defined in policy.
[    1.838360] SELinux:  Class phonet_socket not defined in policy.
[    1.839098] SELinux:  Class ieee802154_socket not defined in policy.
[    1.839964] SELinux:  Class caif_socket not defined in policy.
[    1.840571] SELinux:  Class alg_socket not defined in policy.
[    1.841213] SELinux:  Class nfc_socket not defined in policy.
[    1.841806] SELinux:  Class vsock_socket not defined in policy.
[    1.842459] SELinux:  Class kcm_socket not defined in policy.
[    1.843058] SELinux:  Class qipcrtr_socket not defined in policy.
[    1.843722] SELinux:  Class smc_socket not defined in policy.
[    1.844321] SELinux:  Class infiniband_pkey not defined in policy.
[    1.844960] SELinux:  Class infiniband_endport not defined in policy.
[    1.845699] SELinux:  Class bpf not defined in policy.
[    1.846265] SELinux: the above unknown classes and permissions will be allowed
[    1.847060] SELinux:  policy capability network_peer_controls=1
[    1.847757] SELinux:  policy capability open_perms=1
[    1.848346] SELinux:  policy capability extended_socket_class=0
[    1.849060] SELinux:  policy capability always_check_network=0
[    1.849769] SELinux:  policy capability cgroup_seclabel=0
[    1.850376] SELinux:  policy capability nnp_nosuid_transition=0
[    1.850979] SELinux:  Completing initialization.
[    1.851474] SELinux:  Setting up existing superblocks.
[    1.869084] audit: type=1403 audit(1589287292.502:2): policy loaded auid=4294967295 ses=4294967295
[    1.871612] systemd[1]: Successfully loaded SELinux policy in 320.747ms.
[    1.879450] audit: type=1400 audit(1589287292.512:3): avc:  denied  { associate } for  pid=1 comm="systemd" name="pts" scontext=system_u:object_r:devpts_t:s0 tcontext=system_u:object_r:device_t:s0 tclass=filesystem permissive=1
[    1.887223] systemd[1]: Relabelled /dev and /run in 5.500ms.
[    1.892801] systemd[1]: Mounting cgroup to /sys/fs/cgroup/cpu,cpuacct of type cgroup with options cpu,cpuacct.
[    1.894754] systemd[1]: Mounting cgroup to /sys/fs/cgroup/cpuset of type cgroup with options cpuset.
[    1.896839] systemd[1]: Mounting cgroup to /sys/fs/cgroup/freezer of type cgroup with options freezer.
[    1.898376] systemd[1]: systemd 232 running in system mode. (+PAM +AUDIT +SELINUX +IMA +APPARMOR +SMACK +SYSVINIT +UTMP +LIBCRYPTSETUP +GCRYPT +GNUTLS +ACL +XZ +LZ4 +SECCOMP +BLKID +ELFUTILS +KMOD +IDN)
[    1.901113] systemd[1]: Virtualization QEMU found in DMI (/sys/class/dmi/id/sys_vendor)
[    1.902384] systemd[1]: Found VM virtualization qemu
[    1.903143] systemd[1]: Detected virtualization qemu.
[    1.903865] systemd[1]: Detected architecture x86-64.

Welcome to [1mDebian GNU/Linux 9 (stretch)[0m!

[    1.905909] systemd[1]: Set hostname to <syzkaller>.
[    1.908417] systemd[1]: Using cgroup controller name=systemd. File system hierarchy is at /sys/fs/cgroup/systemd.
[    1.922615] @@@/lib/systemd/system-generators/systemd-system-update-generator@@@8883086
[    1.925188] @@@/lib/systemd/system-generators/systemd-hibernate-resume-generator@@@10961660
[    1.928746] @@@/lib/systemd/system-generators/selinux-autorelabel-generator.sh@@@12162083
[    1.931238] @@@/lib/systemd/system-generators/systemd-rc-local-generator@@@13902935
[    1.939911] @@@/lib/systemd/system-generators/systemd-getty-generator@@@23806803
[    1.940268] @@@/lib/systemd/system-generators/systemd-debug-generator@@@24633738
[    1.940418] @@@/lib/systemd/system-generators/systemd-gpt-auto-generator@@@25756838
[    1.942891] systemd-gpt-auto-generator[1123]: /dev/sda: parent isn't a raw disk, ignoring.
[    1.945195] @@@/lib/systemd/system-generators/systemd-fstab-generator@@@27254196
[    1.946803] systemd-getty-generator[1126]: Automatically adding serial getty for /dev/ttyS0.
[    1.947809] systemd-fstab-generator[1129]: Parsing /etc/fstab
[    1.948131] systemd-fstab-generator[1129]: Found entry what=/dev/root where=/ type=ext4 nofail=no noauto=no
[    1.948365] systemd-fstab-generator[1129]: Found entry what=debugfs where=/sys/kernel/debug type=debugfs nofail=no noauto=no
[    1.948686] systemd-fstab-generator[1129]: Found entry what=securityfs where=/sys/kernel/security type=securityfs nofail=no noauto=no
[    1.948695] systemd-fstab-generator[1129]: Found entry what=configfs where=/sys/kernel/config type=configfs nofail=no noauto=no
[    1.948763] systemd-fstab-generator[1129]: Found entry what=binfmt_misc where=/proc/sys/fs/binfmt_misc type=binfmt_misc nofail=no noauto=no
[    1.957477] @@@/usr/sbin/selinuxenabled@@@25915102
[    1.958762] selinuxenabled (1131) used greatest stack depth: 13880 bytes left
[    1.960729] @@@/lib/systemd/system-generators/systemd-cryptsetup-generator@@@42173389
[    1.961266] systemd-fstab-g (1129) used greatest stack depth: 13512 bytes left
[    1.971147] @@@/lib/systemd/system-generators/systemd-sysv-generator@@@55943182
[    1.974420] systemd-sysv-generator[1124]: Native unit for networking.service already exists, skipping.
[    1.975630] systemd-sysv-generator[1124]: Native unit for selinux-autorelabel.service already exists, skipping.
[    1.976725] systemd-sysv-generator[1124]: Native unit for ssh.service already exists, skipping.
[    1.977700] systemd-sysv-generator[1124]: Native unit for hwclock.service already exists, skipping.
[    1.978695] systemd-sysv-generator[1124]: Native unit for rsyslog.service already exists, skipping.
[    1.979780] systemd-sysv-generator[1124]: Native unit for procps.service already exists, skipping.
[    1.980795] systemd-sysv-generator[1124]: Native unit for udev.service already exists, skipping.
[    1.981757] systemd-sysv-generator[1124]: Native unit for cron.service already exists, skipping.
[    1.982761] systemd-sysv-generator[1124]: Native unit for kmod.service already exists, skipping.
[    1.983991] systemd-sysv-generator[1124]: Native unit for sudo.service already exists, skipping.
[    1.985155] @@@/bin/grep@@@22248852
[    1.986687] systemd-sysv-ge: 12 output lines suppressed due to ratelimiting
[    1.987624] systemd-sysv-ge (1124) used greatest stack depth: 13400 bytes left
[[0;32m  OK  [0m] Reached target Swap.
[    2.030979] audit: type=1400 audit(1589287292.663:4): avc:  denied  { audit_read } for  pid=1 comm="systemd" capability=37  scontext=system_u:system_r:kernel_t:s0 tcontext=system_u:system_r:kernel_t:s0 tclass=capability2 permissive=1
[[0;32m  OK  [0m] Listening on Journal Audit Socket.
[[0;32m  OK  [0m] Listening on Syslog Socket.
[[0;32m  OK  [0m] Listening on Journal Socket.
[[0;32m  OK  [0m] Reached target Remote File Systems.
[[0;32m  OK  [0m] Set up automount Arbitrary Executabâ€¦rmats File System Automount Point.
[[0;32m  OK  [0m] Started Dispatch Password Requests to Console Directory Watch.
[[0;32m  OK  [0m] Listening on udev Control Socket.
[[0;32m  OK  [0m] Created slice System Slice.
         Mounting POSIX Message Queue File System...
         Mounting /sys/kernel/config...
[[0;32m  OK  [0m] Created slice system-getty.slice.
[[0;32m  OK  [0m] Reached target Slices.
[    2.047855] @@@/bin/mount@@@2969656
         Mounting /proc/sys/fs/binfmt_misc...
         Starting Remount Root and Kernel File Systems...
         Mounting /sys/kernel/debug...
[[0;32m  OK  [[    2.052375] @@@/bin/mount@@@2089423
0m] Listening on Journal Socket (/dev/log).
[    2.053491] @@@/bin/mount@@@1572947
         Starting Journal Service...
[    2.056174] @@@/bin/mount@@@478038
         Starting Load Kernel Modules...
[[0;32m  OK  [0m] Listening on udev Kernel Socket.
         Starting Create Static Device Nodes in /dev...
[[0;32m  OK  [0m] Created slice system-serial\x2dgetty.slice.
[[0;32m  OK  [0m] Listening on /dev/initctl Compatibility Named Pipe.
[[0;32m  OK  [0m] Reached target Sockets.
[[0;32m  OK  [0m] Started Forward Password Requests to Wall Directory Watch.
[[0;32m  OK  [0m] Reached target Encrypted Volumes.
[[0;32m  OK  [0m] Reached target Paths.
[[0;32m  OK  [0m] Mounted POSIX Message Queue File System.
[[0;32m  OK  [0m] Mounted /sys/kernel/debug.
[[0;32m  OK  [0m] Mounted /sys/kernel/config.
[[0;32m  OK  [0m] Mounted /proc/sys/fs/binfmt_misc.
[    2.071689] @@@/lib/systemd/systemd-cgroups-agent@@@15662266
[    2.072416] @@@/lib/systemd/systemd-cgroups-agent@@@9426013
[    2.074071] @@@/lib/systemd/systemd-cgroups-agent@@@11085348
[    2.076176] @@@/lib/systemd/systemd-cgroups-agent@@@10842838
[    2.078294] @@@/lib/systemd/systemd-journald@@@11979739
[    2.082899] systemd-journald[1139]: Fixed min_use=1.0M max_use=99.7M max_size=12.4M min_size=512.0K keep_free=149.5M n_max_files=100
[    2.085179] systemd-journald[1139]: Reserving 22691 entries in hash table.
[    2.086578] systemd-journald[1139]: Vacuuming...
[    2.087154] systemd-journald[1139]: Vacuuming done, freed 0B of archived journals from /run/log/journal/97dd69841d644bf7aec332db2f5868bf.
[    2.088906] systemd-journald[1139]: Flushing /dev/kmsg...
[    2.090635] @@@/lib/systemd/systemd-remount-fs@@@31128593
[    2.090641] @@@/lib/systemd/systemd-modules-load@@@27717279
[    2.095218] @@@/bin/systemd-tmpfiles@@@29973953
[[0;32m  OK  [[    2.095931] @@@/bin/mount@@@433124
0m] Started Load Kernel Modules.
         Starting Apply Kernel Variables...
[    2.100543] @@@/bin/mount@@@286691
[    2.101717] @@@/lib/systemd/systemd-cgroups-agent@@@6335525
[    2.111289] EXT4-fs (sda): re-mounted. Opts: (null)
[    2.114260] @@@/lib/systemd/systemd-sysctl@@@11962980
[[0;32m  OK  [0m] Started Remount Root and Kernel File Systems.
         Startin[    2.120693] @@@/lib/systemd/systemd-cgroups-agent@@@127586
g udev Coldplug all Devices...
         Starting Load/Save Random Seed...
[[0;32m  OK  [0m] Started Apply Kernel Variables.
[[0;32m  OK  [0m] Started Create Static Device Nodes in /dev.
         Starting udev Kernel Device Manager...
[[0;32m  OK  [0m] Reached target Local File Systems (Pre).
[[0;32m  OK  [0m] Reached target Local File Systems.
[    2.129917] @@@/lib/systemd/systemd-cgroups-agent@@@169891
[    2.130832] @@@/lib/systemd/systemd-cgroups-agent@@@81015
         Starting Raise network interfaces...
[    2.134668] @@@/bin/sh@@@341807
[    2.137136] @@@/sbin/ifquery@@@1091488
[    2.139601] @@@/bin/udevadm@@@6001769
[    2.140631] @@@/lib/systemd/systemd-random-seed@@@7750980
[    2.144508] @@@/sbin/udevadm@@@1040484
[[0;32m  OK  [0m] Started Load/Save Random Seed.
[    2.154072] @@@/lib/systemd/systemd-cgroups-agent@@@5687510
[    2.155130] @@@/lib/systemd/systemd-udevd@@@12564082
[[0;32m  OK  [0m] Started udev Kernel Device Manager.
[[0;32m  OK  [0m] Started Journal Service.
         Starting Flush Journal to Persistent Storage...
[    2.199471] @@@/bin/journalctl@@@1939591
[    2.201565] @@@/bin/udevadm@@@427962
[    2.202657] @@@/lib/systemd/systemd-cgroups-agent@@@69398
[    2.214914] audit: type=1107 audit(1589287292.847:5): pid=1 uid=0 auid=4294967295 ses=4294967295 subj=system_u:system_r:kernel_t:s0 msg='avc:  denied  { stop } for auid=n/a uid=0 gid=0 path="/lib/systemd/system/systemd-journald.service" cmdline="/bin/journalctl --flush" scontext=system_u:system_r:kernel_t:s0 tcontext=system_u:object_r:unlabeled_t:s0 tclass=service
[    2.214914]  exe="/lib/systemd/systemd" sauid=0 hostname=? addr=? terminal=?'
[    2.227444] @@@/lib/systemd/systemd-cgroups-agent@@@102946
[[0;32m  OK  [0m] Started Flush Journal to Persistent Storage.
         Starting Create Volatile Files and Directories...
[    2.250426] @@@/bin/systemd-tmpfiles@@@428363
[    2.294083] @@@/lib/systemd/systemd-cgroups-agent@@@122423
[[0;32m  OK  [0m] Started udev Coldplug all Devices.
[    2.609190] @@@/lib/systemd/systemd-cgroups-agent@@@97216
[[0;32m  OK  [0m] Started Create Volatile Files and Directories.
         Starting Update UTMP about System Boot/Shutdown...
[    2.631755] @@@/lib/systemd/systemd-update-utmp@@@753487
         Starting Network Time Synchronization...
[    2.657291] @@@/lib/systemd/systemd-cgroups-agent@@@82417
[[0;32m  OK  [0m] Started Update UTMP about System Boot/Shutdown.
[    2.683238] @@@/lib/systemd/systemd-timesyncd@@@982699
[[0;32m  OK  [0m] Started Network Time Synchronization.
[[0;32m  OK  [0m] Reached target System Time Synchronized.
[[0;32m  OK  [0m] Reached target System Initialization.
[[0;32m  OK  [0m] Started Daily apt download activities.
[[0;32m  OK  [0m] Reached target Basic System.
         Starting System Logging Service...
[    2.749158] @@@/usr/sbin/rsyslogd@@@1219372
         Starting getty on tty2-tty6 if dbus and logind are not available...
[    2.760712] @@@/bin/systemctl@@@1184218
[[0;32m  OK  [0m] Started Daily Cleanup of Temporary Directories.
[[0;32m  OK  [0m] Started Daily apt upgrade and clean activities.
[[0;32m  OK  [0m] Reached target Timers.
[[0;32m  OK  [0m] Started Regular background program processing daemon.
[    2.793414] @@@/usr/sbin/cron@@@7676509
[[0;32m  OK  [0m] Started System Logging Service.
[    2.830106] audit: type=1107 audit(1589287293.462:6): pid=1 uid=0 auid=4294967295 ses=4294967295 subj=system_u:system_r:kernel_t:s0 msg='avc:  denied  { start } for auid=n/a uid=0 gid=0 path="/lib/systemd/system/getty@.service" cmdline="/bin/systemctl --no-block start getty@tty2.service getty@tty3.service getty@tty4.service getty@tty5.service getty@tty6.service" scontext=system_u:system_r:kernel_t:s0 tcontext=system_u:object_r:unlabeled_t:s0 tclass=service
[    2.830106]  exe="/lib/systemd/systemd" sauid=0 hostname=? addr=? terminal=?'
[    2.852393] audit: type=1107 audit(1589287293.485:7): pid=1 uid=0 auid=4294967295 ses=4294967295 subj=system_u:system_r:kernel_t:s0 msg='avc:  denied  { status } for auid=n/a uid=0 gid=0 path="/lib/systemd/system/getty@.service" cmdline="/bin/systemctl --no-block start getty@tty2.service getty@tty3.service getty@tty4.service getty@tty5.service getty@tty6.service" scontext=system_u:system_r:kernel_t:s0 tcontext=system_u:object_r:unlabeled_t:s0 tclass=service
[    2.852393]  exe="/lib/systemd/systemd" sauid=0 hostname=? addr=? terminal=?'
[    2.972960] @@@/lib/systemd/systemd-cgroups-agent@@@132865
[[0;32m  OK  [0m] Started getty on tty2-tty6 if dbus and logind are not available.
[    3.036584] random: crng init done
[    3.077887] @@@/lib/udev/ata_id@@@1010783
[    3.142587] @@@/lib/udev/cdrom_id@@@969167
[    3.170560] e1000 0000:00:03.0 enp0s3: renamed from eth0
[    3.183936] @@@/lib/udev/ifupdown-hotplug@@@918884
[    3.186034] @@@/sbin/ifquery@@@158555
[    3.188281] @@@/bin/grep@@@209234
[    3.196648] @@@/lib/systemd/systemd-sysctl@@@1762992
[    3.201438] @@@/lib/udev/ata_id@@@803409
[    3.264885] @@@/bin/sh@@@460540
[    3.267339] @@@/lib/udev/hwclock-set@@@751392
[    3.269898] @@@/bin/ln@@@846370
[    3.273542] @@@/bin/readlink@@@798377
[[0;32m  OK  [0m] Found device /dev/ttyS0.
[    3.530872] @@@/lib/udev/ifupdown-hotplug@@@425451
[[0;32m  OK  [0m] Listening on Load/Save RF Kill Switch Status /dev/rfkill Watch.
[    3.542229] @@@/lib/udev/ifupdown-hotplug@@@464730
[    3.544873] @@@/bin/grep@@@140525
[    3.547288] @@@/sbin/ifquery@@@198804
[    3.553248] @@@/lib/systemd/systemd-sysctl@@@493489
[    3.658878] @@@/lib/systemd/systemd-cgroups-agent@@@98867
[    3.663987] @@@/lib/systemd/systemd-cgroups-agent@@@112120
[    3.669037] @@@/sbin/ifup@@@451340
[    3.672233] @@@/bin/sh@@@183985
[    3.675026] @@@/bin/run-parts@@@954353
[    3.677198] @@@/bin/sh@@@151790
[    3.680736] @@@/bin/ip@@@668902
[    3.682852] @@@/bin/sh@@@146575
[    3.683960] @@@/bin/sh@@@145126
[    3.686231] @@@/bin/run-parts@@@177268
[    3.687523] @@@/bin/sh@@@169123
[    3.689200] @@@/bin/run-parts@@@148658
[    3.699076] @@@/etc/network/if-up.d/openssh-server@@@8021351
[    3.701529] @@@/etc/network/if-up.d/upstart@@@481098
[    3.705304] @@@/bin/run-parts@@@173653
[    3.708324] @@@/bin/systemctl@@@158009
[    3.714287] @@@/bin/readlink@@@157513
[    3.716313] @@@/bin/sh@@@132031
[    3.717690] @@@/bin/sh@@@153400
[    3.720178] @@@/bin/run-parts@@@126330
[    3.721363] @@@/bin/sh@@@147633
[    3.722400] @@@/bin/sh@@@113382
[    3.724863] @@@/sbin/dhclient@@@790932
[    3.742658] @@@/sbin/dhclient-script@@@595408
[    3.745239] @@@/bin/run-parts@@@164212
[    3.748238] @@@/sbin/ip@@@172407
[    3.762602] @@@/sbin/modprobe@@@11571311
[    3.764365] @@@/sbin/modprobe@@@128891
[    3.765734] @@@/sbin/modprobe@@@106959
[    3.766834] @@@/sbin/modprobe@@@68569
[    3.768362] @@@/bin/run-parts@@@116465
[    3.770785] @@@/sbin/modprobe@@@70383
[    3.771920] @@@/sbin/modprobe@@@66802
[    3.777520] dhclient (1730) used greatest stack depth: 13208 bytes left
[    3.779378] @@@/bin/sh@@@162878
[    3.781204] @@@/bin/run-parts@@@117758
[    3.783228] @@@/etc/network/if-up.d/openssh-server@@@175800
[    3.786209] @@@/etc/network/if-up.d/upstart@@@161817
[    3.789286] @@@/bin/run-parts@@@152866
[    3.791269] @@@/bin/systemctl@@@153852
[    3.799274] @@@/bin/readlink@@@142157
[    3.800809] @@@/lib/systemd/systemd-cgroups-agent@@@88101
[[0;1;31mFAILED[0m] Failed to start Raise network interfaces.
See 'systemctl status networking.service' for details.
[[0;32m  OK  [0m] Reached target Network.
         Starting OpenBSD Secure Shell server...
         Starting Permit User Sessions...
[    3.813473] @@@/usr/sbin/sshd@@@6186447
[    3.816878] @@@/lib/systemd/systemd-user-sessions@@@8558436
[    3.831743] @@@/lib/systemd/systemd-cgroups-agent@@@343725
[[0;32m  OK  [0m] Started Permit User Sessions.
[[0;32m  OK  [0m] Started Getty on tty2.
[[0;32m  OK  [0m] Started Getty on tty5.
[[0;32m  OK  [0m] Started Serial Getty on ttyS0.
[[0;32m  OK  [0m] Started Getty on tty3.
[[0;32m  OK  [0m] Started Getty on tty1.
[    3.843724] @@@/lib/systemd/systemd-cgroups-agent@@@78212
[[0;32m  OK  [0m] Started Getty on tty6.
[[0;32m  OK  [0m] Started Getty on tty4.
[[0;32m  OK  [0m] Reached target Login Prompts.
[    3.849288] @@@/lib/systemd/systemd-cgroups-agent@@@77166
[    3.853101] @@@/usr/sbin/sshd@@@424426
[[0;32m  OK  [0m] Started OpenBSD Secure Shell server.
[[0;32m  OK  [0m] Reached target Multi-User System.
[[0;32m  OK  [0m] Reached target Graphical Interface.
         Starting Update UTMP about System Runlevel Changes...
[    3.864716] @@@/lib/systemd/systemd-update-utmp@@@392633
[    3.869507] @@@/lib/systemd/systemd-cgroups-agent@@@90703
[[0;32m  OK  [0m] Started Update UTMP about System Runlevel Changes.
[    3.879973] @@@/sbin/agetty@@@2381810
[    3.892481] @@@/sbin/agetty@@@401465
[    3.893139] @@@/sbin/agetty@@@362020
[    3.895940] @@@/sbin/agetty@@@395532
[    3.895990] @@@/sbin/agetty@@@387138
[    3.900482] @@@/sbin/agetty@@@381498
[    3.911362] @@@/sbin/agetty@@@443361

Debian GNU/Linux 9 syzkaller ttyS0

syzkaller login: root
[    6.095215] @@@/bin/login@@@2772913
Unable to get valid context for root
Last login: Tue May 12 12:38:35 UTC 2020 on ttyS0
[    6.141851] @@@/bin/sh@@@362849
[    6.149908] @@@/usr/bin/env@@@7127792
[    6.150781] @@@/bin/run-parts@@@120409
[    6.160449] @@@/etc/update-motd.d/10-uname@@@8260047
[    6.168932] @@@/bin/uname@@@7227380
Linux syzkaller 4.15.0+ #10 SMP Tue May 12 20:40:55 CST 2020 x86_64

The programs included with the Debian GNU/Linux system are free software;
the exact distribution terms for each program are described in the
individual files in /usr/share/doc/*/copyright.

Debian GNU/Linux comes with ABSOLUTELY NO WARRANTY, to the extent
permitted by applicable law.
[    6.182057] @@@/bin/bash@@@7798074
[    6.188568] @@@/usr/bin/id@@@734231
[    6.200165] @@@/usr/bin/mesg@@@8314161
root@syzkaller:~# 
root@syzkaller:~# 
root@syzkaller:~# ls
[    7.259782] @@@/bin/ls@@@3207737
a.sh  linux-elf-binary-signer
root@syzkaller:~# cd linux-elf-binary-signer/
root@syzkaller:~/linux-elf-binary-signer# ls
[    8.610938] @@@/bin/ls@@@792058
LICENSE    certs	 elf-sign.signed  prev_test	sign-target.old
Makefile   elf-sign	 elf_sign.c	  prev_test.sh	sign_target.c
README.md  elf-sign.old  parse.c	  sign-target
root@syzkaller:~/linux-elf-binary-signer# 
root@syzkaller:~/linux-elf-binary-signer# 
root@syzkaller:~/linux-elf-binary-signer# 
root@syzkaller:~/linux-elf-binary-signer# 
root@syzkaller:~/linux-elf-binary-signer# 
root@syzkaller:~/linux-elf-binary-signer# 
root@syzkaller:~/linux-elf-binary-signer# rm -r prev_test
[   12.996766] @@@/bin/rm@@@3019142
root@syzkaller:~/linux-elf-binary-signer# 
root@syzkaller:~/linux-elf-binary-signer# 
root@syzkaller:~/linux-elf-binary-signer# ls
[   14.600986] @@@/bin/ls@@@794469
LICENSE    certs	 elf-sign.signed  prev_test.sh	   sign_target.c
Makefile   elf-sign	 elf_sign.c	  sign-target
README.md  elf-sign.old  parse.c	  sign-target.old
root@syzkaller:~/linux-elf-binary-signer# 
root@syzkaller:~/linux-elf-binary-signer# 
root@syzkaller:~/linux-elf-binary-signer# 
root@syzkaller:~/linux-elf-binary-signer# 
root@syzkaller:~/linux-elf-binary-signer# 
root@syzkaller:~/linux-elf-binary-signer# 
root@syzkaller:~/linux-elf-binary-signer# 
root@syzkaller:~/linux-elf-binary-signer# 
root@syzkaller:~/linux-elf-binary-signer# ./prev_test.sh 
[   19.393177] @@@./prev_test.sh@@@1969223
[   19.401205] @@@/bin/mkdir@@@2583313

[   19.404087] @@@/bin/cp@@@717267
[   19.407408] Verifying pass ...
[   19.407917] @@@../elf-sign.signed@@@1539113
[   19.421023] @@@/bin/cp@@@286870
[   19.424038] @@@/usr/bin/objcopy@@@799230
*** Executing signed version of cp for 1000 times.
[   19.431477] Verifying pass ...
[   19.431953] @@@./cp@@@1248036
[   19.434035] Verifying pass ...
[   19.434554] @@@./cp@@@1198995
[   19.436638] Verifying pass ...
[   19.437160] @@@./cp@@@1178313
[   19.439195] Verifying pass ...
[   19.439675] @@@./cp@@@1147129
[   19.441705] Verifying pass ...
[   19.442225] @@@./cp@@@1161555
[   19.444455] Verifying pass ...
[   19.444960] @@@./cp@@@1229549
[   19.447080] Verifying pass ...
[   19.447644] @@@./cp@@@1253509
[   19.449836] Verifying pass ...
[   19.450418] @@@./cp@@@1270666
[   19.452493] Verifying pass ...
[   19.453064] @@@./cp@@@1262730
[   19.455139] Verifying pass ...
[   19.455625] @@@./cp@@@1200535
[   19.457578] Verifying pass ...
[   19.458072] @@@./cp@@@1170709
[   19.460079] Verifying pass ...
[   19.460522] @@@./cp@@@1125520
[   19.462512] Verifying pass ...
[   19.462970] @@@./cp@@@1131909
[   19.465007] Verifying pass ...
[   19.465584] @@@./cp@@@1264938
[   19.467866] Verifying pass ...
[   19.468400] @@@./cp@@@1350333
[   19.470426] Verifying pass ...
[   19.470887] @@@./cp@@@1173726
[   19.472865] Verifying pass ...
[   19.473387] @@@./cp@@@1162108
[   19.475376] Verifying pass ...
[   19.475883] @@@./cp@@@1220611
[   19.477844] Verifying pass ...
[   19.478330] @@@./cp@@@1107828
[   19.480613] Verifying pass ...
[   19.481112] @@@./cp@@@1257370
[   19.483113] Verifying pass ...
[   19.483588] @@@./cp@@@1168200
[   19.485598] Verifying pass ...
[   19.486150] @@@./cp@@@1226906
[   19.489003] Verifying pass ...
[   19.489769] @@@./cp@@@1832769
[   19.491947] Verifying pass ...
[   19.492480] @@@./cp@@@1179503
[   19.494599] Verifying pass ...
[   19.495131] @@@./cp@@@1220922
[   19.497197] Verifying pass ...
[   19.497677] @@@./cp@@@1176420
[   19.499761] Verifying pass ...
[   19.500283] @@@./cp@@@1202798
[   19.502391] Verifying pass ...
[   19.502872] @@@./cp@@@1199220
[   19.504879] Verifying pass ...
[   19.505392] @@@./cp@@@1150496
[   19.507494] Verifying pass ...
[   19.508076] @@@./cp@@@1307533
[   19.510404] Verifying pass ...
[   19.511071] @@@./cp@@@1526888
[   19.513320] Verifying pass ...
[   19.513926] @@@./cp@@@1370495
[   19.516124] Verifying pass ...
[   19.516730] @@@./cp@@@1268165
[   19.518819] Verifying pass ...
[   19.519494] @@@./cp@@@1309704
[   19.521607] Verifying pass ...
[   19.522217] @@@./cp@@@1293611
[   19.524310] Verifying pass ...
[   19.524912] @@@./cp@@@1258110
[   19.527508] Verifying pass ...
[   19.528328] @@@./cp@@@1892009
[   19.531050] Verifying pass ...
[   19.531601] @@@./cp@@@1214535
[   19.533608] Verifying pass ...
[   19.534076] @@@./cp@@@1169390
[   19.536061] Verifying pass ...
[   19.536610] @@@./cp@@@1208569
[   19.538588] Verifying pass ...
[   19.539253] @@@./cp@@@1352960
[   19.541519] Verifying pass ...
[   19.541984] @@@./cp@@@1193141
[   19.544063] Verifying pass ...
[   19.544600] @@@./cp@@@1281715
[   19.546598] Verifying pass ...
[   19.547135] @@@./cp@@@1205948
[   19.549136] Verifying pass ...
[   19.549759] @@@./cp@@@1331261
[   19.552872] Verifying pass ...
[   19.553594] @@@./cp@@@1833905
[   19.555703] Verifying pass ...
[   19.556229] @@@./cp@@@1232944
[   19.558283] Verifying pass ...
[   19.558746] @@@./cp@@@1171748
[   19.560738] Verifying pass ...
[   19.561257] @@@./cp@@@1135564
[   19.563312] Verifying pass ...
[   19.563768] @@@./cp@@@1202980
[   19.565768] Verifying pass ...
[   19.566288] @@@./cp@@@1139170
[   19.568316] Verifying pass ...
[   19.568780] @@@./cp@@@1164864
[   19.570947] Verifying pass ...
[   19.571629] @@@./cp@@@1456571
[   19.573791] Verifying pass ...
[   19.574291] @@@./cp@@@1165679
[   19.576361] Verifying pass ...
[   19.576902] @@@./cp@@@1218282
[   19.578860] Verifying pass ...
[   19.579414] @@@./cp@@@1192299
[   19.581397] Verifying pass ...
[   19.581936] @@@./cp@@@1209273
[   19.583971] Verifying pass ...
[   19.584576] @@@./cp@@@1224754
[   19.586479] Verifying pass ...
[   19.586947] @@@./cp@@@1101667
[   19.589041] Verifying pass ...
[   19.589777] @@@./cp@@@1492056
[   19.592619] Verifying pass ...
[   19.593150] @@@./cp@@@1459025
[   19.595217] Verifying pass ...
[   19.595702] @@@./cp@@@1227678
[   19.597661] Verifying pass ...
[   19.598168] @@@./cp@@@1173906
[   19.600199] Verifying pass ...
[   19.600770] @@@./cp@@@1244266
[   19.602911] Verifying pass ...
[   19.603426] @@@./cp@@@1200580
[   19.605457] Verifying pass ...
[   19.605947] @@@./cp@@@1217745
[   19.607930] Verifying pass ...
[   19.608425] @@@./cp@@@1137160
[   19.610435] Verifying pass ...
[   19.610916] @@@./cp@@@1128803
[   19.613582] Verifying pass ...
[   19.614399] @@@./cp@@@1825406
[   19.616580] Verifying pass ...
[   19.617118] @@@./cp@@@1240909
[   19.619142] Verifying pass ...
[   19.619624] @@@./cp@@@1212225
[   19.621568] Verifying pass ...
[   19.622090] @@@./cp@@@1175449
[   19.624120] Verifying pass ...
[   19.624603] @@@./cp@@@1168625
[   19.626564] Verifying pass ...
[   19.627125] @@@./cp@@@1228942
[   19.629028] Verifying pass ...
[   19.629508] @@@./cp@@@1131618
[   19.631496] Verifying pass ...
[   19.631971] @@@./cp@@@1165566
[   19.634526] Verifying pass ...
[   19.635205] @@@./cp@@@1673236
[   19.637431] Verifying pass ...
[   19.637942] @@@./cp@@@1220247
[   19.640127] Verifying pass ...
[   19.640577] @@@./cp@@@1131806
[   19.642547] Verifying pass ...
[   19.642996] @@@./cp@@@1123319
[   19.644974] Verifying pass ...
[   19.645444] @@@./cp@@@1124250
[   19.647588] Verifying pass ...
[   19.648167] @@@./cp@@@1319072
[   19.650147] Verifying pass ...
[   19.650640] @@@./cp@@@1175001
[   19.653203] Verifying pass ...
[   19.653697] @@@./cp@@@1280551
[   19.655739] Verifying pass ...
[   19.656295] @@@./cp@@@1207852
[   19.658248] Verifying pass ...
[   19.658728] @@@./cp@@@1132798
[   19.660675] Verifying pass ...
[   19.661188] @@@./cp@@@1147126
[   19.663229] Verifying pass ...
[   19.663825] @@@./cp@@@1330081
[   19.665915] Verifying pass ...
[   19.666431] @@@./cp@@@1177021
[   19.668491] Verifying pass ...
[   19.668958] @@@./cp@@@1158345
[   19.671040] Verifying pass ...
[   19.671664] @@@./cp@@@1329858
[   19.674713] Verifying pass ...
[   19.675326] @@@./cp@@@1718930
[   19.677470] Verifying pass ...
[   19.677931] @@@./cp@@@1167707
[   19.680067] Verifying pass ...
[   19.680870] @@@./cp@@@1466852
[   19.682999] Verifying pass ...
[   19.683491] @@@./cp@@@1152789
[   19.685507] Verifying pass ...
[   19.685961] @@@./cp@@@1135362
[   19.688126] Verifying pass ...
[   19.688741] @@@./cp@@@1305538
[   19.690795] Verifying pass ...
[   19.691339] @@@./cp@@@1179603
[   19.693324] Verifying pass ...
[   19.693812] @@@./cp@@@1154480
[   19.696133] Verifying pass ...
[   19.696644] @@@./cp@@@1214579
[   19.698815] Verifying pass ...
[   19.699469] @@@./cp@@@1325905
[   19.701568] Verifying pass ...
[   19.702096] @@@./cp@@@1189035
[   19.704127] Verifying pass ...
[   19.704602] @@@./cp@@@1166264
[   19.706695] Verifying pass ...
[   19.707279] @@@./cp@@@1232381
[   19.709351] Verifying pass ...
[   19.709804] @@@./cp@@@1131873
[   19.712661] Verifying pass ...
[   19.713478] @@@./cp@@@1813896
[   19.715974] Verifying pass ...
[   19.716548] @@@./cp@@@1222005
[   19.718554] Verifying pass ...
[   19.719067] @@@./cp@@@1167330
[   19.721089] Verifying pass ...
[   19.721579] @@@./cp@@@1153495
[   19.723644] Verifying pass ...
[   19.724234] @@@./cp@@@1273634
[   19.726574] Verifying pass ...
[   19.727171] @@@./cp@@@1297977
[   19.729329] Verifying pass ...
[   19.729854] @@@./cp@@@1272590
[   19.731927] Verifying pass ...
[   19.732463] @@@./cp@@@1162474
[   19.735035] Verifying pass ...
[   19.735826] @@@./cp@@@1875590
[   19.738243] Verifying pass ...
[   19.738800] @@@./cp@@@1253558
[   19.740902] Verifying pass ...
[   19.741450] @@@./cp@@@1199195
[   19.743516] Verifying pass ...
[   19.743977] @@@./cp@@@1185661
[   19.746055] Verifying pass ...
[   19.746528] @@@./cp@@@1122040
[   19.748550] Verifying pass ...
[   19.749027] @@@./cp@@@1136501
[   19.751240] Verifying pass ...
[   19.751697] @@@./cp@@@1197806
[   19.753712] Verifying pass ...
[   19.754237] @@@./cp@@@1193553
[   19.756570] Verifying pass ...
[   19.757140] @@@./cp@@@1313316
[   19.759291] Verifying pass ...
[   19.759769] @@@./cp@@@1230632
[   19.761732] Verifying pass ...
[   19.762247] @@@./cp@@@1155884
[   19.764245] Verifying pass ...
[   19.764709] @@@./cp@@@1125039
[   19.766679] Verifying pass ...
[   19.767208] @@@./cp@@@1161913
[   19.769292] Verifying pass ...
[   19.769753] @@@./cp@@@1160860
[   19.771786] Verifying pass ...
[   19.772382] @@@./cp@@@1212367
[   19.775604] Verifying pass ...
[   19.776328] @@@./cp@@@1963834
[   19.778468] Verifying pass ...
[   19.778970] @@@./cp@@@1205895
[   19.781098] Verifying pass ...
[   19.781564] @@@./cp@@@1156161
[   19.783644] Verifying pass ...
[   19.784184] @@@./cp@@@1230339
[   19.786401] Verifying pass ...
[   19.787038] @@@./cp@@@1499520
[   19.789161] Verifying pass ...
[   19.789617] @@@./cp@@@1151387
[   19.791684] Verifying pass ...
[   19.792192] @@@./cp@@@1157178
[   19.794172] Verifying pass ...
[   19.794642] @@@./cp@@@1131870
[   19.797306] Verifying pass ...
[   19.798002] @@@./cp@@@1802626
[   19.800607] Verifying pass ...
[   19.801125] @@@./cp@@@1273093
[   19.803172] Verifying pass ...
[   19.803687] @@@./cp@@@1240610
[   19.805680] Verifying pass ...
[   19.806235] @@@./cp@@@1211962
[   19.808288] Verifying pass ...
[   19.808858] @@@./cp@@@1237071
[   19.810932] Verifying pass ...
[   19.811432] @@@./cp@@@1173320
[   19.813502] Verifying pass ...
[   19.813943] @@@./cp@@@1142106
[   19.815927] Verifying pass ...
[   19.816467] @@@./cp@@@1178537
[   19.819040] Verifying pass ...
[   19.819728] @@@./cp@@@1653000
[   19.821887] Verifying pass ...
[   19.822373] @@@./cp@@@1145078
[   19.824539] Verifying pass ...
[   19.824973] @@@./cp@@@1183374
[   19.827108] Verifying pass ...
[   19.827571] @@@./cp@@@1219564
[   19.829571] Verifying pass ...
[   19.830091] @@@./cp@@@1191025
[   19.832200] Verifying pass ...
[   19.832647] @@@./cp@@@1162028
[   19.834696] Verifying pass ...
[   19.835294] @@@./cp@@@1303497
[   19.837771] Verifying pass ...
[   19.838351] @@@./cp@@@1260719
[   19.840544] Verifying pass ...
[   19.841146] @@@./cp@@@1282420
[   19.843449] Verifying pass ...
[   19.843929] @@@./cp@@@1222993
[   19.846132] Verifying pass ...
[   19.846581] @@@./cp@@@1136484
[   19.848792] Verifying pass ...
[   19.849352] @@@./cp@@@1219261
[   19.851392] Verifying pass ...
[   19.851867] @@@./cp@@@1217591
[   19.853875] Verifying pass ...
[   19.854386] @@@./cp@@@1155192
[   19.856726] Verifying pass ...
[   19.857418] @@@./cp@@@1693149
[   19.859985] Verifying pass ...
[   19.860470] @@@./cp@@@1146371
[   19.862595] Verifying pass ...
[   19.863094] @@@./cp@@@1248026
[   19.865155] Verifying pass ...
[   19.865637] @@@./cp@@@1174388
[   19.867637] Verifying pass ...
[   19.868230] @@@./cp@@@1245297
[   19.870304] Verifying pass ...
[   19.870869] @@@./cp@@@1277380
[   19.872873] Verifying pass ...
[   19.873367] @@@./cp@@@1147846
[   19.875479] Verifying pass ...
[   19.876008] @@@./cp@@@1258032
[   19.878059] Verifying pass ...
[   19.878658] @@@./cp@@@1342592
[   19.880760] Verifying pass ...
[   19.881310] @@@./cp@@@1211296
[   19.883483] Verifying pass ...
[   19.883957] @@@./cp@@@1208081
[   19.885967] Verifying pass ...
[   19.886475] @@@./cp@@@1146468
[   19.888542] Verifying pass ...
[   19.889062] @@@./cp@@@1198243
[   19.891131] Verifying pass ...
[   19.891636] @@@./cp@@@1251722
[   19.893693] Verifying pass ...
[   19.894212] @@@./cp@@@1171733
[   19.897005] Verifying pass ...
[   19.897869] @@@./cp@@@1993102
[   19.900223] Verifying pass ...
[   19.900694] @@@./cp@@@1169459
[   19.902842] Verifying pass ...
[   19.903363] @@@./cp@@@1211447
[   19.905472] Verifying pass ...
[   19.905938] @@@./cp@@@1179069
[   19.907892] Verifying pass ...
[   19.908467] @@@./cp@@@1193361
[   19.910749] Verifying pass ...
[   19.911245] @@@./cp@@@1187161
[   19.913413] Verifying pass ...
[   19.913886] @@@./cp@@@1208416
[   19.915903] Verifying pass ...
[   19.916451] @@@./cp@@@1192320
[   19.919244] Verifying pass ...
[   19.919989] @@@./cp@@@1846973
[   19.922585] Verifying pass ...
[   19.923179] @@@./cp@@@1297260
[   19.925359] Verifying pass ...
[   19.925874] @@@./cp@@@1227859
[   19.928189] Verifying pass ...
[   19.928678] @@@./cp@@@1194201
[   19.930777] Verifying pass ...
[   19.931308] @@@./cp@@@1213354
[   19.933398] Verifying pass ...
[   19.933876] @@@./cp@@@1176937
[   19.935930] Verifying pass ...
[   19.936508] @@@./cp@@@1198685
[   19.938503] Verifying pass ...
[   19.938991] @@@./cp@@@1198956
[   19.941680] Verifying pass ...
[   19.942191] @@@./cp@@@1307624
[   19.944381] Verifying pass ...
[   19.944866] @@@./cp@@@1246741
[   19.946966] Verifying pass ...
[   19.947576] @@@./cp@@@1293206
[   19.949653] Verifying pass ...
[   19.950137] @@@./cp@@@1196920
[   19.952064] Verifying pass ...
[   19.952535] @@@./cp@@@1116377
[   19.954564] Verifying pass ...
[   19.955135] @@@./cp@@@1257669
[   19.957205] Verifying pass ...
[   19.957813] @@@./cp@@@1321978
[   19.960512] Verifying pass ...
[   19.961119] @@@./cp@@@1354224
[   19.963125] Verifying pass ...
[   19.963605] @@@./cp@@@1174899
[   19.965584] Verifying pass ...
[   19.966111] @@@./cp@@@1183418
[   19.968137] Verifying pass ...
[   19.968756] @@@./cp@@@1333723
[   19.971272] Verifying pass ...
[   19.971809] @@@./cp@@@1276871
[   19.973945] Verifying pass ...
[   19.974535] @@@./cp@@@1267356
[   19.976602] Verifying pass ...
[   19.977129] @@@./cp@@@1227332
[   19.979394] Verifying pass ...
[   19.980315] @@@./cp@@@1737099
[   19.983252] Verifying pass ...
[   19.983747] @@@./cp@@@1521873
[   19.985843] Verifying pass ...
[   19.986396] @@@./cp@@@1206536
[   19.988477] Verifying pass ...
[   19.988927] @@@./cp@@@1134225
[   19.990963] Verifying pass ...
[   19.991473] @@@./cp@@@1184679
[   19.993579] Verifying pass ...
[   19.994201] @@@./cp@@@1318091
[   19.996212] Verifying pass ...
[   19.996671] @@@./cp@@@1134116
[   19.998828] Verifying pass ...
[   19.999449] @@@./cp@@@1318581
[   20.001653] Verifying pass ...
[   20.002161] @@@./cp@@@1208179
[   20.004638] Verifying pass ...
[   20.005137] @@@./cp@@@1229128
[   20.007236] Verifying pass ...
[   20.007889] @@@./cp@@@1385158
[   20.010704] Verifying pass ...
[   20.011494] @@@./cp@@@1758690
[   20.014246] Verifying pass ...
[   20.014766] @@@./cp@@@1576997
[   20.016810] Verifying pass ...
[   20.017341] @@@./cp@@@1198830
[   20.019589] Verifying pass ...
[   20.020353] @@@./cp@@@1652097
[   20.022849] Verifying pass ...
[   20.023374] @@@./cp@@@1273983
[   20.025342] Verifying pass ...
[   20.025823] @@@./cp@@@1151602
[   20.027854] Verifying pass ...
[   20.028429] @@@./cp@@@1199506
[   20.030471] Verifying pass ...
[   20.031006] @@@./cp@@@1234273
[   20.032996] Verifying pass ...
[   20.033502] @@@./cp@@@1153670
[   20.035558] Verifying pass ...
[   20.036137] @@@./cp@@@1242288
[   20.038125] Verifying pass ...
[   20.038600] @@@./cp@@@1153927
[   20.040776] Verifying pass ...
[   20.041502] @@@./cp@@@1403104
[   20.043887] Verifying pass ...
[   20.044384] @@@./cp@@@1171937
[   20.046389] Verifying pass ...
[   20.046875] @@@./cp@@@1170487
[   20.048804] Verifying pass ...
[   20.049308] @@@./cp@@@1136073
[   20.051374] Verifying pass ...
[   20.051851] @@@./cp@@@1164528
[   20.053913] Verifying pass ...
[   20.054430] @@@./cp@@@1154327
[   20.056349] Verifying pass ...
[   20.056823] @@@./cp@@@1134599
[   20.058853] Verifying pass ...
[   20.059373] @@@./cp@@@1198436
[   20.061376] Verifying pass ...
[   20.061851] @@@./cp@@@1194292
[   20.063859] Verifying pass ...
[   20.064968] @@@./cp@@@1778289
[   20.067126] Verifying pass ...
[   20.067695] @@@./cp@@@1262584
[   20.069871] Verifying pass ...
[   20.070367] @@@./cp@@@1140272
[   20.072495] Verifying pass ...
[   20.072989] @@@./cp@@@1190066
[   20.074932] Verifying pass ...
[   20.075500] @@@./cp@@@1227295
[   20.077492] Verifying pass ...
[   20.077928] @@@./cp@@@1163691
[   20.080584] Verifying pass ...
[   20.081086] @@@./cp@@@1501901
[   20.083180] Verifying pass ...
[   20.083718] @@@./cp@@@1253685
[   20.085803] Verifying pass ...
[   20.086313] @@@./cp@@@1151177
[   20.088288] Verifying pass ...
[   20.088748] @@@./cp@@@1146786
[   20.090705] Verifying pass ...
[   20.091202] @@@./cp@@@1173243
[   20.093470] Verifying pass ...
[   20.094034] @@@./cp@@@1314615
[   20.096218] Verifying pass ...
[   20.096776] @@@./cp@@@1376936
[   20.098875] Verifying pass ...
[   20.099464] @@@./cp@@@1265154
[   20.102147] Verifying pass ...
[   20.102844] @@@./cp@@@1732011
[   20.104982] Verifying pass ...
[   20.105525] @@@./cp@@@1218022
[   20.107634] Verifying pass ...
[   20.108262] @@@./cp@@@1312060
[   20.110468] Verifying pass ...
[   20.111030] @@@./cp@@@1308862
[   20.113130] Verifying pass ...
[   20.113666] @@@./cp@@@1227228
[   20.115768] Verifying pass ...
[   20.116356] @@@./cp@@@1228757
[   20.118391] Verifying pass ...
[   20.118915] @@@./cp@@@1209085
[   20.120965] Verifying pass ...
[   20.121510] @@@./cp@@@1197550
[   20.123854] Verifying pass ...
[   20.124461] @@@./cp@@@1271585
[   20.126568] Verifying pass ...
[   20.127082] @@@./cp@@@1308947
[   20.129063] Verifying pass ...
[   20.129567] @@@./cp@@@1185370
[   20.131593] Verifying pass ...
[   20.132191] @@@./cp@@@1273601
[   20.134290] Verifying pass ...
[   20.134834] @@@./cp@@@1233076
[   20.136903] Verifying pass ...
[   20.137486] @@@./cp@@@1235960
[   20.139598] Verifying pass ...
[   20.140153] @@@./cp@@@1267605
[   20.142421] Verifying pass ...
[   20.142984] @@@./cp@@@1329135
[   20.145181] Verifying pass ...
[   20.145653] @@@./cp@@@1183263
[   20.147781] Verifying pass ...
[   20.148333] @@@./cp@@@1179179
[   20.150499] Verifying pass ...
[   20.151003] @@@./cp@@@1291981
[   20.153257] Verifying pass ...
[   20.153740] @@@./cp@@@1278600
[   20.155865] Verifying pass ...
[   20.156442] @@@./cp@@@1238085
[   20.158621] Verifying pass ...
[   20.159222] @@@./cp@@@1369457
[   20.161317] Verifying pass ...
[   20.161876] @@@./cp@@@1220687
[   20.164236] Verifying pass ...
[   20.164783] @@@./cp@@@1451232
[   20.166972] Verifying pass ...
[   20.167728] @@@./cp@@@1459713
[   20.169819] Verifying pass ...
[   20.170372] @@@./cp@@@1205663
[   20.172466] Verifying pass ...
[   20.173038] @@@./cp@@@1281678
[   20.174952] Verifying pass ...
[   20.175643] @@@./cp@@@1326570
[   20.178229] Verifying pass ...
[   20.179207] @@@./cp@@@2139782
[   20.181615] Verifying pass ...
[   20.182310] @@@./cp@@@1539942
[   20.184656] Verifying pass ...
[   20.185177] @@@./cp@@@1202583
[   20.187211] Verifying pass ...
[   20.187781] @@@./cp@@@1248573
[   20.189906] Verifying pass ...
[   20.190498] @@@./cp@@@1239467
[   20.192555] Verifying pass ...
[   20.193097] @@@./cp@@@1239974
[   20.195116] Verifying pass ...
[   20.195626] @@@./cp@@@1182765
[   20.197672] Verifying pass ...
[   20.198329] @@@./cp@@@1334275
[   20.200479] Verifying pass ...
[   20.200968] @@@./cp@@@1156813
[   20.203280] Verifying pass ...
[   20.203748] @@@./cp@@@1225015
[   20.205863] Verifying pass ...
[   20.206407] @@@./cp@@@1193057
[   20.208485] Verifying pass ...
[   20.208919] @@@./cp@@@1147392
[   20.210940] Verifying pass ...
[   20.211427] @@@./cp@@@1123791
[   20.213484] Verifying pass ...
[   20.213935] @@@./cp@@@1193466
[   20.216152] Verifying pass ...
[   20.216647] @@@./cp@@@1209598
[   20.218666] Verifying pass ...
[   20.219236] @@@./cp@@@1272936
[   20.221212] Verifying pass ...
[   20.221811] @@@./cp@@@1265666
[   20.223963] Verifying pass ...
[   20.224536] @@@./cp@@@1261044
[   20.226741] Verifying pass ...
[   20.227324] @@@./cp@@@1329348
[   20.229463] Verifying pass ...
[   20.229973] @@@./cp@@@1206735
[   20.232266] Verifying pass ...
[   20.232788] @@@./cp@@@1268991
[   20.234910] Verifying pass ...
[   20.235495] @@@./cp@@@1217284
[   20.237643] Verifying pass ...
[   20.238182] @@@./cp@@@1279842
[   20.240264] Verifying pass ...
[   20.240783] @@@./cp@@@1209113
[   20.242906] Verifying pass ...
[   20.243513] @@@./cp@@@1242727
[   20.245740] Verifying pass ...
[   20.246333] @@@./cp@@@1418150
[   20.248487] Verifying pass ...
[   20.249054] @@@./cp@@@1242489
[   20.251301] Verifying pass ...
[   20.251837] @@@./cp@@@1268680
[   20.253873] Verifying pass ...
[   20.254470] @@@./cp@@@1220566
[   20.256606] Verifying pass ...
[   20.257154] @@@./cp@@@1261762
[   20.259273] Verifying pass ...
[   20.259793] @@@./cp@@@1188353
[   20.261964] Verifying pass ...
[   20.262686] @@@./cp@@@1375864
[   20.264904] Verifying pass ...
[   20.265571] @@@./cp@@@1330664
[   20.267722] Verifying pass ...
[   20.268400] @@@./cp@@@1319729
[   20.270635] Verifying pass ...
[   20.271286] @@@./cp@@@1320772
[   20.273352] Verifying pass ...
[   20.274184] @@@./cp@@@1476349
[   20.276391] Verifying pass ...
[   20.277200] @@@./cp@@@1563255
[   20.279392] Verifying pass ...
[   20.280005] @@@./cp@@@1303465
[   20.282119] Verifying pass ...
[   20.282811] @@@./cp@@@1351338
[   20.285232] Verifying pass ...
[   20.285847] @@@./cp@@@1337654
[   20.288166] Verifying pass ...
[   20.288798] @@@./cp@@@1312144
[   20.290978] Verifying pass ...
[   20.291609] @@@./cp@@@1281263
[   20.293700] Verifying pass ...
[   20.294524] @@@./cp@@@1460181
[   20.296744] Verifying pass ...
[   20.297382] @@@./cp@@@1295440
[   20.299519] Verifying pass ...
[   20.300268] @@@./cp@@@1413287
[   20.302376] Verifying pass ...
[   20.302990] @@@./cp@@@1312413
[   20.305132] Verifying pass ...
[   20.305910] @@@./cp@@@1454793
[   20.308178] Verifying pass ...
[   20.308960] @@@./cp@@@1463098
[   20.311239] Verifying pass ...
[   20.311855] @@@./cp@@@1309360
[   20.313929] Verifying pass ...
[   20.314567] @@@./cp@@@1278199
[   20.316735] Verifying pass ...
[   20.317549] @@@./cp@@@1431908
[   20.319657] Verifying pass ...
[   20.320314] @@@./cp@@@1319057
[   20.322484] Verifying pass ...
[   20.323219] @@@./cp@@@1456350
[   20.325416] Verifying pass ...
[   20.326084] @@@./cp@@@1381336
[   20.328277] Verifying pass ...
[   20.328860] @@@./cp@@@1308553
[   20.330926] Verifying pass ...
[   20.331519] @@@./cp@@@1230999
[   20.333730] Verifying pass ...
[   20.334376] @@@./cp@@@1300145
[   20.336557] Verifying pass ...
[   20.337224] @@@./cp@@@1355639
[   20.339493] Verifying pass ...
[   20.340146] @@@./cp@@@1341709
[   20.342353] Verifying pass ...
[   20.342946] @@@./cp@@@1315875
[   20.345309] Verifying pass ...
[   20.346202] @@@./cp@@@1745819
[   20.348738] Verifying pass ...
[   20.349498] @@@./cp@@@1635619
[   20.351700] Verifying pass ...
[   20.352345] @@@./cp@@@1309583
[   20.354399] Verifying pass ...
[   20.354858] @@@./cp@@@1173177
[   20.356866] Verifying pass ...
[   20.357383] @@@./cp@@@1140595
[   20.359454] Verifying pass ...
[   20.359912] @@@./cp@@@1152496
[   20.361949] Verifying pass ...
[   20.362466] @@@./cp@@@1151263
[   20.364485] Verifying pass ...
[   20.364941] @@@./cp@@@1111489
[   20.366974] Verifying pass ...
[   20.367546] @@@./cp@@@1193145
[   20.369712] Verifying pass ...
[   20.370259] @@@./cp@@@1213718
[   20.372329] Verifying pass ...
[   20.372795] @@@./cp@@@1178878
[   20.374787] Verifying pass ...
[   20.375336] @@@./cp@@@1192810
[   20.377478] Verifying pass ...
[   20.377930] @@@./cp@@@1192997
[   20.379940] Verifying pass ...
[   20.380432] @@@./cp@@@1148310
[   20.382442] Verifying pass ...
[   20.382960] @@@./cp@@@1247271
[   20.385255] Verifying pass ...
[   20.385778] @@@./cp@@@1236213
[   20.387858] Verifying pass ...
[   20.388463] @@@./cp@@@1278445
[   20.390532] Verifying pass ...
[   20.391138] @@@./cp@@@1308213
[   20.393148] Verifying pass ...
[   20.393663] @@@./cp@@@1189101
[   20.395716] Verifying pass ...
[   20.396425] @@@./cp@@@1363691
[   20.398526] Verifying pass ...
[   20.399121] @@@./cp@@@1368883
[   20.401233] Verifying pass ...
[   20.401823] @@@./cp@@@1307591
[   20.403799] Verifying pass ...
[   20.404325] @@@./cp@@@1158251
[   20.406477] Verifying pass ...
[   20.407076] @@@./cp@@@1353232
[   20.409302] Verifying pass ...
[   20.409862] @@@./cp@@@1293400
[   20.411945] Verifying pass ...
[   20.412560] @@@./cp@@@1243979
[   20.414614] Verifying pass ...
[   20.415126] @@@./cp@@@1213944
[   20.417015] Verifying pass ...
[   20.417537] @@@./cp@@@1157910
[   20.419578] Verifying pass ...
[   20.420144] @@@./cp@@@1211729
[   20.422086] Verifying pass ...
[   20.422610] @@@./cp@@@1201325
[   20.424573] Verifying pass ...
[   20.425118] @@@./cp@@@1183695
[   20.427168] Verifying pass ...
[   20.427647] @@@./cp@@@1173909
[   20.429567] Verifying pass ...
[   20.430156] @@@./cp@@@1260890
[   20.432151] Verifying pass ...
[   20.432646] @@@./cp@@@1165562
[   20.434671] Verifying pass ...
[   20.435206] @@@./cp@@@1162692
[   20.437183] Verifying pass ...
[   20.437697] @@@./cp@@@1174979
[   20.439771] Verifying pass ...
[   20.440302] @@@./cp@@@1117326
[   20.442389] Verifying pass ...
[   20.442972] @@@./cp@@@1328515
[   20.445108] Verifying pass ...
[   20.445670] @@@./cp@@@1222265
[   20.447743] Verifying pass ...
[   20.448289] @@@./cp@@@1184646
[   20.450346] Verifying pass ...
[   20.450942] @@@./cp@@@1327282
[   20.452842] Verifying pass ...
[   20.453360] @@@./cp@@@1155936
[   20.455495] Verifying pass ...
[   20.456076] @@@./cp@@@1247596
[   20.458218] Verifying pass ...
[   20.458743] @@@./cp@@@1227051
[   20.460783] Verifying pass ...
[   20.461403] @@@./cp@@@1275347
[   20.463509] Verifying pass ...
[   20.464052] @@@./cp@@@1259883
[   20.466172] Verifying pass ...
[   20.466750] @@@./cp@@@1293739
[   20.468833] Verifying pass ...
[   20.469505] @@@./cp@@@1332588
[   20.471600] Verifying pass ...
[   20.472160] @@@./cp@@@1241485
[   20.474291] Verifying pass ...
[   20.474928] @@@./cp@@@1332534
[   20.476972] Verifying pass ...
[   20.477576] @@@./cp@@@1245033
[   20.479537] Verifying pass ...
[   20.480137] @@@./cp@@@1259382
[   20.482607] Verifying pass ...
[   20.483261] @@@./cp@@@1424474
[   20.485595] Verifying pass ...
[   20.486212] @@@./cp@@@1308200
[   20.488292] Verifying pass ...
[   20.488832] @@@./cp@@@1240104
[   20.490876] Verifying pass ...
[   20.491602] @@@./cp@@@1328827
[   20.493757] Verifying pass ...
[   20.494236] @@@./cp@@@1159064
[   20.496258] Verifying pass ...
[   20.496710] @@@./cp@@@1149138
[   20.498735] Verifying pass ...
[   20.499285] @@@./cp@@@1196020
[   20.501269] Verifying pass ...
[   20.501744] @@@./cp@@@1162195
[   20.503790] Verifying pass ...
[   20.504349] @@@./cp@@@1214894
[   20.506594] Verifying pass ...
[   20.507152] @@@./cp@@@1328843
[   20.509271] Verifying pass ...
[   20.509743] @@@./cp@@@1205208
[   20.511892] Verifying pass ...
[   20.512379] @@@./cp@@@1313437
[   20.514650] Verifying pass ...
[   20.515534] @@@./cp@@@1791288
[   20.518117] Verifying pass ...
[   20.518785] @@@./cp@@@1562124
[   20.521356] Verifying pass ...
[   20.522060] @@@./cp@@@1608163
[   20.524302] Verifying pass ...
[   20.524864] @@@./cp@@@1269561
[   20.527105] Verifying pass ...
[   20.527601] @@@./cp@@@1180881
[   20.529631] Verifying pass ...
[   20.530219] @@@./cp@@@1274678
[   20.532236] Verifying pass ...
[   20.532781] @@@./cp@@@1240096
[   20.534876] Verifying pass ...
[   20.535476] @@@./cp@@@1216051
[   20.537584] Verifying pass ...
[   20.538194] @@@./cp@@@1286663
[   20.540207] Verifying pass ...
[   20.540684] @@@./cp@@@1171903
[   20.543180] Verifying pass ...
[   20.543686] @@@./cp@@@1227521
[   20.546376] Verifying pass ...
[   20.546826] @@@./cp@@@1205029
[   20.549170] Verifying pass ...
[   20.549712] @@@./cp@@@1252832
[   20.551721] Verifying pass ...
[   20.552331] @@@./cp@@@1261934
[   20.554555] Verifying pass ...
[   20.555117] @@@./cp@@@1300503
[   20.557311] Verifying pass ...
[   20.557864] @@@./cp@@@1281540
[   20.559960] Verifying pass ...
[   20.560499] @@@./cp@@@1176079
[   20.562623] Verifying pass ...
[   20.563353] @@@./cp@@@1445746
[   20.565902] Verifying pass ...
[   20.566650] @@@./cp@@@1456941
[   20.568689] Verifying pass ...
[   20.569358] @@@./cp@@@1321790
[   20.571729] Verifying pass ...
[   20.572325] @@@./cp@@@1242299
[   20.574394] Verifying pass ...
[   20.574963] @@@./cp@@@1251495
[   20.577244] Verifying pass ...
[   20.577810] @@@./cp@@@1200250
[   20.579831] Verifying pass ...
[   20.580420] @@@./cp@@@1224310
[   20.582478] Verifying pass ...
[   20.583297] @@@./cp@@@1527633
[   20.585513] Verifying pass ...
[   20.586123] @@@./cp@@@1326989
[   20.588313] Verifying pass ...
[   20.588785] @@@./cp@@@1204518
[   20.590828] Verifying pass ...
[   20.591448] @@@./cp@@@1243901
[   20.593699] Verifying pass ...
[   20.594267] @@@./cp@@@1224438
[   20.596414] Verifying pass ...
[   20.596991] @@@./cp@@@1225860
[   20.599322] Verifying pass ...
[   20.599797] @@@./cp@@@1162466
[   20.602175] Verifying pass ...
[   20.602669] @@@./cp@@@1267745
[   20.604971] Verifying pass ...
[   20.605578] @@@./cp@@@1286216
[   20.607732] Verifying pass ...
[   20.608247] @@@./cp@@@1190809
[   20.610466] Verifying pass ...
[   20.610916] @@@./cp@@@1134416
[   20.613177] Verifying pass ...
[   20.613648] @@@./cp@@@1194303
[   20.615997] Verifying pass ...
[   20.616541] @@@./cp@@@1231212
[   20.618654] Verifying pass ...
[   20.619193] @@@./cp@@@1226636
[   20.621469] Verifying pass ...
[   20.622105] @@@./cp@@@1313543
[   20.624507] Verifying pass ...
[   20.624991] @@@./cp@@@1188153
[   20.627380] Verifying pass ...
[   20.627910] @@@./cp@@@1222651
[   20.629965] Verifying pass ...
[   20.630514] @@@./cp@@@1228594
[   20.632739] Verifying pass ...
[   20.633288] @@@./cp@@@1214648
[   20.635302] Verifying pass ...
[   20.635755] @@@./cp@@@1122691
[   20.637974] Verifying pass ...
[   20.638552] @@@./cp@@@1247809
[   20.640669] Verifying pass ...
[   20.641227] @@@./cp@@@1257428
[   20.643506] Verifying pass ...
[   20.643969] @@@./cp@@@1161586
[   20.646195] Verifying pass ...
[   20.646662] @@@./cp@@@1197165
[   20.648718] Verifying pass ...
[   20.649259] @@@./cp@@@1213497
[   20.651501] Verifying pass ...
[   20.651960] @@@./cp@@@1147307
[   20.654161] Verifying pass ...
[   20.654675] @@@./cp@@@1220365
[   20.656701] Verifying pass ...
[   20.657270] @@@./cp@@@1222293
[   20.659312] Verifying pass ...
[   20.659825] @@@./cp@@@1189509
[   20.662295] Verifying pass ...
[   20.662836] @@@./cp@@@1283709
[   20.665146] Verifying pass ...
[   20.665692] @@@./cp@@@1225518
[   20.667767] Verifying pass ...
[   20.668388] @@@./cp@@@1285212
[   20.670632] Verifying pass ...
[   20.671227] @@@./cp@@@1337559
[   20.673387] Verifying pass ...
[   20.673931] @@@./cp@@@1237647
[   20.676340] Verifying pass ...
[   20.676895] @@@./cp@@@1298827
[   20.678961] Verifying pass ...
[   20.679506] @@@./cp@@@1196961
[   20.681573] Verifying pass ...
[   20.682389] @@@./cp@@@1509069
[   20.684590] Verifying pass ...
[   20.685469] @@@./cp@@@1599139
[   20.687691] Verifying pass ...
[   20.688295] @@@./cp@@@1274858
[   20.690347] Verifying pass ...
[   20.690891] @@@./cp@@@1230149
[   20.692896] Verifying pass ...
[   20.693450] @@@./cp@@@1209761
[   20.695625] Verifying pass ...
[   20.696183] @@@./cp@@@1276205
[   20.698252] Verifying pass ...
[   20.698784] @@@./cp@@@1214767
[   20.700961] Verifying pass ...
[   20.701555] @@@./cp@@@1261824
[   20.703717] Verifying pass ...
[   20.704242] @@@./cp@@@1244153
[   20.706811] Verifying pass ...
[   20.707347] @@@./cp@@@1218645
[   20.709376] Verifying pass ...
[   20.709919] @@@./cp@@@1204569
[   20.712177] Verifying pass ...
[   20.712688] @@@./cp@@@1168511
[   20.714739] Verifying pass ...
[   20.715251] @@@./cp@@@1158302
[   20.717279] Verifying pass ...
[   20.717836] @@@./cp@@@1219841
[   20.719983] Verifying pass ...
[   20.720572] @@@./cp@@@1268293
[   20.722802] Verifying pass ...
[   20.723651] @@@./cp@@@1534094
[   20.726207] Verifying pass ...
[   20.726749] @@@./cp@@@1297742
[   20.728773] Verifying pass ...
[   20.729298] @@@./cp@@@1172111
[   20.731376] Verifying pass ...
[   20.731902] @@@./cp@@@1212147
[   20.733942] Verifying pass ...
[   20.734600] @@@./cp@@@1343883
[   20.736860] Verifying pass ...
[   20.737480] @@@./cp@@@1280799
[   20.739643] Verifying pass ...
[   20.740209] @@@./cp@@@1214004
[   20.742304] Verifying pass ...
[   20.743192] @@@./cp@@@1566350
[   20.745395] Verifying pass ...
[   20.746306] @@@./cp@@@1622349
[   20.748437] Verifying pass ...
[   20.748988] @@@./cp@@@1246321
[   20.751279] Verifying pass ...
[   20.751835] @@@./cp@@@1258964
[   20.753973] Verifying pass ...
[   20.754559] @@@./cp@@@1268283
[   20.756628] Verifying pass ...
[   20.757188] @@@./cp@@@1241594
[   20.759444] Verifying pass ...
[   20.759963] @@@./cp@@@1186320
[   20.762026] Verifying pass ...
[   20.762607] @@@./cp@@@1259017
[   20.764817] Verifying pass ...
[   20.765383] @@@./cp@@@1202625
[   20.767527] Verifying pass ...
[   20.768231] @@@./cp@@@1410163
[   20.770374] Verifying pass ...
[   20.770908] @@@./cp@@@1217309
[   20.772888] Verifying pass ...
[   20.773410] @@@./cp@@@1181200
[   20.775476] Verifying pass ...
[   20.775937] @@@./cp@@@1136959
[   20.778253] Verifying pass ...
[   20.778830] @@@./cp@@@1271784
[   20.780866] Verifying pass ...
[   20.781648] @@@./cp@@@1469190
[   20.784160] Verifying pass ...
[   20.784881] @@@./cp@@@1542252
[   20.787327] Verifying pass ...
[   20.788055] @@@./cp@@@1453158
[   20.790194] Verifying pass ...
[   20.790770] @@@./cp@@@1256936
[   20.792843] Verifying pass ...
[   20.793405] @@@./cp@@@1211645
[   20.795390] Verifying pass ...
[   20.795987] @@@./cp@@@1269687
[   20.798594] Verifying pass ...
[   20.799153] @@@./cp@@@1255686
[   20.801228] Verifying pass ...
[   20.801868] @@@./cp@@@1349217
[   20.804721] Verifying pass ...
[   20.805411] @@@./cp@@@1692269
[   20.807575] Verifying pass ...
[   20.808315] @@@./cp@@@1432718
[   20.810525] Verifying pass ...
[   20.810983] @@@./cp@@@1134395
[   20.812933] Verifying pass ...
[   20.813399] @@@./cp@@@1119832
[   20.815338] Verifying pass ...
[   20.815872] @@@./cp@@@1201558
[   20.818287] Verifying pass ...
[   20.818747] @@@./cp@@@1172515
[   20.820729] Verifying pass ...
[   20.821219] @@@./cp@@@1140987
[   20.823248] Verifying pass ...
[   20.823769] @@@./cp@@@1196758
[   20.825831] Verifying pass ...
[   20.826332] @@@./cp@@@1172651
[   20.828726] Verifying pass ...
[   20.829373] @@@./cp@@@1329296
[   20.831602] Verifying pass ...
[   20.832174] @@@./cp@@@1301401
[   20.834307] Verifying pass ...
[   20.834902] @@@./cp@@@1272779
[   20.837126] Verifying pass ...
[   20.837590] @@@./cp@@@1133895
[   20.839757] Verifying pass ...
[   20.840215] @@@./cp@@@1113820
[   20.842759] Verifying pass ...
[   20.843474] @@@./cp@@@1683866
[   20.846240] Verifying pass ...
[   20.846702] @@@./cp@@@1199135
[   20.848877] Verifying pass ...
[   20.849558] @@@./cp@@@1314935
[   20.851671] Verifying pass ...
[   20.852273] @@@./cp@@@1242318
[   20.854413] Verifying pass ...
[   20.854902] @@@./cp@@@1138878
[   20.857006] Verifying pass ...
[   20.857660] @@@./cp@@@1388276
[   20.859820] Verifying pass ...
[   20.860523] @@@./cp@@@1371054
[   20.862787] Verifying pass ...
[   20.863314] @@@./cp@@@1204256
[   20.866098] Verifying pass ...
[   20.866771] @@@./cp@@@1802932
[   20.869327] Verifying pass ...
[   20.869803] @@@./cp@@@1208521
[   20.871803] Verifying pass ...
[   20.872293] @@@./cp@@@1159433
[   20.874326] Verifying pass ...
[   20.874765] @@@./cp@@@1146145
[   20.876724] Verifying pass ...
[   20.877198] @@@./cp@@@1135110
[   20.879238] Verifying pass ...
[   20.879685] @@@./cp@@@1122643
[   20.881684] Verifying pass ...
[   20.882167] @@@./cp@@@1146619
[   20.884322] Verifying pass ...
[   20.884770] @@@./cp@@@1132766
[   20.886802] Verifying pass ...
[   20.887294] @@@./cp@@@1148547
[   20.889475] Verifying pass ...
[   20.890026] @@@./cp@@@1292319
[   20.892044] Verifying pass ...
[   20.892528] @@@./cp@@@1169100
[   20.894580] Verifying pass ...
[   20.895195] @@@./cp@@@1270889
[   20.897286] Verifying pass ...
[   20.897884] @@@./cp@@@1295743
[   20.899840] Verifying pass ...
[   20.900403] @@@./cp@@@1197650
[   20.902470] Verifying pass ...
[   20.903029] @@@./cp@@@1240527
[   20.905347] Verifying pass ...
[   20.905900] @@@./cp@@@1271642
[   20.908245] Verifying pass ...
[   20.908733] @@@./cp@@@1243433
[   20.910850] Verifying pass ...
[   20.911506] @@@./cp@@@1282200
[   20.913749] Verifying pass ...
[   20.914235] @@@./cp@@@1237658
[   20.916353] Verifying pass ...
[   20.916866] @@@./cp@@@1196207
[   20.919325] Verifying pass ...
[   20.920024] @@@./cp@@@1442523
[   20.922253] Verifying pass ...
[   20.922753] @@@./cp@@@1216127
[   20.924956] Verifying pass ...
[   20.925574] @@@./cp@@@1409078
[   20.927792] Verifying pass ...
[   20.928331] @@@./cp@@@1211194
[   20.930498] Verifying pass ...
[   20.930999] @@@./cp@@@1225968
[   20.932972] Verifying pass ...
[   20.933483] @@@./cp@@@1148212
[   20.935515] Verifying pass ...
[   20.935987] @@@./cp@@@1147339
[   20.938056] Verifying pass ...
[   20.938555] @@@./cp@@@1170890
[   20.940582] Verifying pass ...
[   20.941110] @@@./cp@@@1197744
[   20.943156] Verifying pass ...
[   20.943668] @@@./cp@@@1205863
[   20.945737] Verifying pass ...
[   20.946259] @@@./cp@@@1195318
[   20.948269] Verifying pass ...
[   20.948779] @@@./cp@@@1201203
[   20.950984] Verifying pass ...
[   20.951516] @@@./cp@@@1230839
[   20.953643] Verifying pass ...
[   20.954188] @@@./cp@@@1269025
[   20.956265] Verifying pass ...
[   20.956763] @@@./cp@@@1175545
[   20.958830] Verifying pass ...
[   20.959420] @@@./cp@@@1222628
[   20.961556] Verifying pass ...
[   20.962098] @@@./cp@@@1265320
[   20.964340] Verifying pass ...
[   20.964907] @@@./cp@@@1388114
[   20.967181] Verifying pass ...
[   20.967749] @@@./cp@@@1282078
[   20.969773] Verifying pass ...
[   20.970319] @@@./cp@@@1197512
[   20.972266] Verifying pass ...
[   20.972855] @@@./cp@@@1224263
[   20.974877] Verifying pass ...
[   20.975468] @@@./cp@@@1226770
[   20.977618] Verifying pass ...
[   20.978145] @@@./cp@@@1251597
[   20.980188] Verifying pass ...
[   20.980660] @@@./cp@@@1205961
[   20.982804] Verifying pass ...
[   20.983359] @@@./cp@@@1237972
[   20.985492] Verifying pass ...
[   20.986185] @@@./cp@@@1450046
[   20.988436] Verifying pass ...
[   20.988909] @@@./cp@@@1194690
[   20.991089] Verifying pass ...
[   20.991573] @@@./cp@@@1156153
[   20.993710] Verifying pass ...
[   20.994284] @@@./cp@@@1239439
[   20.996366] Verifying pass ...
[   20.996819] @@@./cp@@@1141108
[   20.998912] Verifying pass ...
[   20.999599] @@@./cp@@@1303296
[   21.001722] Verifying pass ...
[   21.002247] @@@./cp@@@1163209
[   21.004280] Verifying pass ...
[   21.004806] @@@./cp@@@1184797
[   21.006925] Verifying pass ...
[   21.007600] @@@./cp@@@1322610
[   21.009602] Verifying pass ...
[   21.010364] @@@./cp@@@1458741
[   21.012954] Verifying pass ...
[   21.013477] @@@./cp@@@1411741
[   21.015460] Verifying pass ...
[   21.015951] @@@./cp@@@1164281
[   21.018382] Verifying pass ...
[   21.018862] @@@./cp@@@1142380
[   21.020814] Verifying pass ...
[   21.021304] @@@./cp@@@1123687
[   21.023377] Verifying pass ...
[   21.024223] @@@./cp@@@1559873
[   21.026509] Verifying pass ...
[   21.026986] @@@./cp@@@1180563
[   21.029348] Verifying pass ...
[   21.029879] @@@./cp@@@1270473
[   21.032150] Verifying pass ...
[   21.032700] @@@./cp@@@1241916
[   21.034758] Verifying pass ...
[   21.035304] @@@./cp@@@1166779
[   21.037586] Verifying pass ...
[   21.038249] @@@./cp@@@1403100
[   21.040683] Verifying pass ...
[   21.041302] @@@./cp@@@1568212
[   21.044124] Verifying pass ...
[   21.044696] @@@./cp@@@1400610
[   21.047152] Verifying pass ...
[   21.047679] @@@./cp@@@1305707
[   21.050032] Verifying pass ...
[   21.050667] @@@./cp@@@1378566
[   21.052983] Verifying pass ...
[   21.053634] @@@./cp@@@1363384
[   21.055699] Verifying pass ...
[   21.056244] @@@./cp@@@1242500
[   21.058475] Verifying pass ...
[   21.058930] @@@./cp@@@1115926
[   21.061360] Verifying pass ...
[   21.061851] @@@./cp@@@1215960
[   21.064300] Verifying pass ...
[   21.064743] @@@./cp@@@1219170
[   21.067354] Verifying pass ...
[   21.067859] @@@./cp@@@1313611
[   21.070446] Verifying pass ...
[   21.070928] @@@./cp@@@1223819
[   21.073737] Verifying pass ...
[   21.074304] @@@./cp@@@1349246
[   21.076814] Verifying pass ...
[   21.077509] @@@./cp@@@1354250
[   21.079869] Verifying pass ...
[   21.080437] @@@./cp@@@1197234
[   21.082789] Verifying pass ...
[   21.083595] @@@./cp@@@1519670
[   21.086192] Verifying pass ...
[   21.086818] @@@./cp@@@1411434
[   21.089287] Verifying pass ...
[   21.089759] @@@./cp@@@1286057
[   21.092216] Verifying pass ...
[   21.092695] @@@./cp@@@1220708
[   21.094761] Verifying pass ...
[   21.095318] @@@./cp@@@1182275
[   21.097643] Verifying pass ...
[   21.098263] @@@./cp@@@1509540
[   21.100478] Verifying pass ...
[   21.100963] @@@./cp@@@1161749
[   21.103391] Verifying pass ...
[   21.104086] @@@./cp@@@1531786
[   21.106514] Verifying pass ...
[   21.107181] @@@./cp@@@1420070
[   21.109462] Verifying pass ...
[   21.110129] @@@./cp@@@1393356
[   21.112470] Verifying pass ...
[   21.113153] @@@./cp@@@1377549
[   21.115376] Verifying pass ...
[   21.115996] @@@./cp@@@1285021
[   21.118273] Verifying pass ...
[   21.118871] @@@./cp@@@1277259
[   21.120973] Verifying pass ...
[   21.121806] @@@./cp@@@1469754
[   21.124315] Verifying pass ...
[   21.124969] @@@./cp@@@1421370
[   21.127626] Verifying pass ...
[   21.128398] @@@./cp@@@1649982
[   21.130544] Verifying pass ...
[   21.131187] @@@./cp@@@1332388
[   21.133347] Verifying pass ...
[   21.134028] @@@./cp@@@1411411
[   21.136322] Verifying pass ...
[   21.136911] @@@./cp@@@1286649
[   21.139142] Verifying pass ...
[   21.139740] @@@./cp@@@1335152
[   21.141818] Verifying pass ...
[   21.142459] @@@./cp@@@1281490
[   21.144913] Verifying pass ...
[   21.145591] @@@./cp@@@1499365
[   21.148033] Verifying pass ...
[   21.148652] @@@./cp@@@1319973
[   21.150861] Verifying pass ...
[   21.151628] @@@./cp@@@1405746
[   21.153790] Verifying pass ...
[   21.154406] @@@./cp@@@1261807
[   21.156567] Verifying pass ...
[   21.157238] @@@./cp@@@1331164
[   21.159614] Verifying pass ...
[   21.160228] @@@./cp@@@1318696
[   21.162565] Verifying pass ...
[   21.163242] @@@./cp@@@1444396
[   21.165579] Verifying pass ...
[   21.166538] @@@./cp@@@1759817
[   21.169104] Verifying pass ...
[   21.169682] @@@./cp@@@1339028
[   21.172049] Verifying pass ...
[   21.172656] @@@./cp@@@1274056
[   21.174905] Verifying pass ...
[   21.175530] @@@./cp@@@1264776
[   21.177807] Verifying pass ...
[   21.178458] @@@./cp@@@1285918
[   21.180675] Verifying pass ...
[   21.181285] @@@./cp@@@1261787
[   21.184366] Verifying pass ...
[   21.185285] @@@./cp@@@2099846
[   21.187662] Verifying pass ...
[   21.188150] @@@./cp@@@1309065
[   21.190211] Verifying pass ...
[   21.190765] @@@./cp@@@1224630
[   21.192764] Verifying pass ...
[   21.193271] @@@./cp@@@1159789
[   21.195285] Verifying pass ...
[   21.195748] @@@./cp@@@1142077
[   21.198308] Verifying pass ...
[   21.198967] @@@./cp@@@1625475
[   21.201229] Verifying pass ...
[   21.201726] @@@./cp@@@1285793
[   21.203776] Verifying pass ...
[   21.204391] @@@./cp@@@1239390
[   21.207377] Verifying pass ...
[   21.207860] @@@./cp@@@1581413
[   21.209948] Verifying pass ...
[   21.210412] @@@./cp@@@1139619
[   21.212434] Verifying pass ...
[   21.212888] @@@./cp@@@1154153
[   21.215178] Verifying pass ...
[   21.215622] @@@./cp@@@1210327
[   21.217865] Verifying pass ...
[   21.218420] @@@./cp@@@1396244
[   21.220498] Verifying pass ...
[   21.220969] @@@./cp@@@1152273
[   21.222945] Verifying pass ...
[   21.223414] @@@./cp@@@1124875
[   21.225390] Verifying pass ...
[   21.225854] @@@./cp@@@1144934
[   21.228167] Verifying pass ...
[   21.228729] @@@./cp@@@1291142
[   21.230733] Verifying pass ...
[   21.231220] @@@./cp@@@1156315
[   21.233267] Verifying pass ...
[   21.233718] @@@./cp@@@1137885
[   21.235715] Verifying pass ...
[   21.236204] @@@./cp@@@1141287
[   21.238252] Verifying pass ...
[   21.238716] @@@./cp@@@1144434
[   21.240697] Verifying pass ...
[   21.241199] @@@./cp@@@1149815
[   21.243474] Verifying pass ...
[   21.244169] @@@./cp@@@1579971
[   21.246745] Verifying pass ...
[   21.247268] @@@./cp@@@1209506
[   21.249444] Verifying pass ...
[   21.250102] @@@./cp@@@1359146
[   21.252440] Verifying pass ...
[   21.252990] @@@./cp@@@1341081
[   21.255278] Verifying pass ...
[   21.255779] @@@./cp@@@1305102
[   21.258240] Verifying pass ...
[   21.258841] @@@./cp@@@1400696
[   21.261043] Verifying pass ...
[   21.261501] @@@./cp@@@1184135
[   21.263525] Verifying pass ...
[   21.264031] @@@./cp@@@1210021
[   21.266903] Verifying pass ...
[   21.267785] @@@./cp@@@2101152
[   21.270240] Verifying pass ...
[   21.270727] @@@./cp@@@1218010
[   21.272959] Verifying pass ...
[   21.273524] @@@./cp@@@1253518
[   21.275682] Verifying pass ...
[   21.276194] @@@./cp@@@1209542
[   21.278466] Verifying pass ...
[   21.278936] @@@./cp@@@1221332
[   21.280938] Verifying pass ...
[   21.281462] @@@./cp@@@1198012
[   21.283481] Verifying pass ...
[   21.283933] @@@./cp@@@1164570
[   21.285917] Verifying pass ...
[   21.286402] @@@./cp@@@1127846
[   21.288596] Verifying pass ...
[   21.289124] @@@./cp@@@1280950
[   21.291264] Verifying pass ...
[   21.291747] @@@./cp@@@1201302
[   21.293987] Verifying pass ...
[   21.294747] @@@./cp@@@1481076
[   21.296993] Verifying pass ...
[   21.297634] @@@./cp@@@1312063
[   21.299824] Verifying pass ...
