WARNING: Image format was not specified for '/home/mrdrivingduck/Desktop/image/stretch.img' and probing guessed raw.
         Automatically detecting the format is dangerous for raw images, write operations on block 0 will be restricted.
         Specify the 'raw' format explicitly to remove the restrictions.
qemu-system-x86_64: warning: host doesn't support requested feature: CPUID.80000001H:ECX.svm [bit 2]
qemu-system-x86_64: warning: host doesn't support requested feature: CPUID.80000001H:ECX.svm [bit 2]
early console in setup code
early console in extract_kernel
input_data: 0x00000000025d9276
input_len: 0x0000000000794e4d
output: 0x0000000001000000
output_len: 0x0000000001d401e0
kernel_total_size: 0x000000000196f000
booted via startup_32()
Physical KASLR using RDTSC...
Virtual KASLR using RDTSC...

Decompressing Linux... Parsing ELF... Performing relocations... done.
Booting the kernel.
[    0.000000] Linux version 4.15.0+ (mrdrivingduck@zjt-ubuntu) (gcc version 7.5.0 (Ubuntu 7.5.0-3ubuntu1~18.04)) #15 SMP Wed May 13 16:14:27 CST 2020
[    0.000000] Command line: console=ttyS0 root=/dev/sda debug earlyprintk=serial slub_debug=QUZ
[    0.000000] x86/fpu: x87 FPU will use FXSAVE
[    0.000000] e820: BIOS-provided physical RAM map:
[    0.000000] BIOS-e820: [mem 0x0000000000000000-0x000000000009fbff] usable
[    0.000000] BIOS-e820: [mem 0x000000000009fc00-0x000000000009ffff] reserved
[    0.000000] BIOS-e820: [mem 0x00000000000f0000-0x00000000000fffff] reserved
[    0.000000] BIOS-e820: [mem 0x0000000000100000-0x000000007ffdffff] usable
[    0.000000] BIOS-e820: [mem 0x000000007ffe0000-0x000000007fffffff] reserved
[    0.000000] BIOS-e820: [mem 0x00000000feffc000-0x00000000feffffff] reserved
[    0.000000] BIOS-e820: [mem 0x00000000fffc0000-0x00000000ffffffff] reserved
[    0.000000] bootconsole [earlyser0] enabled
[    0.000000] NX (Execute Disable) protection: active
[    0.000000] random: fast init done
[    0.000000] SMBIOS 2.8 present.
[    0.000000] DMI: QEMU Standard PC (i440FX + PIIX, 1996), BIOS 1.10.2-1ubuntu1 04/01/2014
[    0.000000] Hypervisor detected: KVM
[    0.000000] e820: update [mem 0x00000000-0x00000fff] usable ==> reserved
[    0.000000] e820: remove [mem 0x000a0000-0x000fffff] usable
[    0.000000] e820: last_pfn = 0x7ffe0 max_arch_pfn = 0x400000000
[    0.000000] MTRR default type: write-back
[    0.000000] MTRR fixed ranges enabled:
[    0.000000]   00000-9FFFF write-back
[    0.000000]   A0000-BFFFF uncachable
[    0.000000]   C0000-FFFFF write-protect
[    0.000000] MTRR variable ranges enabled:
[    0.000000]   0 base 0080000000 mask FF80000000 uncachable
[    0.000000]   1 disabled
[    0.000000]   2 disabled
[    0.000000]   3 disabled
[    0.000000]   4 disabled
[    0.000000]   5 disabled
[    0.000000]   6 disabled
[    0.000000]   7 disabled
[    0.000000] x86/PAT: PAT not supported by CPU.
[    0.000000] x86/PAT: Configuration [0-7]: WB  WT  UC- UC  WB  WT  UC- UC  
Memory KASLR using RDTSC...
[    0.000000] found SMP MP-table at [mem 0x000f6a80-0x000f6a8f] mapped at [        (ptrval)]
[    0.000000] Scanning 1 areas for low memory corruption
[    0.000000] Base memory trampoline at [        (ptrval)] 99000 size 24576
[    0.000000] BRK [0x64144000, 0x64144fff] PGTABLE
[    0.000000] BRK [0x64145000, 0x64145fff] PGTABLE
[    0.000000] BRK [0x64146000, 0x64146fff] PGTABLE
[    0.000000] BRK [0x64147000, 0x64147fff] PGTABLE
[    0.000000] BRK [0x64148000, 0x64148fff] PGTABLE
[    0.000000] BRK [0x64149000, 0x64149fff] PGTABLE
[    0.000000] ACPI: Early table checksum verification disabled
[    0.000000] ACPI: RSDP 0x00000000000F6860 000014 (v00 BOCHS )
[    0.000000] ACPI: RSDT 0x000000007FFE1656 000030 (v01 BOCHS  BXPCRSDT 00000001 BXPC 00000001)
[    0.000000] ACPI: FACP 0x000000007FFE14AA 000074 (v01 BOCHS  BXPCFACP 00000001 BXPC 00000001)
[    0.000000] ACPI: DSDT 0x000000007FFE0040 00146A (v01 BOCHS  BXPCDSDT 00000001 BXPC 00000001)
[    0.000000] ACPI: FACS 0x000000007FFE0000 000040
[    0.000000] ACPI: APIC 0x000000007FFE159E 000080 (v01 BOCHS  BXPCAPIC 00000001 BXPC 00000001)
[    0.000000] ACPI: HPET 0x000000007FFE161E 000038 (v01 BOCHS  BXPCHPET 00000001 BXPC 00000001)
[    0.000000] ACPI: Local APIC address 0xfee00000
[    0.000000] No NUMA configuration found
[    0.000000] Faking a node at [mem 0x0000000000000000-0x000000007ffdffff]
[    0.000000] NODE_DATA(0) allocated [mem 0x7ffdc000-0x7ffdffff]
[    0.000000] kvm-clock: cpu 0, msr 0:7ffda001, primary cpu clock
[    0.000000] kvm-clock: Using msrs 4b564d01 and 4b564d00
[    0.000000] kvm-clock: using sched offset of 244869863 cycles
[    0.000000] clocksource: kvm-clock: mask: 0xffffffffffffffff max_cycles: 0x1cd42e4dffb, max_idle_ns: 881590591483 ns
[    0.000000] Zone ranges:
[    0.000000]   DMA      [mem 0x0000000000001000-0x0000000000ffffff]
[    0.000000]   DMA32    [mem 0x0000000001000000-0x000000007ffdffff]
[    0.000000]   Normal   empty
[    0.000000] Movable zone start for each node
[    0.000000] Early memory node ranges
[    0.000000]   node   0: [mem 0x0000000000001000-0x000000000009efff]
[    0.000000]   node   0: [mem 0x0000000000100000-0x000000007ffdffff]
[    0.000000] Initmem setup node 0 [mem 0x0000000000001000-0x000000007ffdffff]
[    0.000000] On node 0 totalpages: 524158
[    0.000000]   DMA zone: 64 pages used for memmap
[    0.000000]   DMA zone: 21 pages reserved
[    0.000000]   DMA zone: 3998 pages, LIFO batch:0
[    0.000000]   DMA32 zone: 8128 pages used for memmap
[    0.000000]   DMA32 zone: 520160 pages, LIFO batch:31
[    0.000000] Reserved but unavailable: 98 pages
[    0.000000] ACPI: PM-Timer IO Port: 0x608
[    0.000000] ACPI: Local APIC address 0xfee00000
[    0.000000] ACPI: LAPIC_NMI (acpi_id[0xff] dfl dfl lint[0x1])
[    0.000000] IOAPIC[0]: apic_id 0, version 17, address 0xfec00000, GSI 0-23
[    0.000000] ACPI: INT_SRC_OVR (bus 0 bus_irq 0 global_irq 2 dfl dfl)
[    0.000000] ACPI: INT_SRC_OVR (bus 0 bus_irq 5 global_irq 5 high level)
[    0.000000] ACPI: INT_SRC_OVR (bus 0 bus_irq 9 global_irq 9 high level)
[    0.000000] ACPI: INT_SRC_OVR (bus 0 bus_irq 10 global_irq 10 high level)
[    0.000000] ACPI: INT_SRC_OVR (bus 0 bus_irq 11 global_irq 11 high level)
[    0.000000] ACPI: IRQ0 used by override.
[    0.000000] ACPI: IRQ5 used by override.
[    0.000000] ACPI: IRQ9 used by override.
[    0.000000] ACPI: IRQ10 used by override.
[    0.000000] ACPI: IRQ11 used by override.
[    0.000000] Using ACPI (MADT) for SMP configuration information
[    0.000000] ACPI: HPET id: 0x8086a201 base: 0xfed00000
[    0.000000] smpboot: Allowing 2 CPUs, 0 hotplug CPUs
[    0.000000] PM: Registered nosave memory: [mem 0x00000000-0x00000fff]
[    0.000000] PM: Registered nosave memory: [mem 0x0009f000-0x0009ffff]
[    0.000000] PM: Registered nosave memory: [mem 0x000a0000-0x000effff]
[    0.000000] PM: Registered nosave memory: [mem 0x000f0000-0x000fffff]
[    0.000000] e820: [mem 0x80000000-0xfeffbfff] available for PCI devices
[    0.000000] Booting paravirtualized kernel on KVM
[    0.000000] clocksource: refined-jiffies: mask: 0xffffffff max_cycles: 0xffffffff, max_idle_ns: 1910969940391419 ns
[    0.000000] setup_percpu: NR_CPUS:64 nr_cpumask_bits:64 nr_cpu_ids:2 nr_node_ids:1
[    0.000000] percpu: Embedded 43 pages/cpu @        (ptrval) s137624 r8192 d30312 u1048576
[    0.000000] pcpu-alloc: s137624 r8192 d30312 u1048576 alloc=1*2097152
[    0.000000] pcpu-alloc: [0] 0 1 
[    0.000000] KVM setup async PF for cpu 0
[    0.000000] kvm-stealtime: cpu 0, msr 7fc152c0
[    0.000000] Built 1 zonelists, mobility grouping on.  Total pages: 515945
[    0.000000] Policy zone: DMA32
[    0.000000] Kernel command line: console=ttyS0 root=/dev/sda debug earlyprintk=serial slub_debug=QUZ
[    0.000000] slub_debug option 'Q' unknown. skipped
[    0.000000] Calgary: detecting Calgary via BIOS EBDA area
[    0.000000] Calgary: Unable to locate Rio Grande table in EBDA - bailing!
[    0.000000] Memory: 2037436K/2096632K available (12300K kernel code, 1285K rwdata, 2960K rodata, 1276K init, 676K bss, 59196K reserved, 0K cma-reserved)
[    0.000000] SLUB: HWalign=64, Order=0-3, MinObjects=0, CPUs=2, Nodes=1
[    0.000000] Kernel/User page tables isolation: enabled
[    0.001000] Hierarchical RCU implementation.
[    0.001000] 	RCU event tracing is enabled.
[    0.001000] 	RCU restricting CPUs from NR_CPUS=64 to nr_cpu_ids=2.
[    0.001000] RCU: Adjusting geometry for rcu_fanout_leaf=16, nr_cpu_ids=2
[    0.001000] NR_IRQS: 4352, nr_irqs: 440, preallocated irqs: 16
[    0.001000] Console: colour VGA+ 80x25
[    0.001000] console [ttyS0] enabled
[    0.001000] console [ttyS0] enabled
[    0.001000] bootconsole [earlyser0] disabled
[    0.001000] bootconsole [earlyser0] disabled
[    0.001000] ACPI: Core revision 20170831
[    0.001000] ACPI: 1 ACPI AML tables successfully acquired and loaded
[    0.001000] clocksource: hpet: mask: 0xffffffff max_cycles: 0xffffffff, max_idle_ns: 19112604467 ns
[    0.001000] hpet clockevent registered
[    0.001009] APIC: Switch to symmetric I/O mode setup
[    0.003372] ..TIMER: vector=0x30 apic1=0 pin1=2 apic2=-1 pin2=-1
[    0.004000] tsc: Detected 2807.998 MHz processor
[    0.004000] Calibrating delay loop (skipped) preset value.. 5615.99 BogoMIPS (lpj=2807998)
[    0.004002] pid_max: default: 32768 minimum: 301
[    0.005037] Security Framework initialized
[    0.005546] SELinux:  Initializing.
[    0.006022] SELinux:  Starting in permissive mode
[    0.007306] Dentry cache hash table entries: 262144 (order: 9, 2097152 bytes)
[    0.008226] Inode-cache hash table entries: 131072 (order: 8, 1048576 bytes)
[    0.009016] Mount-cache hash table entries: 4096 (order: 3, 32768 bytes)
[    0.010008] Mountpoint-cache hash table entries: 4096 (order: 3, 32768 bytes)
[    0.011360] CPU: Physical Processor ID: 0
[    0.012016] mce: CPU supports 10 MCE banks
[    0.013009] Last level iTLB entries: 4KB 0, 2MB 0, 4MB 0
[    0.013582] Last level dTLB entries: 4KB 0, 2MB 0, 4MB 0, 1GB 0
[    0.014001] Spectre V2 mitigation: Mitigation: Full generic retpoline
[    0.015151] Freeing SMP alternatives memory: 40K
[    0.017000] smpboot: CPU0: Intel QEMU Virtual CPU version 2.5+ (family: 0x6, model: 0x6, stepping: 0x3)
[    0.017131] Performance Events: PMU not available due to virtualization, using software events only.
[    0.018038] Hierarchical SRCU implementation.
[    0.019117] smp: Bringing up secondary CPUs ...
[    0.019714] x86: Booting SMP configuration:
[    0.020001] .... node  #0, CPUs:      #1
[    0.001000] kvm-clock: cpu 1, msr 0:7ffda041, secondary cpu clock
[    0.024015] KVM setup async PF for cpu 1
[    0.024526] kvm-stealtime: cpu 1, msr 7fd152c0
[    0.025004] smp: Brought up 1 node, 2 CPUs
[    0.025447] smpboot: Max logical packages: 2
[    0.026003] smpboot: Total of 2 processors activated (11231.99 BogoMIPS)
[    0.027041] devtmpfs: initialized
[    0.028124] kworker/u4:0 (20) used greatest stack depth: 14392 bytes left
[    0.028155] clocksource: jiffies: mask: 0xffffffff max_cycles: 0xffffffff, max_idle_ns: 1911260446275000 ns
[    0.028164] futex hash table entries: 512 (order: 3, 32768 bytes)
[    0.028406] RTC time:  8:15:34, date: 05/13/20
[    0.030038] NET: Registered protocol family 16
[    0.030250] audit: initializing netlink subsys (disabled)
[    0.030889] audit: type=2000 audit(1589357735.178:1): state=initialized audit_enabled=0 res=1
[    0.033223] cpuidle: using governor menu
[    0.033852] ACPI: bus type PCI registered
[    0.034325] PCI: Using configuration type 1 for base access
[    0.038954] kworker/u4:2 (103) used greatest stack depth: 14280 bytes left
[    0.048450] HugeTLB registered 2.00 MiB page size, pre-allocated 0 pages
[    0.050155] ACPI: Added _OSI(Module Device)
[    0.050680] ACPI: Added _OSI(Processor Device)
[    0.051161] ACPI: Added _OSI(3.0 _SCP Extensions)
[    0.051677] ACPI: Added _OSI(Processor Aggregator Device)
[    0.056484] ACPI: Interpreter enabled
[    0.057048] ACPI: (supports S0 S3 S4 S5)
[    0.057516] ACPI: Using IOAPIC for interrupt routing
[    0.058078] PCI: Using host bridge windows from ACPI; if necessary, use "pci=nocrs" and report a bug
[    0.059429] ACPI: Enabled 2 GPEs in block 00 to 0F
[    0.075681] ACPI: PCI Root Bridge [PCI0] (domain 0000 [bus 00-ff])
[    0.076009] acpi PNP0A03:00: _OSC: OS supports [ASPM ClockPM Segments MSI]
[    0.077022] acpi PNP0A03:00: _OSC failed (AE_NOT_FOUND); disabling ASPM
[    0.078025] acpi PNP0A03:00: fail to add MMCONFIG information, can't access extended PCI configuration space under this bridge.
[    0.079155] PCI host bridge to bus 0000:00
[    0.079690] pci_bus 0000:00: root bus resource [io  0x0000-0x0cf7 window]
[    0.080014] pci_bus 0000:00: root bus resource [io  0x0d00-0xffff window]
[    0.081003] pci_bus 0000:00: root bus resource [mem 0x000a0000-0x000bffff window]
[    0.082002] pci_bus 0000:00: root bus resource [mem 0x80000000-0xfebfffff window]
[    0.082792] pci_bus 0000:00: root bus resource [mem 0x100000000-0x17fffffff window]
[    0.083005] pci_bus 0000:00: root bus resource [bus 00-ff]
[    0.084037] pci 0000:00:00.0: [8086:1237] type 00 class 0x060000
[    0.085710] pci 0000:00:01.0: [8086:7000] type 00 class 0x060100
[    0.087760] pci 0000:00:01.1: [8086:7010] type 00 class 0x010180
[    0.090003] pci 0000:00:01.1: reg 0x20: [io  0xc040-0xc04f]
[    0.091796] pci 0000:00:01.1: legacy IDE quirk: reg 0x10: [io  0x01f0-0x01f7]
[    0.092002] pci 0000:00:01.1: legacy IDE quirk: reg 0x14: [io  0x03f6]
[    0.093002] pci 0000:00:01.1: legacy IDE quirk: reg 0x18: [io  0x0170-0x0177]
[    0.094001] pci 0000:00:01.1: legacy IDE quirk: reg 0x1c: [io  0x0376]
[    0.095446] pci 0000:00:01.3: [8086:7113] type 00 class 0x068000
[    0.096374] pci 0000:00:01.3: quirk: [io  0x0600-0x063f] claimed by PIIX4 ACPI
[    0.097008] pci 0000:00:01.3: quirk: [io  0x0700-0x070f] claimed by PIIX4 SMB
[    0.098446] pci 0000:00:02.0: [1234:1111] type 00 class 0x030000
[    0.100375] pci 0000:00:02.0: reg 0x10: [mem 0xfd000000-0xfdffffff pref]
[    0.102284] pci 0000:00:02.0: reg 0x18: [mem 0xfebb0000-0xfebb0fff]
[    0.106323] pci 0000:00:02.0: reg 0x30: [mem 0xfeba0000-0xfebaffff pref]
[    0.107599] pci 0000:00:03.0: [8086:100e] type 00 class 0x020000
[    0.108475] pci 0000:00:03.0: reg 0x10: [mem 0xfeb80000-0xfeb9ffff]
[    0.109400] pci 0000:00:03.0: reg 0x14: [io  0xc000-0xc03f]
[    0.113003] pci 0000:00:03.0: reg 0x30: [mem 0xfeb00000-0xfeb7ffff pref]
[    0.116573] ACPI: PCI Interrupt Link [LNKA] (IRQs 5 *10 11)
[    0.117616] ACPI: PCI Interrupt Link [LNKB] (IRQs 5 *10 11)
[    0.119097] ACPI: PCI Interrupt Link [LNKC] (IRQs 5 10 *11)
[    0.120061] ACPI: PCI Interrupt Link [LNKD] (IRQs 5 10 *11)
[    0.120831] ACPI: PCI Interrupt Link [LNKS] (IRQs *9)
[    0.122245] pci 0000:00:02.0: vgaarb: setting as boot VGA device
[    0.122665] pci 0000:00:02.0: vgaarb: VGA device added: decodes=io+mem,owns=io+mem,locks=none
[    0.123002] pci 0000:00:02.0: vgaarb: bridge control possible
[    0.124003] vgaarb: loaded
[    0.125073] SCSI subsystem initialized
[    0.125530] libata version 3.00 loaded.
[    0.126206] ACPI: bus type USB registered
[    0.126736] usbcore: registered new interface driver usbfs
[    0.127072] usbcore: registered new interface driver hub
[    0.128043] usbcore: registered new device driver usb
[    0.129041] pps_core: LinuxPPS API ver. 1 registered
[    0.129553] pps_core: Software ver. 5.3.6 - Copyright 2005-2007 Rodolfo Giometti <giometti@linux.it>
[    0.130046] PTP clock support registered
[    0.131206] EDAC MC: Ver: 3.0.0
[    0.132242] Advanced Linux Sound Architecture Driver Initialized.
[    0.133138] PCI: Using ACPI for IRQ routing
[    0.133575] PCI: pci_cache_line_size set to 64 bytes
[    0.134090] e820: reserve RAM buffer [mem 0x0009fc00-0x0009ffff]
[    0.134696] e820: reserve RAM buffer [mem 0x7ffe0000-0x7fffffff]
[    0.135441] NetLabel: Initializing
[    0.136012] NetLabel:  domain hash size = 128
[    0.136483] NetLabel:  protocols = UNLABELED CIPSOv4 CALIPSO
[    0.137055] NetLabel:  unlabeled traffic allowed by default
[    0.138134] HPET: 3 timers in total, 0 timers will be used for per-cpu timer
[    0.138870] hpet0: at MMIO 0xfed00000, IRQs 2, 8, 0
[    0.139002] hpet0: 3 comparators, 64-bit 100.000000 MHz counter
[    0.144028] clocksource: Switched to clocksource kvm-clock
[    0.174541] VFS: Disk quotas dquot_6.6.0
[    0.175036] VFS: Dquot-cache hash table entries: 512 (order 0, 4096 bytes)
[    0.175892] pnp: PnP ACPI init
[    0.176506] pnp 00:00: Plug and Play ACPI device, IDs PNP0b00 (active)
[    0.177448] pnp 00:01: Plug and Play ACPI device, IDs PNP0303 (active)
[    0.178584] pnp 00:02: Plug and Play ACPI device, IDs PNP0f13 (active)
[    0.179545] pnp 00:03: [dma 2]
[    0.179994] pnp 00:03: Plug and Play ACPI device, IDs PNP0700 (active)
[    0.181151] pnp 00:04: Plug and Play ACPI device, IDs PNP0400 (active)
[    0.182015] pnp 00:05: Plug and Play ACPI device, IDs PNP0501 (active)
[    0.183649] pnp: PnP ACPI: found 6 devices
[    0.197207] clocksource: acpi_pm: mask: 0xffffff max_cycles: 0xffffff, max_idle_ns: 2085701024 ns
[    0.198293] pci_bus 0000:00: resource 4 [io  0x0000-0x0cf7 window]
[    0.198929] pci_bus 0000:00: resource 5 [io  0x0d00-0xffff window]
[    0.199580] pci_bus 0000:00: resource 6 [mem 0x000a0000-0x000bffff window]
[    0.200292] pci_bus 0000:00: resource 7 [mem 0x80000000-0xfebfffff window]
[    0.200996] pci_bus 0000:00: resource 8 [mem 0x100000000-0x17fffffff window]
[    0.201877] NET: Registered protocol family 2
[    0.202656] TCP established hash table entries: 16384 (order: 5, 131072 bytes)
[    0.203482] TCP bind hash table entries: 16384 (order: 6, 262144 bytes)
[    0.204186] TCP: Hash tables configured (established 16384 bind 16384)
[    0.204911] UDP hash table entries: 1024 (order: 3, 32768 bytes)
[    0.205545] UDP-Lite hash table entries: 1024 (order: 3, 32768 bytes)
[    0.206283] NET: Registered protocol family 1
[    0.207054] RPC: Registered named UNIX socket transport module.
[    0.207748] RPC: Registered udp transport module.
[    0.208326] RPC: Registered tcp transport module.
[    0.208959] RPC: Registered tcp NFSv4.1 backchannel transport module.
[    0.210241] pci 0000:00:00.0: Limiting direct PCI/PCI transfers
[    0.210933] pci 0000:00:01.0: PIIX3: Enabling Passive Release
[    0.211654] pci 0000:00:01.0: Activating ISA DMA hang workarounds
[    0.212491] pci 0000:00:02.0: Video device with shadowed ROM at [mem 0x000c0000-0x000dffff]
[    0.213506] PCI: CLS 0 bytes, default 64
[    0.214635] Scanning for low memory corruption every 60 seconds
[    0.216742] Initialise system trusted keyrings
[    0.217295] workingset: timestamp_bits=56 max_order=19 bucket_order=0
[    0.229462] NFS: Registering the id_resolver key type
[    0.230230] Key type id_resolver registered
[    0.230690] Key type id_legacy registered
[    0.231235] 9p: Installing v9fs 9p2000 file system support
[    0.232201] SELinux:  Registering netfilter hooks
[    0.235162] Key type asymmetric registered
[    0.235744] Asymmetric key parser 'x509' registered
[    0.236408] Block layer SCSI generic (bsg) driver version 0.4 loaded (major 250)
[    0.237269] io scheduler noop registered
[    0.237697] io scheduler deadline registered
[    0.238280] io scheduler cfq registered (default)
[    0.238868] io scheduler mq-deadline registered
[    0.239539] io scheduler kyber registered
[    0.241358] input: Power Button as /devices/LNXSYSTM:00/LNXPWRBN:00/input/input0
[    0.242282] ACPI: Power Button [PWRF]
[    0.243635] Serial: 8250/16550 driver, 4 ports, IRQ sharing enabled
[    0.266714] 00:05: ttyS0 at I/O 0x3f8 (irq = 4, base_baud = 115200) is a 16550A
[    0.269261] Non-volatile memory driver v1.3
[    0.269988] Linux agpgart interface v0.103
[    0.275916] loop: module loaded
[    0.277185] ata_piix 0000:00:01.1: version 2.13
[    0.278790] scsi host0: ata_piix
[    0.279585] scsi host1: ata_piix
[    0.280192] ata1: PATA max MWDMA2 cmd 0x1f0 ctl 0x3f6 bmdma 0xc040 irq 14
[    0.280940] ata2: PATA max MWDMA2 cmd 0x170 ctl 0x376 bmdma 0xc048 irq 15
[    0.281852] e100: Intel(R) PRO/100 Network Driver, 3.5.24-k2-NAPI
[    0.282593] e100: Copyright(c) 1999-2006 Intel Corporation
[    0.283269] e1000: Intel(R) PRO/1000 Network Driver - version 7.3.21-k8-NAPI
[    0.284078] e1000: Copyright (c) 1999-2006 Intel Corporation.
[    0.440608] ata2.01: NODEV after polling detection
[    0.441539] ata1.01: NODEV after polling detection
[    0.442395] ata1.00: ATA-7: QEMU HARDDISK, 2.5+, max UDMA/100
[    0.443171] ata1.00: 4194304 sectors, multi 16: LBA48 
[    0.443990] ata2.00: ATAPI: QEMU DVD-ROM, 2.5+, max UDMA/100
[    0.445000] ata2.00: configured for MWDMA2
[    0.445800] ata1.00: configured for MWDMA2
[    0.446417] scsi 0:0:0:0: Direct-Access     ATA      QEMU HARDDISK    2.5+ PQ: 0 ANSI: 5
[    0.447684] sd 0:0:0:0: Attached scsi generic sg0 type 0
[    0.447783] sd 0:0:0:0: [sda] 4194304 512-byte logical blocks: (2.15 GB/2.00 GiB)
[    0.447793] sd 0:0:0:0: [sda] Write Protect is off
[    0.447794] sd 0:0:0:0: [sda] Mode Sense: 00 3a 00 00
[    0.447813] sd 0:0:0:0: [sda] Write cache: enabled, read cache: enabled, doesn't support DPO or FUA
[    0.450280] sd 0:0:0:0: [sda] Attached SCSI disk
[    0.452559] scsi 1:0:0:0: CD-ROM            QEMU     QEMU DVD-ROM     2.5+ PQ: 0 ANSI: 5
[    0.465691] sr 1:0:0:0: [sr0] scsi3-mmc drive: 4x/4x cd/rw xa/form2 tray
[    0.466455] cdrom: Uniform CD-ROM driver Revision: 3.20
[    0.467429] sr 1:0:0:0: Attached scsi CD-ROM sr0
[    0.468256] sr 1:0:0:0: Attached scsi generic sg1 type 5
[    0.529623] ACPI: PCI Interrupt Link [LNKC] enabled at IRQ 11
[    0.839783] e1000 0000:00:03.0 eth0: (PCI:33MHz:32-bit) 52:54:00:12:34:56
[    0.840786] e1000 0000:00:03.0 eth0: Intel(R) PRO/1000 Network Connection
[    0.841757] e1000e: Intel(R) PRO/1000 Network Driver - 3.2.6-k
[    0.842545] e1000e: Copyright(c) 1999 - 2015 Intel Corporation.
[    0.843403] sky2: driver version 1.30
[    0.844179] ehci_hcd: USB 2.0 'Enhanced' Host Controller (EHCI) Driver
[    0.845044] ehci-pci: EHCI PCI platform driver
[    0.845640] ohci_hcd: USB 1.1 'Open' Host Controller (OHCI) Driver
[    0.846482] ohci-pci: OHCI PCI platform driver
[    0.847097] uhci_hcd: USB Universal Host Controller Interface driver
[    0.848058] usbcore: registered new interface driver usblp
[    0.848788] usbcore: registered new interface driver usb-storage
[    0.849655] i8042: PNP: PS/2 Controller [PNP0303:KBD,PNP0f13:MOU] at 0x60,0x64 irq 1,12
[    0.851664] serio: i8042 KBD port at 0x60,0x64 irq 1
[    0.852344] serio: i8042 AUX port at 0x60,0x64 irq 12
[    0.853460] input: AT Translated Set 2 keyboard as /devices/platform/i8042/serio0/input/input1
[    0.854233] rtc_cmos 00:00: RTC can wake from S4
[    0.855215] rtc_cmos 00:00: rtc core: registered rtc_cmos as rtc0
[    0.856214] rtc_cmos 00:00: alarms up to one day, y3k, 114 bytes nvram, hpet irqs
[    0.858811] device-mapper: ioctl: 4.37.0-ioctl (2017-09-20) initialised: dm-devel@redhat.com
[    0.859998] hidraw: raw HID events driver (C) Jiri Kosina
[    0.861658] usbcore: registered new interface driver usbhid
[    0.862299] usbhid: USB HID core driver
[    0.863389] Netfilter messages via NETLINK v0.30.
[    0.864081] nf_conntrack version 0.5.0 (16384 buckets, 65536 max)
[    0.864982] ctnetlink v0.93: registering with nfnetlink.
[    0.865637] ip_tables: (C) 2000-2006 Netfilter Core Team
[    0.866567] Initializing XFRM netlink socket
[    0.867652] NET: Registered protocol family 10
[    0.868771] Segment Routing with IPv6
[    0.869298] ip6_tables: (C) 2000-2006 Netfilter Core Team
[    0.870291] sit: IPv6, IPv4 and MPLS over IPv4 tunneling driver
[    0.871514] NET: Registered protocol family 17
[    0.872155] 9pnet: Installing 9P2000 support
[    0.872767] Key type dns_resolver registered
[    0.873649] sched_clock: Marking stable (873546279, 0)->(1160852980, -287306701)
[    0.875095] registered taskstats version 1
[    0.875625] Loading compiled-in X.509 certificates
[    0.876733] Loaded X.509 cert 'WatchDog: ELF verification: 7e0e1ac946e5350460497ba611a475534c9c3ec4'
[    0.878124]   Magic number: 4:536:270
[    0.878564] console [netcon0] enabled
[    0.878943] netconsole: network logging started
[    0.879609] cfg80211: Loading compiled-in X.509 certificates for regulatory database
[    0.880832] cfg80211: Loaded X.509 cert 'sforshee: 00b28ddf47aef9cea7'
[    0.881604] platform regulatory.0: Direct firmware load for regulatory.db failed with error -2
[    0.882618] cfg80211: failed to load regulatory.db
[    0.882633] ALSA device list:
[    0.882633]   No soundcards found.
[    1.248778] tsc: Refined TSC clocksource calibration: 2807.614 MHz
[    1.252106] clocksource: tsc: mask: 0xffffffffffffffff max_cycles: 0x2878599da7e, max_idle_ns: 440795266341 ns
[    1.488147] input: ImExPS/2 Generic Explorer Mouse as /devices/platform/i8042/serio1/input/input3
[    1.489905] md: Waiting for all devices to be available before autodetect
[    1.490672] md: If you don't use raid, use raid=noautodetect
[    1.491670] md: Autodetecting RAID arrays.
[    1.492258] md: autorun ...
[    1.492658] md: ... autorun DONE.
[    1.493501] EXT4-fs (sda): couldn't mount as ext3 due to feature incompatibilities
[    1.494847] EXT4-fs (sda): couldn't mount as ext2 due to feature incompatibilities
[    1.501814] EXT4-fs (sda): mounted filesystem with ordered data mode. Opts: (null)
[    1.502852] VFS: Mounted root (ext4 filesystem) readonly on device 8:0.
[    1.504399] devtmpfs: mounted
[    1.505794] Freeing unused kernel memory: 1276K
[    1.506318] Write protecting the kernel read-only data: 18432k
[    1.507904] Freeing unused kernel memory: 2008K
[    1.509919] Freeing unused kernel memory: 1136K
[    1.520177] @@@/sbin/init@@@9731
[    1.577711] SELinux: 32768 avtab hash slots, 100670 rules.
[    1.692791] SELinux: 32768 avtab hash slots, 100670 rules.
[    1.757912] SELinux:  6 users, 14 roles, 4223 types, 238 bools, 1 sens, 1024 cats
[    1.758967] SELinux:  95 classes, 100670 rules
[    1.780334] SELinux:  Permission getrlimit in class process not defined in policy.
[    1.781375] SELinux:  Class process2 not defined in policy.
[    1.782111] SELinux:  Permission map in class file not defined in policy.
[    1.782975] SELinux:  Permission map in class dir not defined in policy.
[    1.783834] SELinux:  Permission map in class lnk_file not defined in policy.
[    1.784877] SELinux:  Permission map in class chr_file not defined in policy.
[    1.785617] SELinux:  Permission map in class blk_file not defined in policy.
[    1.786355] SELinux:  Permission map in class sock_file not defined in policy.
[    1.787144] SELinux:  Permission map in class fifo_file not defined in policy.
[    1.787886] SELinux:  Permission map in class socket not defined in policy.
[    1.788607] SELinux:  Permission map in class tcp_socket not defined in policy.
[    1.789363] SELinux:  Permission map in class udp_socket not defined in policy.
[    1.790118] SELinux:  Permission map in class rawip_socket not defined in policy.
[    1.790883] SELinux:  Permission map in class netlink_socket not defined in policy.
[    1.791685] SELinux:  Permission map in class packet_socket not defined in policy.
[    1.792466] SELinux:  Permission map in class key_socket not defined in policy.
[    1.793218] SELinux:  Permission map in class unix_stream_socket not defined in policy.
[    1.794039] SELinux:  Permission map in class unix_dgram_socket not defined in policy.
[    1.794851] SELinux:  Permission map in class netlink_route_socket not defined in policy.
[    1.795705] SELinux:  Permission map in class netlink_tcpdiag_socket not defined in policy.
[    1.796565] SELinux:  Permission map in class netlink_nflog_socket not defined in policy.
[    1.797403] SELinux:  Permission map in class netlink_xfrm_socket not defined in policy.
[    1.798232] SELinux:  Permission map in class netlink_selinux_socket not defined in policy.
[    1.799112] SELinux:  Permission map in class netlink_iscsi_socket not defined in policy.
[    1.800209] SELinux:  Permission map in class netlink_audit_socket not defined in policy.
[    1.801371] SELinux:  Permission map in class netlink_fib_lookup_socket not defined in policy.
[    1.802505] SELinux:  Permission map in class netlink_connector_socket not defined in policy.
[    1.803424] SELinux:  Permission map in class netlink_netfilter_socket not defined in policy.
[    1.804300] SELinux:  Permission map in class netlink_dnrt_socket not defined in policy.
[    1.805135] SELinux:  Permission map in class netlink_kobject_uevent_socket not defined in policy.
[    1.806054] SELinux:  Permission map in class netlink_generic_socket not defined in policy.
[    1.806905] SELinux:  Permission map in class netlink_scsitransport_socket not defined in policy.
[    1.807831] SELinux:  Permission map in class netlink_rdma_socket not defined in policy.
[    1.808666] SELinux:  Permission map in class netlink_crypto_socket not defined in policy.
[    1.809517] SELinux:  Permission map in class appletalk_socket not defined in policy.
[    1.810328] SELinux:  Permission map in class dccp_socket not defined in policy.
[    1.811103] SELinux:  Permission map in class tun_socket not defined in policy.
[    1.811893] SELinux:  Class sctp_socket not defined in policy.
[    1.812500] SELinux:  Class icmp_socket not defined in policy.
[    1.813104] SELinux:  Class ax25_socket not defined in policy.
[    1.813700] SELinux:  Class ipx_socket not defined in policy.
[    1.814297] SELinux:  Class netrom_socket not defined in policy.
[    1.815021] SELinux:  Class atmpvc_socket not defined in policy.
[    1.815646] SELinux:  Class x25_socket not defined in policy.
[    1.816242] SELinux:  Class rose_socket not defined in policy.
[    1.816871] SELinux:  Class decnet_socket not defined in policy.
[    1.817493] SELinux:  Class atmsvc_socket not defined in policy.
[    1.818114] SELinux:  Class rds_socket not defined in policy.
[    1.818700] SELinux:  Class irda_socket not defined in policy.
[    1.819316] SELinux:  Class pppox_socket not defined in policy.
[    1.819925] SELinux:  Class llc_socket not defined in policy.
[    1.820519] SELinux:  Class can_socket not defined in policy.
[    1.821132] SELinux:  Class tipc_socket not defined in policy.
[    1.821897] SELinux:  Class bluetooth_socket not defined in policy.
[    1.822809] SELinux:  Class iucv_socket not defined in policy.
[    1.823650] SELinux:  Class rxrpc_socket not defined in policy.
[    1.824421] SELinux:  Class isdn_socket not defined in policy.
[    1.825040] SELinux:  Class phonet_socket not defined in policy.
[    1.825797] SELinux:  Class ieee802154_socket not defined in policy.
[    1.826452] SELinux:  Class caif_socket not defined in policy.
[    1.827061] SELinux:  Class alg_socket not defined in policy.
[    1.827649] SELinux:  Class nfc_socket not defined in policy.
[    1.828243] SELinux:  Class vsock_socket not defined in policy.
[    1.828847] SELinux:  Class kcm_socket not defined in policy.
[    1.829439] SELinux:  Class qipcrtr_socket not defined in policy.
[    1.830066] SELinux:  Class smc_socket not defined in policy.
[    1.830652] SELinux:  Class infiniband_pkey not defined in policy.
[    1.831297] SELinux:  Class infiniband_endport not defined in policy.
[    1.831955] SELinux:  Class bpf not defined in policy.
[    1.832490] SELinux: the above unknown classes and permissions will be allowed
[    1.833262] SELinux:  policy capability network_peer_controls=1
[    1.833869] SELinux:  policy capability open_perms=1
[    1.834386] SELinux:  policy capability extended_socket_class=0
[    1.834992] SELinux:  policy capability always_check_network=0
[    1.835608] SELinux:  policy capability cgroup_seclabel=0
[    1.836172] SELinux:  policy capability nnp_nosuid_transition=0
[    1.836778] SELinux:  Completing initialization.
[    1.837262] SELinux:  Setting up existing superblocks.
[    1.853100] audit: type=1403 audit(1589357737.001:2): policy loaded auid=4294967295 ses=4294967295
[    1.856560] systemd[1]: Successfully loaded SELinux policy in 308.081ms.
[    1.865826] audit: type=1400 audit(1589357737.013:3): avc:  denied  { associate } for  pid=1 comm="systemd" name="pts" scontext=system_u:object_r:devpts_t:s0 tcontext=system_u:object_r:device_t:s0 tclass=filesystem permissive=1
[    1.873483] systemd[1]: Relabelled /dev and /run in 5.279ms.
[    1.879297] systemd[1]: Mounting cgroup to /sys/fs/cgroup/freezer of type cgroup with options freezer.
[    1.881260] systemd[1]: Mounting cgroup to /sys/fs/cgroup/cpuset of type cgroup with options cpuset.
[    1.883471] systemd[1]: Mounting cgroup to /sys/fs/cgroup/cpu,cpuacct of type cgroup with options cpu,cpuacct.
[    1.885507] systemd[1]: systemd 232 running in system mode. (+PAM +AUDIT +SELINUX +IMA +APPARMOR +SMACK +SYSVINIT +UTMP +LIBCRYPTSETUP +GCRYPT +GNUTLS +ACL +XZ +LZ4 +SECCOMP +BLKID +ELFUTILS +KMOD +IDN)
[    1.888259] systemd[1]: Virtualization QEMU found in DMI (/sys/class/dmi/id/sys_vendor)
[    1.889475] systemd[1]: Found VM virtualization qemu
[    1.890200] systemd[1]: Detected virtualization qemu.
[    1.890929] systemd[1]: Detected architecture x86-64.

Welcome to [1mDebian GNU/Linux 9 (stretch)[0m!

[    1.893072] systemd[1]: Set hostname to <syzkaller>.
[    1.895204] systemd[1]: Using cgroup controller name=systemd. File system hierarchy is at /sys/fs/cgroup/systemd.
[    1.909496] @@@/lib/systemd/system-generators/systemd-debug-generator@@@7189
[    1.909562] @@@/lib/systemd/system-generators/systemd-hibernate-resume-generator@@@8646
[    1.912080] @@@/lib/systemd/system-generators/systemd-getty-generator@@@9336
[    1.914438] @@@/lib/systemd/system-generators/systemd-gpt-auto-generator@@@13050
[    1.914795] systemd-hiberna (1122) used greatest stack depth: 13880 bytes left
[    1.916408] @@@/lib/systemd/system-generators/systemd-system-update-generator@@@15917
[    1.918053] @@@/lib/systemd/system-generators/systemd-sysv-generator@@@16208
[    1.920632] systemd-gpt-auto-generator[1123]: /dev/sda: parent isn't a raw disk, ignoring.
[    1.922657] systemd-gpt-aut (1123) used greatest stack depth: 13512 bytes left
[    1.923517] @@@/lib/systemd/system-generators/systemd-rc-local-generator@@@19455
[    1.925117] @@@/lib/systemd/system-generators/systemd-cryptsetup-generator@@@20205
[    1.925573] @@@/lib/systemd/system-generators/systemd-fstab-generator@@@21090
[    1.927936] systemd-fstab-generator[1129]: Parsing /etc/fstab
[    1.929625] @@@/lib/systemd/system-generators/selinux-autorelabel-generator.sh@@@26191
[    1.931460] systemd-fstab-generator[1129]: Found entry what=/dev/root where=/ type=ext4 nofail=no noauto=no
[    1.931686] systemd-fstab-generator[1129]: Found entry what=debugfs where=/sys/kernel/debug type=debugfs nofail=no noauto=no
[    1.935250] systemd-getty-generator[1126]: Automatically adding serial getty for /dev/ttyS0.
[    1.940097] systemd-fstab-generator[1129]: Found entry what=securityfs where=/sys/kernel/security type=securityfs nofail=no noauto=no
[    1.942225] systemd-fstab-generator[1129]: Found entry what=configfs where=/sys/kernel/config type=configfs nofail=no noauto=no
[    1.944511] systemd-sysv-generator[1124]: Native unit for networking.service already exists, skipping.
[    1.944908] @@@/usr/sbin/selinuxenabled@@@14464
[    1.946886] systemd-fstab-generator[1129]: Found entry what=binfmt_misc where=/proc/sys/fs/binfmt_misc type=binfmt_misc nofail=no noauto=no
[    1.949296] systemd-sysv-generator[1124]: Native unit for selinux-autorelabel.service already exists, skipping.
[    1.950945] systemd-sysv-generator[1124]: Native unit for ssh.service already exists, skipping.
[    1.952424] systemd-sysv-generator[1124]: Native unit for hwclock.service already exists, skipping.
[    1.953908] systemd-sysv-generator[1124]: Native unit for rsyslog.service already exists, skipping.
[    1.955480] systemd-sysv-generator[1124]: Native unit for procps.service already exists, skipping.
[    1.956993] systemd-sysv-generator[1124]: Native unit for udev.service already exists, skipping.
[    1.958901] systemd-sysv-generator[1124]: Native unit for cron.service already exists, skipping.
[    1.959410] @@@/bin/grep@@@12186
[    1.960757] selinux-autorel (1127) used greatest stack depth: 13400 bytes left
[    1.962473] systemd-sysv-generator[1124]: Native unit for kmod.service already exists, skipping.
[    1.964074] systemd-sysv-generator[1124]: Native unit for sudo.service already exists, skipping.
[    1.966872] systemd-sysv-ge: 12 output lines suppressed due to ratelimiting
[[0;32m  OK  [0m] Reached target Swap.
[[0;32m  OK  [0m] Listening on udev Control Socket.
[    2.014966] audit: type=1400 audit(1589357737.162:4): avc:  denied  { audit_read } for  pid=1 comm="systemd" capability=37  scontext=system_u:system_r:kernel_t:s0 tcontext=system_u:system_r:kernel_t:s0 tclass=capability2 permissive=1
[[0;32m  OK  [0m] Listening on Journal Audit Socket.
[[0;32m  OK  [0m] Listening on udev Kernel Socket.
[[0;32m  OK  [0m] Listening on Journal Socket (/dev/log).
[[0;32m  OK  [0m] Listening on Journal Socket.
[[0;32m  OK  [0m] Set up automount Arbitrary Executabâ€¦rmats File System Automount Point.
[[0;32m  OK  [0m] Reached target Remote File Systems.
[[0;32m  OK  [0m] Listening on Syslog Socket.
[[0;32m  OK  [0m] Started Dispatch Password Requests to Console Directory Watch.
[[0;32m  OK  [0m] Started Forward Password Requests to Wall Directory Watch.
[[0;32m  OK  [0m] Reached target Paths.
[[0;32m  OK  [0m] Reached target Encrypted Volumes.
[[0;32m  OK  [0m] Listening on /dev/initctl Compatibility Named Pipe.
[[0;32m  OK  [0m] Reached target Sockets.
[[0;32m  OK  [0m] Created slice System Slice.
         Starting Journal Service...
[[0;32m  OK  [0m] Created slice system-serial\x2dgetty.slice.
         Starting Remount Root and Kernel File Systems...
[    2.038339] @@@/lib/systemd/systemd-journald@@@989
         Mounting /proc/sys/fs/binfmt_misc...
         Starting Load Kernel Modules...
         Mounting /sys/kernel/config...
         Mounting POSIX Message Queue File System...
         Starting Create Static Device Nodes in /dev...
[[0;32m  OK  [0m] Created slice system-getty.slice.
[[0;32m  OK  [0m] Reached target Slices.
         Mounting /sys/kernel/debug...
[    2.056822] systemd-journald[1133]: Fixed min_use=1.0M max_use=99.7M max_size=12.4M min_size=512.0K keep_free=149.5M n_max_files=100
[    2.059314] systemd-journald[1133]: Reserving 22691 entries in hash table.
[    2.060705] systemd-journald[1133]: Vacuuming...
[    2.061463] systemd-journald[1133]: Vacuuming done, freed 0B of archived journals from /run/log/journal/97dd69841d644bf7aec332db2f5868bf.
[    2.063491] systemd-journald[1133]: Flushing /dev/kmsg...
[    2.066269] @@@/bin/mount@@@26977
[    2.066536] @@@/bin/mount@@@20631
[    2.066611] @@@/bin/mount@@@22208
[    2.067224] @@@/bin/systemd-tmpfiles@@@20452
[    2.068077] @@@/bin/mount@@@17314
[    2.074363] @@@/lib/systemd/systemd-modules-load@@@29088
[[0;32m  OK  [0m] Mounted POSIX Message Queue File System.
[[0;32m  OK  [0m[    2.076442] @@@/lib/systemd/systemd-remount-fs@@@32728
] Mounted /sys/kernel/debug.
[[0;32m  OK  [0m] Mounted /sys/kernel/config.
[[0;32m  OK  [0m] Mounted /proc/sys/fs/binfmt_misc.
[    2.083961] @@@/lib/systemd/systemd-cgroups-agent@@@1906
[[0;32m  OK  [0m] Started Load Kernel Modules.
         [    2.087126] @@@/lib/systemd/systemd-cgroups-agent@@@4274
Starting Apply Kernel Variables...
[    2.088483] @@@/bin/mount@@@305
[    2.090374] @@@/lib/systemd/systemd-cgroups-agent@@@206
[    2.095893] @@@/lib/systemd/systemd-cgroups-agent@@@6445
[    2.099531] @@@/lib/systemd/systemd-cgroups-agent@@@6876
[    2.102524] @@@/bin/mount@@@14046
[    2.106363] @@@/lib/systemd/systemd-sysctl@@@15488
[    2.108169] EXT4-fs (sda): re-mounted. Opts: (null)
[[0;32m  OK  [0m] Started Remount Root and Kernel File Systems.
         Starting Load/Save Random Seed...
[    2.116329] @@@/lib/systemd/systemd-cgroups-agent@@@1143
         Starting udev Coldplug all Devices...
[[0;32m  OK  [0m] Started Create Static Device Nodes in /dev.
         Starting udev Kernel Device Manager...
[[0;32m  OK  [0m] Reached target Local File Systems (Pre).
[[0;32m  OK  [0m] Reached target Local File Systems.
[    2.125040] @@@/bin/udevadm@@@1023
[    2.126218] @@@/lib/systemd/systemd-cgroups-agent@@@1307
[    2.127817] @@@/lib/systemd/systemd-cgroups-agent@@@709
[[0;32m  OK  [0m] Started Apply Kernel Variables.
[    2.140462] @@@/lib/systemd/systemd-random-seed@@@15851
[    2.143612] @@@/lib/systemd/systemd-udevd@@@13500
         Starting Raise network interfaces...
[[0;32m  OK  [0m] Started Journal Service.
[[0;32m  OK  [0m] Started Load/Save Random Seed.
[    2.157211] @@@/bin/sh@@@382
         Starting Flush Journal to Persistent Storage...
[    2.165051] @@@/lib/systemd/systemd-cgroups-agent@@@6080
[    2.166794] @@@/sbin/ifquery@@@599
[    2.171374] @@@/bin/journalctl@@@7494
[    2.178127] @@@/sbin/udevadm@@@6042
[    2.182198] audit: type=1107 audit(1589357737.330:5): pid=1 uid=0 auid=4294967295 ses=4294967295 subj=system_u:system_r:kernel_t:s0 msg='avc:  denied  { stop } for auid=n/a uid=0 gid=0 path="/lib/systemd/system/systemd-journald.service" cmdline="/bin/journalctl --flush" scontext=system_u:system_r:kernel_t:s0 tcontext=system_u:object_r:unlabeled_t:s0 tclass=service
[    2.182198]  exe="/lib/systemd/systemd" sauid=0 hostname=? addr=? terminal=?'
[[0;32m  OK  [0m] Started Flush Journal to Persistent Storage.
         Starting Create Volatile Files and Directories...
[    2.201838] @@@/bin/systemd-tmpfiles@@@577
[[0;32m  OK  [0m] Started udev Kernel Device Manager.
[    2.211678] @@@/lib/systemd/systemd-cgroups-agent@@@2321
[    2.217034] @@@/lib/systemd/systemd-cgroups-agent@@@1137
[    2.220408] @@@/bin/udevadm@@@2726
[    2.305450] @@@/lib/systemd/systemd-cgroups-agent@@@100
[[0;32m  OK  [0m] Started udev Coldplug all Devices.
[    2.396446] @@@/lib/systemd/systemd-cgroups-agent@@@95
[[0;32m  OK  [0m] Started Create Volatile Files and Directories.
         Starting Update UTMP about System Boot/Shutdown...
[    2.414907] @@@/lib/systemd/systemd-update-utmp@@@733
         Starting Network Time Synchronization...
[    2.439911] @@@/lib/systemd/systemd-cgroups-agent@@@93
[[0;32m  OK  [0m] Started Update UTMP about System Boot/Shutdown.
[    2.463830] @@@/lib/systemd/systemd-timesyncd@@@1124
[[0;32m  OK  [0m] Started Network Time Synchronization.
[[0;32m  OK  [0m] Reached target System Initialization.
[[0;32m  OK  [0m] Reached target Basic System.
         Starting getty on tty2-tty6 if dbus and logind are not available...
[    2.511713] @@@/bin/systemctl@@@1087
[    2.519905] @@@/usr/sbin/rsyslogd@@@1140
         Starting System Logging Service...
[[0;32m  OK  [0m] Started Daily Cleanup of Temporary Directories.
[[0;32m  OK  [0m] Started Regular background program processing daemon.
[[0;32m  OK  [0m] Reached target System Time Synchronized.
[[0;32m  OK  [0m] Started Daily apt download activities.
[    2.567551] @@@/usr/sbin/cron@@@8593
[[0;32m  OK  [0m] Started Daily apt upgrade and clean activities.
[[0;32m  OK  [0m] Reached target Timers.
[[0;32m  OK  [0m] Started System Logging Service.
[    2.615379] audit: type=1107 audit(1589357737.763:6): pid=1 uid=0 auid=4294967295 ses=4294967295 subj=system_u:system_r:kernel_t:s0 msg='avc:  denied  { start } for auid=n/a uid=0 gid=0 path="/lib/systemd/system/getty@.service" cmdline="/bin/systemctl --no-block start getty@tty2.service getty@tty3.service getty@tty4.service getty@tty5.service getty@tty6.service" scontext=system_u:system_r:kernel_t:s0 tcontext=system_u:object_r:unlabeled_t:s0 tclass=service
[    2.615379]  exe="/lib/systemd/systemd" sauid=0 hostname=? addr=? terminal=?'
[    2.630794] audit: type=1107 audit(1589357737.778:7): pid=1 uid=0 auid=4294967295 ses=4294967295 subj=system_u:system_r:kernel_t:s0 msg='avc:  denied  { status } for auid=n/a uid=0 gid=0 path="/lib/systemd/system/getty@.service" cmdline="/bin/systemctl --no-block start getty@tty2.service getty@tty3.service getty@tty4.service getty@tty5.service getty@tty6.service" scontext=system_u:system_r:kernel_t:s0 tcontext=system_u:object_r:unlabeled_t:s0 tclass=service
[    2.630794]  exe="/lib/systemd/systemd" sauid=0 hostname=? addr=? terminal=?'
[    2.732808] @@@/lib/systemd/systemd-cgroups-agent@@@141
[[0;32m  OK  [0m] Started getty on tty2-tty6 if dbus and logind are not available.
[    2.876865] random: crng init done
[    3.023919] @@@/lib/udev/ata_id@@@2825
[    3.089611] @@@/lib/udev/cdrom_id@@@1115
[    3.122341] e1000 0000:00:03.0 enp0s3: renamed from eth0
[    3.133285] @@@/lib/udev/ifupdown-hotplug@@@749
[    3.134988] @@@/sbin/ifquery@@@151
[    3.136226] @@@/bin/grep@@@124
[    3.143380] @@@/lib/systemd/systemd-sysctl@@@279
[    3.154320] @@@/lib/udev/ata_id@@@328
[    3.226203] @@@/bin/sh@@@428
[    3.227960] @@@/bin/ln@@@671
[    3.230672] @@@/bin/readlink@@@633
[    3.237311] @@@/lib/udev/hwclock-set@@@1170
[[0;32m  OK  [0m] Found device /dev/ttyS0.
[    3.532584] @@@/lib/udev/ifupdown-hotplug@@@314
[    3.542680] @@@/lib/udev/ifupdown-hotplug@@@318
[    3.544265] @@@/sbin/ifquery@@@150
[    3.547244] @@@/bin/grep@@@153
[    3.554961] @@@/lib/systemd/systemd-sysctl@@@327
[[0;32m  OK  [0m] Listening on Load/Save RF Kill Switch Status /dev/rfkill Watch.
[    3.729708] @@@/lib/systemd/systemd-cgroups-agent@@@536
[    3.736152] @@@/lib/systemd/systemd-cgroups-agent@@@178
[    3.742136] @@@/sbin/ifup@@@499
[    3.743349] @@@/bin/sh@@@125
[    3.745711] @@@/bin/run-parts@@@625
[    3.747420] @@@/bin/sh@@@121
[    3.749641] @@@/bin/ip@@@556
[    3.751826] @@@/bin/sh@@@163
[    3.753180] @@@/bin/sh@@@115
[    3.755247] @@@/bin/run-parts@@@141
[    3.757256] @@@/bin/sh@@@179
[    3.759208] @@@/bin/run-parts@@@138
[    3.768881] @@@/etc/network/if-up.d/openssh-server@@@6789
[    3.770465] @@@/etc/network/if-up.d/upstart@@@363
[    3.772412] @@@/bin/run-parts@@@134
[    3.776421] @@@/bin/systemctl@@@136
[    3.781721] @@@/bin/readlink@@@148
[    3.783701] @@@/bin/sh@@@121
[    3.784987] @@@/bin/sh@@@119
[    3.785939] @@@/bin/run-parts@@@117
[    3.787191] @@@/bin/sh@@@118
[    3.788338] @@@/bin/sh@@@119
[    3.789862] @@@/sbin/dhclient@@@622
[    3.804628] @@@/sbin/dhclient-script@@@507
[    3.807218] @@@/bin/run-parts@@@139
[    3.809195] @@@/sbin/ip@@@131
[    3.817452] @@@/sbin/modprobe@@@7141
[    3.819033] @@@/sbin/modprobe@@@119
[    3.820337] @@@/sbin/modprobe@@@84
[    3.821490] @@@/sbin/modprobe@@@89
[    3.823073] @@@/bin/run-parts@@@160
[    3.825419] @@@/sbin/modprobe@@@76
[    3.826598] @@@/sbin/modprobe@@@69
[    3.830412] dhclient (1730) used greatest stack depth: 13208 bytes left
[    3.832153] @@@/bin/sh@@@159
[    3.834193] @@@/bin/run-parts@@@113
[    3.836254] @@@/etc/network/if-up.d/openssh-server@@@139
[    3.839205] @@@/etc/network/if-up.d/upstart@@@127
[    3.840766] @@@/bin/run-parts@@@118
[    3.842229] @@@/bin/systemctl@@@116
[    3.847582] @@@/bin/readlink@@@128
[    3.849185] @@@/lib/systemd/systemd-cgroups-agent@@@83
[[0;1;31mFAILED[0m] Failed to start Raise network interfaces.
See 'systemctl status networking.service' for details.
[[0;32m  OK  [0m] Reached target Network.
         Starting OpenBSD Secure Shell server...
         Starting Permit User Sessions...
[    3.862061] @@@/lib/systemd/systemd-user-sessions@@@3465
[[0;32m  OK  [0m] Started Permit User Sessions.
[[0;32m  OK  [0m] Started Getty on tty3.
[    3.872768] @@@/usr/sbin/sshd@@@13024
[[0;32m  OK  [0m] Started Getty on tty2.
[[0;32m  OK  [0m] Started Getty on tty1.
[[0;32m  OK  [0m] Started Getty on tty6.
[    3.891427] @@@/lib/systemd/systemd-cgroups-agent@@@146
[[0;32m  OK  [0m] Started Serial Getty on ttyS0.
[[0;32m  OK  [0m] Started Getty on tty5.
[[0;32m  OK  [0m] Started Getty on tty4.
[[0;32m  OK  [0m] Reached target Login Prompts.
[    3.913372] @@@/usr/sbin/sshd@@@423
[    3.915360] @@@/lib/systemd/systemd-cgroups-agent@@@79
[    3.917409] @@@/lib/systemd/systemd-cgroups-agent@@@328
[[0;32m  OK  [0m] Started OpenBSD Secure Shell server.
[[0;32m  OK  [0m] Reached target Multi-User System.
[[0;32m  OK  [0m] Reached target Graphical Interface.
         Starting Update UTMP about System Runlevel Changes...
[    3.932744] @@@/lib/systemd/systemd-update-utmp@@@362
[[0;32m  OK  [[    3.939483] @@@/lib/systemd/systemd-cgroups-agent@@@134
0m] Started Update UTMP about System Runlevel Changes.
[    3.944101] @@@/sbin/agetty@@@1137
[    3.947587] @@@/sbin/agetty@@@366
[    3.965108] @@@/sbin/agetty@@@385
[    3.968904] @@@/sbin/agetty@@@387
[    3.971399] @@@/sbin/agetty@@@381
[    3.973668] @@@/sbin/agetty@@@364
[    3.980578] @@@/sbin/agetty@@@371

Debian GNU/Linux 9 syzkaller ttyS0

syzkaller login: root
[    6.706099] @@@/bin/login@@@2877
Unable to get valid context for root
Last login: Wed May 13 08:10:51 UTC 2020 on ttyS0
[    6.799335] @@@/bin/sh@@@406
[    6.806150] @@@/usr/bin/env@@@5542
[    6.807361] @@@/bin/run-parts@@@138
[    6.817102] @@@/etc/update-motd.d/10-uname@@@8299
[    6.825912] @@@/bin/uname@@@7651
Linux syzkaller 4.15.0+ #15 SMP Wed May 13 16:14:27 CST 2020 x86_64

The programs included with the Debian GNU/Linux system are free software;
the exact distribution terms for each program are described in the
individual files in /usr/share/doc/*/copyright.

Debian GNU/Linux comes with ABSOLUTELY NO WARRANTY, to the extent
permitted by applicable law.
[    6.842072] @@@/bin/bash@@@7797
[    6.848480] @@@/usr/bin/id@@@769

[    6.861351] @@@/usr/bin/mesg@@@9188
root@syzkaller:~# 
root@syzkaller:~# 
root@syzkaller:~# 
root@syzkaller:~# 
root@syzkaller:~# ls
[    8.088599] @@@/bin/ls@@@2992
a.sh  linux-elf-binary-signer
root@syzkaller:~# 
root@syzkaller:~# 
root@syzkaller:~# 
root@syzkaller:~# 
root@syzkaller:~# 
root@syzkaller:~# 
root@syzkaller:~# 
root@syzkaller:~# 
root@syzkaller:~# ls
[    9.686967] @@@/bin/ls@@@798
a.sh  linux-elf-binary-signer
root@syzkaller:~# 
root@syzkaller:~# 
root@syzkaller:~# 
root@syzkaller:~# ls
[   10.801328] @@@/bin/ls@@@897
a.sh  linux-elf-binary-signer
root@syzkaller:~# cd linux-elf-binary-signer/
root@syzkaller:~/linux-elf-binary-signer# ls
[   12.451504] @@@/bin/ls@@@406
LICENSE    certs	 elf-sign.signed  prev_test	sign-target.old
Makefile   elf-sign	 elf_sign.c	  prev_test.sh	sign_target.c
README.md  elf-sign.old  parse.c	  sign-target
root@syzkaller:~/linux-elf-binary-signer# 
root@syzkaller:~/linux-elf-binary-signer# 
root@syzkaller:~/linux-elf-binary-signer# 
root@syzkaller:~/linux-elf-binary-signer# 
root@syzkaller:~/linux-elf-binary-signer# rm -rf prev_test
[   16.361236] @@@/bin/rm@@@2841
root@syzkaller:~/linux-elf-binary-signer# 
root@syzkaller:~/linux-elf-binary-signer# 
root@syzkaller:~/linux-elf-binary-signer# 
root@syzkaller:~/linux-elf-binary-signer# ls
[   18.223396] @@@/bin/ls@@@854
LICENSE    certs	 elf-sign.signed  prev_test.sh	   sign_target.c
Makefile   elf-sign	 elf_sign.c	  sign-target
README.md  elf-sign.old  parse.c	  sign-target.old
root@syzkaller:~/linux-elf-binary-signer# 
root@syzkaller:~/linux-elf-binary-signer# 
root@syzkaller:~/linux-elf-binary-signer# 
root@syzkaller:~/linux-elf-binary-signer# 
root@syzkaller:~/linux-elf-binary-signer# 
root@syzkaller:~/linux-elf-binary-signer# 
root@syzkaller:~/linux-elf-binary-signer# ls
[   19.587214] @@@/bin/ls@@@843
LICENSE    certs	 elf-sign.signed  prev_test.sh	   sign_target.c
Makefile   elf-sign	 elf_sign.c	  sign-target
README.md  elf-sign.old  parse.c	  sign-target.old
root@syzkaller:~/linux-elf-binary-signer# 
root@syzkaller:~/linux-elf-binary-signer# 
root@syzkaller:~/linux-elf-binary-signer# 
root@syzkaller:~/linux-elf-binary-signer# 
root@syzkaller:~/linux-elf-binary-signer# 
root@syzkaller:~/linux-elf-binary-signer# 
root@syzkaller:~/linux-elf-binary-signer# ./prev_test.sh 
[   28.859943] @@@./prev_test.sh@@@1990
[   28.868164] @@@/bin/mkdir@@@2854

[   28.885800] @@@/bin/cp@@@8204
[   28.890656] @@@../elf-sign.signed@@@1378
[   28.913870] @@@/bin/cp@@@438
[   28.918304] @@@/usr/bin/objcopy@@@1109
*** Executing signed version of cp for 1000 times.
[   28.928481] @@@./cp@@@295
[   28.931256] @@@./cp@@@296
[   28.934066] @@@./cp@@@290
[   28.936747] @@@./cp@@@244
[   28.939414] @@@./cp@@@254
[   28.942164] @@@./cp@@@277
[   28.944815] @@@./cp@@@245
[   28.947766] @@@./cp@@@254
[   28.950449] @@@./cp@@@242
[   28.953203] @@@./cp@@@290
[   28.955804] @@@./cp@@@247
[   28.958488] @@@./cp@@@242
[   28.961204] @@@./cp@@@271
[   28.963708] @@@./cp@@@218
[   28.965996] @@@./cp@@@210
[   28.968236] @@@./cp@@@186
[   28.970106] @@@./cp@@@196
[   28.972003] @@@./cp@@@185
[   28.973913] @@@./cp@@@176
[   28.975824] @@@./cp@@@184
[   28.977867] @@@./cp@@@192
[   28.979858] @@@./cp@@@187
[   28.981846] @@@./cp@@@179
[   28.984099] @@@./cp@@@290
[   28.986221] @@@./cp@@@234
[   28.988272] @@@./cp@@@172
[   28.990258] @@@./cp@@@171
[   28.992223] @@@./cp@@@170
[   28.994174] @@@./cp@@@150
[   28.995942] @@@./cp@@@153
[   28.997802] @@@./cp@@@164
[   28.999464] @@@./cp@@@139
[   29.001308] @@@./cp@@@138
[   29.003111] @@@./cp@@@179
[   29.004976] @@@./cp@@@142
[   29.006648] @@@./cp@@@153
[   29.008485] @@@./cp@@@151
[   29.010162] @@@./cp@@@205
[   29.011881] @@@./cp@@@140
[   29.013411] @@@./cp@@@135
[   29.015211] @@@./cp@@@153
[   29.016891] @@@./cp@@@139
[   29.018425] @@@./cp@@@161
[   29.020150] @@@./cp@@@172
[   29.022043] @@@./cp@@@179
[   29.023764] @@@./cp@@@148
[   29.025348] @@@./cp@@@137
[   29.026964] @@@./cp@@@142
[   29.028607] @@@./cp@@@141
[   29.030200] @@@./cp@@@153
[   29.031839] @@@./cp@@@144
[   29.033359] @@@./cp@@@153
[   29.034970] @@@./cp@@@144
[   29.036571] @@@./cp@@@139
[   29.038401] @@@./cp@@@162
[   29.040179] @@@./cp@@@225
[   29.041894] @@@./cp@@@195
[   29.043642] @@@./cp@@@153
[   29.045228] @@@./cp@@@144
[   29.046815] @@@./cp@@@137
[   29.048516] @@@./cp@@@137
[   29.050173] @@@./cp@@@192
[   29.051669] @@@./cp@@@133
[   29.053225] @@@./cp@@@137
[   29.054827] @@@./cp@@@141
[   29.056416] @@@./cp@@@133
[   29.057940] @@@./cp@@@143
[   29.059525] @@@./cp@@@133
[   29.061175] @@@./cp@@@154
[   29.062706] @@@./cp@@@140
[   29.064193] @@@./cp@@@139
[   29.065718] @@@./cp@@@135
[   29.067233] @@@./cp@@@139
[   29.069084] @@@./cp@@@178
[   29.070691] @@@./cp@@@143
[   29.072273] @@@./cp@@@150
[   29.073851] @@@./cp@@@136
[   29.075479] @@@./cp@@@133
[   29.077104] @@@./cp@@@171
[   29.078772] @@@./cp@@@198
[   29.080533] @@@./cp@@@263
[   29.082209] @@@./cp@@@155
[   29.083864] @@@./cp@@@140
[   29.085465] @@@./cp@@@138
[   29.087057] @@@./cp@@@155
[   29.088588] @@@./cp@@@135
[   29.090182] @@@./cp@@@142
[   29.091680] @@@./cp@@@138
[   29.093220] @@@./cp@@@220
[   29.094787] @@@./cp@@@138
[   29.096322] @@@./cp@@@138
[   29.097902] @@@./cp@@@144
[   29.099694] @@@./cp@@@153
[   29.101517] @@@./cp@@@156
[   29.103169] @@@./cp@@@192
[   29.104721] @@@./cp@@@135
[   29.106302] @@@./cp@@@163
[   29.107903] @@@./cp@@@137
[   29.109508] @@@./cp@@@133
[   29.111167] @@@./cp@@@199
[   29.112705] @@@./cp@@@137
[   29.114265] @@@./cp@@@154
[   29.115823] @@@./cp@@@132
[   29.117470] @@@./cp@@@135
[   29.119124] @@@./cp@@@212
[   29.120633] @@@./cp@@@142
[   29.122154] @@@./cp@@@180
[   29.123688] @@@./cp@@@133
[   29.125257] @@@./cp@@@144
[   29.126818] @@@./cp@@@137
[   29.128413] @@@./cp@@@139
[   29.130122] @@@./cp@@@172
[   29.131695] @@@./cp@@@142
[   29.133257] @@@./cp@@@260
[   29.134855] @@@./cp@@@136
[   29.136454] @@@./cp@@@151
[   29.138221] @@@./cp@@@164
[   29.139869] @@@./cp@@@145
[   29.141506] @@@./cp@@@138
[   29.143117] @@@./cp@@@213
[   29.144664] @@@./cp@@@135
[   29.146240] @@@./cp@@@240
[   29.147816] @@@./cp@@@133
[   29.149431] @@@./cp@@@136
[   29.151086] @@@./cp@@@211
[   29.152591] @@@./cp@@@137
[   29.154134] @@@./cp@@@184
[   29.155745] @@@./cp@@@143
[   29.157314] @@@./cp@@@154
[   29.158862] @@@./cp@@@140
[   29.160676] @@@./cp@@@144
[   29.162280] @@@./cp@@@156
[   29.163901] @@@./cp@@@132
[   29.165485] @@@./cp@@@136
[   29.167091] @@@./cp@@@211
[   29.168654] @@@./cp@@@139
[   29.170184] @@@./cp@@@149
[   29.171730] @@@./cp@@@129
[   29.173323] @@@./cp@@@156
[   29.175116] @@@./cp@@@216
[   29.176720] @@@./cp@@@144
[   29.178296] @@@./cp@@@153
[   29.179866] @@@./cp@@@137
[   29.181478] @@@./cp@@@137
[   29.183079] @@@./cp@@@192
[   29.184649] @@@./cp@@@137
[   29.186257] @@@./cp@@@158
[   29.187914] @@@./cp@@@134
[   29.189543] @@@./cp@@@146
[   29.191245] @@@./cp@@@155
[   29.192825] @@@./cp@@@144
[   29.194559] @@@./cp@@@176
[   29.196237] @@@./cp@@@149
[   29.197781] @@@./cp@@@139
[   29.199347] @@@./cp@@@166
[   29.200933] @@@./cp@@@138
[   29.202552] @@@./cp@@@137
[   29.204172] @@@./cp@@@149
[   29.205992] @@@./cp@@@136
[   29.207621] @@@./cp@@@136
[   29.209158] @@@./cp@@@178
[   29.210748] @@@./cp@@@137
[   29.212412] @@@./cp@@@136
[   29.213995] @@@./cp@@@141
[   29.215516] @@@./cp@@@152
[   29.217270] @@@./cp@@@140
[   29.218766] @@@./cp@@@139
[   29.220464] @@@./cp@@@199
[   29.222276] @@@./cp@@@146
[   29.224143] @@@./cp@@@199
[   29.225902] @@@./cp@@@142
[   29.227816] @@@./cp@@@141
[   29.229476] @@@./cp@@@136
[   29.231444] @@@./cp@@@224
[   29.233099] @@@./cp@@@213
[   29.234920] @@@./cp@@@144
[   29.236448] @@@./cp@@@139
[   29.237922] @@@./cp@@@142
[   29.239812] @@@./cp@@@149
[   29.241380] @@@./cp@@@139
[   29.243172] @@@./cp@@@203
[   29.244953] @@@./cp@@@140
[   29.246799] @@@./cp@@@142
[   29.248487] @@@./cp@@@136
[   29.250297] @@@./cp@@@137
[   29.252426] @@@./cp@@@161
[   29.254190] @@@./cp@@@212
[   29.255839] @@@./cp@@@139
[   29.257399] @@@./cp@@@139
[   29.258930] @@@./cp@@@135
[   29.260541] @@@./cp@@@136
[   29.262145] @@@./cp@@@188
[   29.263696] @@@./cp@@@138
[   29.265233] @@@./cp@@@137
[   29.266829] @@@./cp@@@137
[   29.268715] @@@./cp@@@167
[   29.270589] @@@./cp@@@168
[   29.272438] @@@./cp@@@250
[   29.274171] @@@./cp@@@195
[   29.275829] @@@./cp@@@136
[   29.277515] @@@./cp@@@133
[   29.279429] @@@./cp@@@139
[   29.281327] @@@./cp@@@340
[   29.283394] @@@./cp@@@216
[   29.285397] @@@./cp@@@151
[   29.287262] @@@./cp@@@154
[   29.288953] @@@./cp@@@141
[   29.290737] @@@./cp@@@173
[   29.292446] @@@./cp@@@159
[   29.294155] @@@./cp@@@187
[   29.295840] @@@./cp@@@141
[   29.297434] @@@./cp@@@143
[   29.299174] @@@./cp@@@173
[   29.300699] @@@./cp@@@145
[   29.302264] @@@./cp@@@143
[   29.303756] @@@./cp@@@147
[   29.305353] @@@./cp@@@147
[   29.306867] @@@./cp@@@143
[   29.308485] @@@./cp@@@145
[   29.309953] @@@./cp@@@144
[   29.311713] @@@./cp@@@153
[   29.313498] @@@./cp@@@165
[   29.315143] @@@./cp@@@172
[   29.316917] @@@./cp@@@150
[   29.318520] @@@./cp@@@142
[   29.320170] @@@./cp@@@188
[   29.321798] @@@./cp@@@142
[   29.323434] @@@./cp@@@162
[   29.325184] @@@./cp@@@212
[   29.326908] @@@./cp@@@140
[   29.328577] @@@./cp@@@159
[   29.330413] @@@./cp@@@168
[   29.332219] @@@./cp@@@151
[   29.333929] @@@./cp@@@144
[   29.335656] @@@./cp@@@141
[   29.337339] @@@./cp@@@142
[   29.339094] @@@./cp@@@192
[   29.340795] @@@./cp@@@135
[   29.342440] @@@./cp@@@148
[   29.344399] @@@./cp@@@152
[   29.346189] @@@./cp@@@147
[   29.347975] @@@./cp@@@135
[   29.350117] @@@./cp@@@211
[   29.351956] @@@./cp@@@153
[   29.353767] @@@./cp@@@144
[   29.355431] @@@./cp@@@138
[   29.357342] @@@./cp@@@142
[   29.359023] @@@./cp@@@153
[   29.360793] @@@./cp@@@138
[   29.362411] @@@./cp@@@138
[   29.364216] @@@./cp@@@139
[   29.365835] @@@./cp@@@139
[   29.367835] @@@./cp@@@144
[   29.369438] @@@./cp@@@142
[   29.371144] @@@./cp@@@172
[   29.372759] @@@./cp@@@141
[   29.374722] @@@./cp@@@166
[   29.376364] @@@./cp@@@147
[   29.377942] @@@./cp@@@133
[   29.379953] @@@./cp@@@139
[   29.381576] @@@./cp@@@138
[   29.383425] @@@./cp@@@152
[   29.384995] @@@./cp@@@137
[   29.386848] @@@./cp@@@157
[   29.388617] @@@./cp@@@163
[   29.390307] @@@./cp@@@159
[   29.391996] @@@./cp@@@139
[   29.393666] @@@./cp@@@144
[   29.395400] @@@./cp@@@179
[   29.397242] @@@./cp@@@138
[   29.398953] @@@./cp@@@135
[   29.400734] @@@./cp@@@138
[   29.402406] @@@./cp@@@149
[   29.404047] @@@./cp@@@185
[   29.405977] @@@./cp@@@163
[   29.407783] @@@./cp@@@153
[   29.409792] @@@./cp@@@165
[   29.411494] @@@./cp@@@154
[   29.413182] @@@./cp@@@213
[   29.414766] @@@./cp@@@138
[   29.416562] @@@./cp@@@139
[   29.418266] @@@./cp@@@136
[   29.420095] @@@./cp@@@178
[   29.421850] @@@./cp@@@142
[   29.423505] @@@./cp@@@147
[   29.425254] @@@./cp@@@139
[   29.427041] @@@./cp@@@168
[   29.428721] @@@./cp@@@144
[   29.430463] @@@./cp@@@145
[   29.432118] @@@./cp@@@188
[   29.433734] @@@./cp@@@139
[   29.435564] @@@./cp@@@253
[   29.437322] @@@./cp@@@150
[   29.439146] @@@./cp@@@170
[   29.440832] @@@./cp@@@140
[   29.442608] @@@./cp@@@138
[   29.444299] @@@./cp@@@142
[   29.446135] @@@./cp@@@203
[   29.447907] @@@./cp@@@151
[   29.449752] @@@./cp@@@150
[   29.451424] @@@./cp@@@151
[   29.453242] @@@./cp@@@142
[   29.454986] @@@./cp@@@140
[   29.456708] @@@./cp@@@138
[   29.458354] @@@./cp@@@143
[   29.459944] @@@./cp@@@138
[   29.461681] @@@./cp@@@148
[   29.463361] @@@./cp@@@181
[   29.465212] @@@./cp@@@142
[   29.467264] @@@./cp@@@199
[   29.468986] @@@./cp@@@153
[   29.470759] @@@./cp@@@141
[   29.472341] @@@./cp@@@143
[   29.474047] @@@./cp@@@172
[   29.475645] @@@./cp@@@142
[   29.477310] @@@./cp@@@142
[   29.479064] @@@./cp@@@185
[   29.480758] @@@./cp@@@138
[   29.482436] @@@./cp@@@141
[   29.484280] @@@./cp@@@153
[   29.486266] @@@./cp@@@161
[   29.487911] @@@./cp@@@148
[   29.489649] @@@./cp@@@140
[   29.491350] @@@./cp@@@150
[   29.493131] @@@./cp@@@196
[   29.494773] @@@./cp@@@141
[   29.496389] @@@./cp@@@190
[   29.498419] @@@./cp@@@161
[   29.500128] @@@./cp@@@197
[   29.501780] @@@./cp@@@144
[   29.503451] @@@./cp@@@138
[   29.505044] @@@./cp@@@177
[   29.506980] @@@./cp@@@228
[   29.508743] @@@./cp@@@151
[   29.510416] @@@./cp@@@141
[   29.512156] @@@./cp@@@180
[   29.513844] @@@./cp@@@145
[   29.515522] @@@./cp@@@142
[   29.517164] @@@./cp@@@196
[   29.518790] @@@./cp@@@139
[   29.520510] @@@./cp@@@141
[   29.522202] @@@./cp@@@143
[   29.523810] @@@./cp@@@139
[   29.525584] @@@./cp@@@142
[   29.527400] @@@./cp@@@236
[   29.529167] @@@./cp@@@191
[   29.530825] @@@./cp@@@144
[   29.532533] @@@./cp@@@164
[   29.534361] @@@./cp@@@248
[   29.536240] @@@./cp@@@146
[   29.537884] @@@./cp@@@146
[   29.539571] @@@./cp@@@134
[   29.541449] @@@./cp@@@189
[   29.543184] @@@./cp@@@199
[   29.545069] @@@./cp@@@199
[   29.546995] @@@./cp@@@141
[   29.548794] @@@./cp@@@138
[   29.550755] @@@./cp@@@141
[   29.552420] @@@./cp@@@138
[   29.554239] @@@./cp@@@140
[   29.556084] @@@./cp@@@181
[   29.557814] @@@./cp@@@138
[   29.559685] @@@./cp@@@217
[   29.561429] @@@./cp@@@155
[   29.563172] @@@./cp@@@185
[   29.564967] @@@./cp@@@178
[   29.566631] @@@./cp@@@160
[   29.568242] @@@./cp@@@152
[   29.569752] @@@./cp@@@148
[   29.571336] @@@./cp@@@163
[   29.572976] @@@./cp@@@146
[   29.574492] @@@./cp@@@141
[   29.576306] @@@./cp@@@155
[   29.577995] @@@./cp@@@139
[   29.579756] @@@./cp@@@138
[   29.581441] @@@./cp@@@142
[   29.582996] @@@./cp@@@149
[   29.584737] @@@./cp@@@134
[   29.586402] @@@./cp@@@140
[   29.587989] @@@./cp@@@147
[   29.589902] @@@./cp@@@168
[   29.591662] @@@./cp@@@161
[   29.593282] @@@./cp@@@138
[   29.595070] @@@./cp@@@180
[   29.596751] @@@./cp@@@141
[   29.598363] @@@./cp@@@137
[   29.600000] @@@./cp@@@137
[   29.601768] @@@./cp@@@150
[   29.603706] @@@./cp@@@157
[   29.605560] @@@./cp@@@150
[   29.607289] @@@./cp@@@247
[   29.609118] @@@./cp@@@185
[   29.610778] @@@./cp@@@143
[   29.612333] @@@./cp@@@138
[   29.613958] @@@./cp@@@137
[   29.615676] @@@./cp@@@139
[   29.617393] @@@./cp@@@138
[   29.619182] @@@./cp@@@247
[   29.621091] @@@./cp@@@190
[   29.622867] @@@./cp@@@169
[   29.624684] @@@./cp@@@164
[   29.626338] @@@./cp@@@155
[   29.627971] @@@./cp@@@144
[   29.629596] @@@./cp@@@142
[   29.631221] @@@./cp@@@235
[   29.632822] @@@./cp@@@138
[   29.634403] @@@./cp@@@138
[   29.636036] @@@./cp@@@167
[   29.637582] @@@./cp@@@137
[   29.639196] @@@./cp@@@138
[   29.640798] @@@./cp@@@139
[   29.642427] @@@./cp@@@140
[   29.644097] @@@./cp@@@209
[   29.645643] @@@./cp@@@139
[   29.647265] @@@./cp@@@182
[   29.648859] @@@./cp@@@138
[   29.650499] @@@./cp@@@194
[   29.652191] @@@./cp@@@148
[   29.653765] @@@./cp@@@144
[   29.655377] @@@./cp@@@151
[   29.657029] @@@./cp@@@150
[   29.658564] @@@./cp@@@137
[   29.660202] @@@./cp@@@143
[   29.661888] @@@./cp@@@148
[   29.663624] @@@./cp@@@148
[   29.665880] @@@./cp@@@146
[   29.667630] @@@./cp@@@146
[   29.669543] @@@./cp@@@149
[   29.671222] @@@./cp@@@157
[   29.672899] @@@./cp@@@141
[   29.674530] @@@./cp@@@144
[   29.676183] @@@./cp@@@203
[   29.677841] @@@./cp@@@143
[   29.679507] @@@./cp@@@144
[   29.681307] @@@./cp@@@204
[   29.682980] @@@./cp@@@149
[   29.684630] @@@./cp@@@147
[   29.686316] @@@./cp@@@139
[   29.687998] @@@./cp@@@141
[   29.689629] @@@./cp@@@142
[   29.691277] @@@./cp@@@152
[   29.692922] @@@./cp@@@140
[   29.694674] @@@./cp@@@141
[   29.696276] @@@./cp@@@140
[   29.697999] @@@./cp@@@190
[   29.699819] @@@./cp@@@150
[   29.701504] @@@./cp@@@145
[   29.703152] @@@./cp@@@180
[   29.704764] @@@./cp@@@144
[   29.706229] @@@./cp@@@195
[   29.707803] @@@./cp@@@134
[   29.709422] @@@./cp@@@137
[   29.710956] @@@./cp@@@135
[   29.712502] @@@./cp@@@142
[   29.714152] @@@./cp@@@179
[   29.715802] @@@./cp@@@142
[   29.717401] @@@./cp@@@149
[   29.718985] @@@./cp@@@148
[   29.720515] @@@./cp@@@145
[   29.722033] @@@./cp@@@171
[   29.723598] @@@./cp@@@135
[   29.725179] @@@./cp@@@181
[   29.726634] @@@./cp@@@141
[   29.728184] @@@./cp@@@230
[   29.729699] @@@./cp@@@140
[   29.731197] @@@./cp@@@151
[   29.732639] @@@./cp@@@144
[   29.734104] @@@./cp@@@166
[   29.735539] @@@./cp@@@142
[   29.737157] @@@./cp@@@214
[   29.738601] @@@./cp@@@140
[   29.740148] @@@./cp@@@207
[   29.741724] @@@./cp@@@137
[   29.743284] @@@./cp@@@159
[   29.744846] @@@./cp@@@152
[   29.746401] @@@./cp@@@140
[   29.747872] @@@./cp@@@136
[   29.749483] @@@./cp@@@138
[   29.751094] @@@./cp@@@182
[   29.752582] @@@./cp@@@141
[   29.754206] @@@./cp@@@189
[   29.755788] @@@./cp@@@141
[   29.757334] @@@./cp@@@143
[   29.758876] @@@./cp@@@142
[   29.760443] @@@./cp@@@142
[   29.761934] @@@./cp@@@141
[   29.763449] @@@./cp@@@137
[   29.764995] @@@./cp@@@136
[   29.766548] @@@./cp@@@135
[   29.768195] @@@./cp@@@134
[   29.769690] @@@./cp@@@150
[   29.771216] @@@./cp@@@225
[   29.772775] @@@./cp@@@137
[   29.774261] @@@./cp@@@139
[   29.775784] @@@./cp@@@154
[   29.777304] @@@./cp@@@145
[   29.778808] @@@./cp@@@142
[   29.780278] @@@./cp@@@138
[   29.781766] @@@./cp@@@137
[   29.783320] @@@./cp@@@161
[   29.784787] @@@./cp@@@143
[   29.786284] @@@./cp@@@142
[   29.787752] @@@./cp@@@133
[   29.789275] @@@./cp@@@138
[   29.790768] @@@./cp@@@136
[   29.792570] @@@./cp@@@155
[   29.794217] @@@./cp@@@150
[   29.795875] @@@./cp@@@136
[   29.797564] @@@./cp@@@134
[   29.799246] @@@./cp@@@160
[   29.800990] @@@./cp@@@134
[   29.802742] @@@./cp@@@136
[   29.804496] @@@./cp@@@139
[   29.806503] @@@./cp@@@159
[   29.808236] @@@./cp@@@145
[   29.809886] @@@./cp@@@135
[   29.811699] @@@./cp@@@249
[   29.813790] @@@./cp@@@157
[   29.815450] @@@./cp@@@146
[   29.817156] @@@./cp@@@213
[   29.818884] @@@./cp@@@153
[   29.820418] @@@./cp@@@139
[   29.822116] @@@./cp@@@183
[   29.823858] @@@./cp@@@138
[   29.825574] @@@./cp@@@278
[   29.827316] @@@./cp@@@158
[   29.828908] @@@./cp@@@136
[   29.830429] @@@./cp@@@135
[   29.832071] @@@./cp@@@154
[   29.833715] @@@./cp@@@137
[   29.835347] @@@./cp@@@144
[   29.837054] @@@./cp@@@190
[   29.838633] @@@./cp@@@154
[   29.840165] @@@./cp@@@194
[   29.841715] @@@./cp@@@137
[   29.843332] @@@./cp@@@171
[   29.844919] @@@./cp@@@138
[   29.846631] @@@./cp@@@137
[   29.848193] @@@./cp@@@154
[   29.850105] @@@./cp@@@265
[   29.852088] @@@./cp@@@233
[   29.853605] @@@./cp@@@146
[   29.855101] @@@./cp@@@165
[   29.856635] @@@./cp@@@137
[   29.858206] @@@./cp@@@153
[   29.859947] @@@./cp@@@139
[   29.861427] @@@./cp@@@136
[   29.863234] @@@./cp@@@170
[   29.864823] @@@./cp@@@136
[   29.866769] @@@./cp@@@183
[   29.868443] @@@./cp@@@155
[   29.870090] @@@./cp@@@202
[   29.871923] @@@./cp@@@151
[   29.873681] @@@./cp@@@145
[   29.875362] @@@./cp@@@155
[   29.877059] @@@./cp@@@172
[   29.878736] @@@./cp@@@137
[   29.880371] @@@./cp@@@156
[   29.882024] @@@./cp@@@150
[   29.883727] @@@./cp@@@138
[   29.885352] @@@./cp@@@156
[   29.887045] @@@./cp@@@163
[   29.888751] @@@./cp@@@136
[   29.890370] @@@./cp@@@153
[   29.892093] @@@./cp@@@210
[   29.893731] @@@./cp@@@136
[   29.895359] @@@./cp@@@156
[   29.897147] @@@./cp@@@259
[   29.898931] @@@./cp@@@147
[   29.900694] @@@./cp@@@139
[   29.902478] @@@./cp@@@142
[   29.904194] @@@./cp@@@156
[   29.905903] @@@./cp@@@138
[   29.907667] @@@./cp@@@139
[   29.909560] @@@./cp@@@152
[   29.911303] @@@./cp@@@168
[   29.913044] @@@./cp@@@165
[   29.914746] @@@./cp@@@138
[   29.916480] @@@./cp@@@138
[   29.918236] @@@./cp@@@138
[   29.919905] @@@./cp@@@137
[   29.921810] @@@./cp@@@137
[   29.923545] @@@./cp@@@139
[   29.925217] @@@./cp@@@137
[   29.926889] @@@./cp@@@138
[   29.928930] @@@./cp@@@160
[   29.930702] @@@./cp@@@144
[   29.932457] @@@./cp@@@140
[   29.934167] @@@./cp@@@175
[   29.935842] @@@./cp@@@138
[   29.937574] @@@./cp@@@138
[   29.939275] @@@./cp@@@164
[   29.940935] @@@./cp@@@136
[   29.942600] @@@./cp@@@136
[   29.944293] @@@./cp@@@153
[   29.946077] @@@./cp@@@175
[   29.948026] @@@./cp@@@152
[   29.949794] @@@./cp@@@144
[   29.951569] @@@./cp@@@137
[   29.953249] @@@./cp@@@136
[   29.954946] @@@./cp@@@136
[   29.956703] @@@./cp@@@134
[   29.958507] @@@./cp@@@204
[   29.960396] @@@./cp@@@155
[   29.961995] @@@./cp@@@179
[   29.963969] @@@./cp@@@140
[   29.965666] @@@./cp@@@140
[   29.967534] @@@./cp@@@174
[   29.969349] @@@./cp@@@157
[   29.970828] @@@./cp@@@141
[   29.972309] @@@./cp@@@139
[   29.973918] @@@./cp@@@133
[   29.975601] @@@./cp@@@142
[   29.977180] @@@./cp@@@143
[   29.978663] @@@./cp@@@141
[   29.980239] @@@./cp@@@145
[   29.981864] @@@./cp@@@140
[   29.983415] @@@./cp@@@134
[   29.985077] @@@./cp@@@161
[   29.986541] @@@./cp@@@136
[   29.988089] @@@./cp@@@176
[   29.989807] @@@./cp@@@138
[   29.991464] @@@./cp@@@154
[   29.993042] @@@./cp@@@156
[   29.994685] @@@./cp@@@142
[   29.996245] @@@./cp@@@247
[   29.997821] @@@./cp@@@135
[   29.999555] @@@./cp@@@146
[   30.001094] @@@./cp@@@172
[   30.002606] @@@./cp@@@140
[   30.004250] @@@./cp@@@166
[   30.006239] @@@./cp@@@160
[   30.008050] @@@./cp@@@172
[   30.009745] @@@./cp@@@141
[   30.011317] @@@./cp@@@152
[   30.012842] @@@./cp@@@141
[   30.014432] @@@./cp@@@141
[   30.015981] @@@./cp@@@137
[   30.017666] @@@./cp@@@140
[   30.019181] @@@./cp@@@151
[   30.020798] @@@./cp@@@142
[   30.022450] @@@./cp@@@154
[   30.024094] @@@./cp@@@184
[   30.025722] @@@./cp@@@156
[   30.027338] @@@./cp@@@194
[   30.028852] @@@./cp@@@145
[   30.030489] @@@./cp@@@137
[   30.032033] @@@./cp@@@163
[   30.033556] @@@./cp@@@141
[   30.035119] @@@./cp@@@170
[   30.036665] @@@./cp@@@137
[   30.038148] @@@./cp@@@170
[   30.039572] @@@./cp@@@140
[   30.041091] @@@./cp@@@208
[   30.042519] @@@./cp@@@141
[   30.043973] @@@./cp@@@141
[   30.045593] @@@./cp@@@143
[   30.047102] @@@./cp@@@215
[   30.048524] @@@./cp@@@138
[   30.050000] @@@./cp@@@141
[   30.051538] @@@./cp@@@177
[   30.053458] @@@./cp@@@250
[   30.055191] @@@./cp@@@250
[   30.056873] @@@./cp@@@138
[   30.058465] @@@./cp@@@133
[   30.060263] @@@./cp@@@137
[   30.061829] @@@./cp@@@175
[   30.063834] @@@./cp@@@153
[   30.065350] @@@./cp@@@147
[   30.066765] @@@./cp@@@136
[   30.068309] @@@./cp@@@152
[   30.069724] @@@./cp@@@137
[   30.071272] @@@./cp@@@175
[   30.072736] @@@./cp@@@139
[   30.074340] @@@./cp@@@163
[   30.075766] @@@./cp@@@133
[   30.077401] @@@./cp@@@149
[   30.078847] @@@./cp@@@133
[   30.080455] @@@./cp@@@152
[   30.081885] @@@./cp@@@151
[   30.083808] @@@./cp@@@157
[   30.085576] @@@./cp@@@301
[   30.087262] @@@./cp@@@151
[   30.088891] @@@./cp@@@136
[   30.090462] @@@./cp@@@135
[   30.092230] @@@./cp@@@151
[   30.093897] @@@./cp@@@135
[   30.095514] @@@./cp@@@137
[   30.097255] @@@./cp@@@155
[   30.098658] @@@./cp@@@138
[   30.100470] @@@./cp@@@230
[   30.101979] @@@./cp@@@146
[   30.103754] @@@./cp@@@150
[   30.105269] @@@./cp@@@139
[   30.106956] @@@./cp@@@135
[   30.108688] @@@./cp@@@137
[   30.110387] @@@./cp@@@138
[   30.112111] @@@./cp@@@184
[   30.113885] @@@./cp@@@154
[   30.115480] @@@./cp@@@155
[   30.117095] @@@./cp@@@170
[   30.118797] @@@./cp@@@151
[   30.120446] @@@./cp@@@151
[   30.122075] @@@./cp@@@219
[   30.123791] @@@./cp@@@153
[   30.125341] @@@./cp@@@140
[   30.126961] @@@./cp@@@144
[   30.128530] @@@./cp@@@142
[   30.130082] @@@./cp@@@167
[   30.131753] @@@./cp@@@136
[   30.133339] @@@./cp@@@144
[   30.134865] @@@./cp@@@136
[   30.136341] @@@./cp@@@137
[   30.137872] @@@./cp@@@139
[   30.139470] @@@./cp@@@134
[   30.141116] @@@./cp@@@186
[   30.142596] @@@./cp@@@137
[   30.144296] @@@./cp@@@154
[   30.145981] @@@./cp@@@149
[   30.147557] @@@./cp@@@139
[   30.149035] @@@./cp@@@161
[   30.150503] @@@./cp@@@136
[   30.152107] @@@./cp@@@206
[   30.153666] @@@./cp@@@143
[   30.155298] @@@./cp@@@332
[   30.156802] @@@./cp@@@138
[   30.158445] @@@./cp@@@146
[   30.160479] @@@./cp@@@278
[   30.162159] @@@./cp@@@187
[   30.163650] @@@./cp@@@138
[   30.165239] @@@./cp@@@138
[   30.166875] @@@./cp@@@142
[   30.168420] @@@./cp@@@138
[   30.169894] @@@./cp@@@133
[   30.171490] @@@./cp@@@136
[   30.173051] @@@./cp@@@149
[   30.174862] @@@./cp@@@159
[   30.176535] @@@./cp@@@145
[   30.178126] @@@./cp@@@146
[   30.179795] @@@./cp@@@216
[   30.181658] @@@./cp@@@190
[   30.183429] @@@./cp@@@149
[   30.185061] @@@./cp@@@162
[   30.186640] @@@./cp@@@143
[   30.188200] @@@./cp@@@136
[   30.189688] @@@./cp@@@137
[   30.191472] @@@./cp@@@142
[   30.193136] @@@./cp@@@192
[   30.194644] @@@./cp@@@143
[   30.196169] @@@./cp@@@214
[   30.197719] @@@./cp@@@138
[   30.199506] @@@./cp@@@149
[   30.201169] @@@./cp@@@220
[   30.202715] @@@./cp@@@141
[   30.204312] @@@./cp@@@142
[   30.206073] @@@./cp@@@191
[   30.207788] @@@./cp@@@153
[   30.209352] @@@./cp@@@142
[   30.210869] @@@./cp@@@138
[   30.212495] @@@./cp@@@138
[   30.214055] @@@./cp@@@170
[   30.215563] @@@./cp@@@141
[   30.217137] @@@./cp@@@205
[   30.218740] @@@./cp@@@157
[   30.220583] @@@./cp@@@160
[   30.222294] @@@./cp@@@154
[   30.223851] @@@./cp@@@143
[   30.225439] @@@./cp@@@136
[   30.226965] @@@./cp@@@138
[   30.228534] @@@./cp@@@138
[   30.229997] @@@./cp@@@134
[   30.231548] @@@./cp@@@135
[   30.233108] @@@./cp@@@203
[   30.234709] @@@./cp@@@140
[   30.236323] @@@./cp@@@164
[   30.237911] @@@./cp@@@146
[   30.239531] @@@./cp@@@179
[   30.241376] @@@./cp@@@229
[   30.243108] @@@./cp@@@203
[   30.244676] @@@./cp@@@137
[   30.246448] @@@./cp@@@216
[   30.248247] @@@./cp@@@142
[   30.249948] @@@./cp@@@136
[   30.251895] @@@./cp@@@132
[   30.253762] @@@./cp@@@136
[   30.255434] @@@./cp@@@136
[   30.257368] @@@./cp@@@142
[   30.259040] @@@./cp@@@153
[   30.260781] @@@./cp@@@146
[   30.262446] @@@./cp@@@186
[   30.264153] @@@./cp@@@188
[   30.265766] @@@./cp@@@141
[   30.267432] @@@./cp@@@160
[   30.268961] @@@./cp@@@139
[   30.270625] @@@./cp@@@138
[   30.272447] @@@./cp@@@140
[   30.273923] @@@./cp@@@140
[   30.275764] @@@./cp@@@145
[   30.277788] @@@./cp@@@158
[   30.279443] @@@./cp@@@147
[   30.280981] @@@./cp@@@139
[   30.282796] @@@./cp@@@142
[   30.284423] @@@./cp@@@142
[   30.286120] @@@./cp@@@203
[   30.287911] @@@./cp@@@145
[   30.289719] @@@./cp@@@140
[   30.291401] @@@./cp@@@138
[   30.292997] @@@./cp@@@140
[   30.294719] @@@./cp@@@138
[   30.296406] @@@./cp@@@140
[   30.298162] @@@./cp@@@211
[   30.299955] @@@./cp@@@148
[   30.301580] @@@./cp@@@180
[   30.303293] @@@./cp@@@140
[   30.304803] @@@./cp@@@138
[   30.306442] @@@./cp@@@136
[   30.308071] @@@./cp@@@161
[   30.309754] @@@./cp@@@139
[   30.311425] @@@./cp@@@146
[   30.313194] @@@./cp@@@195
[   30.314795] @@@./cp@@@150
[   30.316369] @@@./cp@@@154
[   30.317883] @@@./cp@@@146
[   30.319420] @@@./cp@@@147
[   30.320952] @@@./cp@@@144
[   30.322469] @@@./cp@@@153
[   30.324070] @@@./cp@@@170
[   30.325673] @@@./cp@@@142
[   30.327400] @@@./cp@@@148
[   30.329078] @@@./cp@@@165
[   30.330691] @@@./cp@@@150
[   30.332299] @@@./cp@@@144
[   30.333938] @@@./cp@@@155
[   30.335563] @@@./cp@@@154
[   30.337192] @@@./cp@@@141
[   30.338780] @@@./cp@@@136
[   30.340402] @@@./cp@@@147
[   30.341916] @@@./cp@@@132
[   30.343447] @@@./cp@@@136
[   30.345056] @@@./cp@@@169
[   30.346648] @@@./cp@@@134
[   30.348270] @@@./cp@@@152
[   30.349912] @@@./cp@@@132
[   30.351456] @@@./cp@@@148
[   30.352986] @@@./cp@@@132
[   30.354688] @@@./cp@@@138
[   30.356324] @@@./cp@@@149
[   30.357875] @@@./cp@@@134
[   30.359634] @@@./cp@@@148
[   30.361152] @@@./cp@@@161
[   30.362750] @@@./cp@@@133
[   30.364276] @@@./cp@@@136
[   30.365768] @@@./cp@@@135
[   30.367451] @@@./cp@@@136
[   30.369116] @@@./cp@@@162
[   30.370936] @@@./cp@@@147
[   30.372683] @@@./cp@@@140
[   30.374315] @@@./cp@@@134
[   30.375977] @@@./cp@@@134
[   30.377664] @@@./cp@@@142
[   30.379285] @@@./cp@@@163
[   30.380877] @@@./cp@@@132
[   30.382546] @@@./cp@@@134
[   30.384351] @@@./cp@@@140
[   30.385866] @@@./cp@@@135
[   30.387536] @@@./cp@@@134
[   30.389125] @@@./cp@@@193
[   30.390620] @@@./cp@@@142
[   30.392243] @@@./cp@@@140
[   30.393831] @@@./cp@@@133
[   30.395537] @@@./cp@@@133
[   30.397236] @@@./cp@@@137
[   30.398791] @@@./cp@@@135
[   30.400488] @@@./cp@@@138
[   30.402131] @@@./cp@@@217
[   30.403650] @@@./cp@@@132
[   30.405199] @@@./cp@@@147
[   30.406811] @@@./cp@@@153
[   30.408619] @@@./cp@@@160
[   30.410248] @@@./cp@@@142
[   30.411828] @@@./cp@@@152
[   30.413440] @@@./cp@@@218
[   30.415182] @@@./cp@@@192
[   30.416930] @@@./cp@@@144
[   30.418675] @@@./cp@@@148
[   30.420152] @@@./cp@@@173
[   30.421670] @@@./cp@@@147
[   30.423234] @@@./cp@@@184
[   30.424820] @@@./cp@@@132
[   30.426538] @@@./cp@@@274
[   30.428648] @@@./cp@@@146
[   30.430244] @@@./cp@@@145
[   30.431919] @@@./cp@@@136
[   30.433620] @@@./cp@@@140
[   30.435199] @@@./cp@@@151
[   30.436622] @@@./cp@@@134
[   30.438221] @@@./cp@@@222
[   30.439774] @@@./cp@@@146
[   30.441281] @@@./cp@@@144
[   30.442731] @@@./cp@@@142
[   30.444229] @@@./cp@@@257
[   30.445718] @@@./cp@@@139
[   30.447239] @@@./cp@@@266
[   30.448853] @@@./cp@@@139
[   30.450497] @@@./cp@@@142
[   30.452297] @@@./cp@@@158
[   30.454041] @@@./cp@@@173
[   30.455596] @@@./cp@@@141
[   30.457051] @@@./cp@@@170
[   30.458553] @@@./cp@@@140
[   30.460068] @@@./cp@@@184
[   30.461496] @@@./cp@@@135
[   30.463073] @@@./cp@@@210
[   30.464749] @@@./cp@@@212
[   30.467162] @@@./cp@@@310
[   30.468767] @@@./cp@@@147
[   30.470247] @@@./cp@@@142
[   30.471717] @@@./cp@@@130
[   30.473266] @@@./cp@@@134
[   30.474799] @@@./cp@@@141
[   30.476287] @@@./cp@@@147
[   30.477968] @@@./cp@@@136
[   30.479535] @@@./cp@@@134
[   30.481270] @@@./cp@@@145
[   30.483134] @@@./cp@@@186
[   30.484756] @@@./cp@@@146
[   30.486700] @@@./cp@@@216
[   30.488870] @@@./cp@@@158
[   30.490441] @@@./cp@@@145
[   30.492107] @@@./cp@@@176
[   30.493627] @@@./cp@@@142
[   30.495164] @@@./cp@@@210
[   30.496750] @@@./cp@@@167
[   30.498240] @@@./cp@@@256
[   30.499779] @@@./cp@@@140
[   30.501259] @@@./cp@@@140
[   30.502705] @@@./cp@@@137
[   30.504201] @@@./cp@@@251
[   30.505711] @@@./cp@@@140
[   30.507285] @@@./cp@@@295
[   30.508837] @@@./cp@@@142
[   30.510301] @@@./cp@@@138
[   30.511811] @@@./cp@@@159
[   30.513378] @@@./cp@@@150
[   30.514861] @@@./cp@@@137
[   30.516410] @@@./cp@@@139
[   30.518096] @@@./cp@@@194
[   30.519558] @@@./cp@@@140
[   30.520988] @@@./cp@@@137
[   30.522491] @@@./cp@@@139
[   30.524185] @@@./cp@@@282
[   30.526112] @@@./cp@@@176
[   30.527723] @@@./cp@@@138
[   30.529352] @@@./cp@@@142
[   30.530900] @@@./cp@@@144
[   30.532482] @@@./cp@@@137
[   30.533964] @@@./cp@@@136
[   30.535553] @@@./cp@@@137
[   30.537094] @@@./cp@@@167
[   30.538559] @@@./cp@@@137
[   30.540270] @@@./cp@@@151
[   30.541780] @@@./cp@@@141
[   30.543643] @@@./cp@@@159
[   30.545697] @@@./cp@@@237
[   30.547707] @@@./cp@@@164
[   30.549254] @@@./cp@@@148
[   30.550694] @@@./cp@@@142
[   30.552136] @@@./cp@@@162
[   30.553570] @@@./cp@@@139
[   30.555245] @@@./cp@@@142
[   30.556673] @@@./cp@@@141
[   30.558132] @@@./cp@@@160
[   30.559559] @@@./cp@@@142
[   30.561144] @@@./cp@@@219
[   30.562590] @@@./cp@@@137
[   30.564130] @@@./cp@@@189
[   30.565557] @@@./cp@@@131
[   30.567102] @@@./cp@@@188
[   30.568534] @@@./cp@@@162
[   30.570326] @@@./cp@@@152
[   30.571755] @@@./cp@@@133
[   30.573616] @@@./cp@@@163
[   30.575176] @@@./cp@@@206
[   30.577121] @@@./cp@@@199
[   30.578702] @@@./cp@@@141
[   30.580294] @@@./cp@@@149
[   30.581734] @@@./cp@@@139
[   30.583422] @@@./cp@@@162
[   30.585149] @@@./cp@@@191
[   30.587130] @@@./cp@@@219
[   30.588584] @@@./cp@@@143
[   30.590318] @@@./cp@@@146
[   30.591771] @@@./cp@@@133
[   30.593475] @@@./cp@@@151
[   30.594905] @@@./cp@@@139
[   30.596736] @@@./cp@@@147
[   30.598290] @@@./cp@@@157
[   30.600104] @@@./cp@@@166
[   30.601861] @@@./cp@@@135
[   30.603832] @@@./cp@@@147
*** cp done.

[   30.605838] @@@/bin/cp@@@154
[   30.608439] @@@../elf-sign.signed@@@143
[   30.613472] @@@/bin/cp@@@170
[   30.615231] @@@/usr/bin/objcopy@@@174
*** Executing signed version of df for 1000 time[   30.618716] @@@./df@@@152
s.
[   30.620404] @@@./df@@@145
[   30.622344] @@@./df@@@163
[   30.623906] @@@./df@@@149
[   30.625522] @@@./df@@@141
[   30.627268] @@@./df@@@141
[   30.628927] @@@./df@@@138
[   30.630466] @@@./df@@@134
[   30.632232] @@@./df@@@136
[   30.633888] @@@./df@@@133
[   30.635953] @@@./df@@@154
[   30.637928] @@@./df@@@144
[   30.639722] @@@./df@@@133
[   30.641410] @@@./df@@@151
[   30.642998] @@@./df@@@167
[   30.645060] @@@./df@@@185
[   30.646445] @@@./df@@@142
[   30.648169] @@@./df@@@198
[   30.649790] @@@./df@@@133
[   30.651429] @@@./df@@@135
[   30.653106] @@@./df@@@207
[   30.654616] @@@./df@@@134
[   30.656283] @@@./df@@@151
[   30.657907] @@@./df@@@140
[   30.659659] @@@./df@@@150
[   30.661198] @@@./df@@@146
[   30.662730] @@@./df@@@139
[   30.664209] @@@./df@@@201
[   30.665941] @@@./df@@@166
[   30.667498] @@@./df@@@153
[   30.669023] @@@./df@@@161
[   30.670378] @@@./df@@@142
[   30.671896] @@@./df@@@151
[   30.673347] @@@./df@@@152
[   30.674872] @@@./df@@@139
[   30.676328] @@@./df@@@155
[   30.677845] @@@./df@@@147
[   30.679276] @@@./df@@@153
[   30.680845] @@@./df@@@159
[   30.682495] @@@./df@@@170
[   30.684087] @@@./df@@@181
[   30.685693] @@@./df@@@138
[   30.687364] @@@./df@@@150
[   30.689076] @@@./df@@@224
[   30.690656] @@@./df@@@147
[   30.692190] @@@./df@@@140
[   30.693731] @@@./df@@@141
[   30.695354] @@@./df@@@139
[   30.697362] @@@./df@@@167
[   30.698864] @@@./df@@@154
[   30.700362] @@@./df@@@143
[   30.701992] @@@./df@@@157
[   30.703857] @@@./df@@@157
[   30.705407] @@@./df@@@138
[   30.707176] @@@./df@@@218
[   30.708796] @@@./df@@@144
[   30.710325] @@@./df@@@141
[   30.711871] @@@./df@@@147
[   30.713439] @@@./df@@@137
[   30.715100] @@@./df@@@212
[   30.716652] @@@./df@@@147
[   30.718189] @@@./df@@@144
[   30.719800] @@@./df@@@154
[   30.721326] @@@./df@@@138
[   30.722849] @@@./df@@@142
[   30.724431] @@@./df@@@154
[   30.726125] @@@./df@@@202
[   30.727879] @@@./df@@@156
[   30.729387] @@@./df@@@156
[   30.730992] @@@./df@@@149
[   30.732590] @@@./df@@@146
[   30.734181] @@@./df@@@146
[   30.735697] @@@./df@@@143
[   30.737333] @@@./df@@@336
[   30.739111] @@@./df@@@191
[   30.740990] @@@./df@@@144
[   30.742448] @@@./df@@@138
[   30.743970] @@@./df@@@136
[   30.745426] @@@./df@@@136
[   30.746948] @@@./df@@@155
[   30.748365] @@@./df@@@150
[   30.749895] @@@./df@@@155
[   30.751323] @@@./df@@@160
[   30.752896] @@@./df@@@148
[   30.754401] @@@./df@@@140
[   30.755951] @@@./df@@@138
[   30.757935] @@@./df@@@169
[   30.759768] @@@./df@@@168
[   30.761489] @@@./df@@@159
[   30.763120] @@@./df@@@201
[   30.764696] @@@./df@@@147
[   30.766167] @@@./df@@@171
[   30.767705] @@@./df@@@146
[   30.769132] @@@./df@@@192
[   30.770630] @@@./df@@@143
[   30.772066] @@@./df@@@162
[   30.773481] @@@./df@@@135
[   30.774951] @@@./df@@@138
[   30.776446] @@@./df@@@140
[   30.777882] @@@./df@@@146
[   30.779320] @@@./df@@@139
[   30.780721] @@@./df@@@138
[   30.782143] @@@./df@@@219
[   30.783566] @@@./df@@@142
[   30.784986] @@@./df@@@142
[   30.786445] @@@./df@@@140
[   30.788290] @@@./df@@@162
[   30.789969] @@@./df@@@153
[   30.791435] @@@./df@@@138
[   30.792876] @@@./df@@@141
[   30.794333] @@@./df@@@135
[   30.795777] @@@./df@@@137
[   30.797414] @@@./df@@@171
[   30.799080] @@@./df@@@188
[   30.800611] @@@./df@@@144
[   30.802214] @@@./df@@@227
[   30.803626] @@@./df@@@141
[   30.805046] @@@./df@@@174
[   30.806527] @@@./df@@@136
[   30.807980] @@@./df@@@141
[   30.809470] @@@./df@@@141
[   30.810964] @@@./df@@@142
[   30.812411] @@@./df@@@139
[   30.813812] @@@./df@@@137
[   30.815320] @@@./df@@@139
[   30.816802] @@@./df@@@144
[   30.818469] @@@./df@@@153
[   30.819903] @@@./df@@@143
[   30.821445] @@@./df@@@136
[   30.822869] @@@./df@@@141
[   30.824255] @@@./df@@@142
[   30.825690] @@@./df@@@137
[   30.827105] @@@./df@@@191
[   30.828629] @@@./df@@@144
[   30.830068] @@@./df@@@166
[   30.831634] @@@./df@@@142
[   30.833109] @@@./df@@@187
[   30.834759] @@@./df@@@243
[   30.836371] @@@./df@@@151
[   30.837841] @@@./df@@@145
[   30.839262] @@@./df@@@138
[   30.840651] @@@./df@@@143
[   30.842039] @@@./df@@@164
[   30.843499] @@@./df@@@138
[   30.844969] @@@./df@@@141
[   30.846412] @@@./df@@@138
[   30.847904] @@@./df@@@136
[   30.849908] @@@./df@@@230
[   30.851500] @@@./df@@@153
[   30.852981] @@@./df@@@143
[   30.854520] @@@./df@@@144
[   30.856375] @@@./df@@@197
[   30.858198] @@@./df@@@156
[   30.859760] @@@./df@@@138
[   30.861284] @@@./df@@@146
[   30.862780] @@@./df@@@142
[   30.864432] @@@./df@@@134
[   30.866135] @@@./df@@@176
[   30.867694] @@@./df@@@144
[   30.869251] @@@./df@@@145
[   30.870791] @@@./df@@@142
[   30.872410] @@@./df@@@142
[   30.873955] @@@./df@@@139
[   30.875520] @@@./df@@@138
[   30.877097] @@@./df@@@167
[   30.878654] @@@./df@@@166
[   30.880321] @@@./df@@@155
[   30.881833] @@@./df@@@149
[   30.883338] @@@./df@@@138
[   30.884842] @@@./df@@@140
[   30.886417] @@@./df@@@141
[   30.887925] @@@./df@@@136
[   30.889500] @@@./df@@@138
[   30.890997] @@@./df@@@138
[   30.892732] @@@./df@@@182
[   30.894495] @@@./df@@@154
[   30.896181] @@@./df@@@150
[   30.897800] @@@./df@@@147
[   30.899477] @@@./df@@@140
[   30.900962] @@@./df@@@141
[   30.902458] @@@./df@@@132
[   30.903992] @@@./df@@@140
[   30.905503] @@@./df@@@138
[   30.906934] @@@./df@@@143
[   30.908447] @@@./df@@@133
[   30.909946] @@@./df@@@143
[   30.911487] @@@./df@@@148
[   30.913136] @@@./df@@@179
[   30.914959] @@@./df@@@152
[   30.916830] @@@./df@@@147
[   30.918557] @@@./df@@@137
[   30.920254] @@@./df@@@138
[   30.921914] @@@./df@@@141
[   30.923569] @@@./df@@@140
[   30.925201] @@@./df@@@205
[   30.926887] @@@./df@@@150
[   30.928408] @@@./df@@@136
[   30.930151] @@@./df@@@190
[   30.931811] @@@./df@@@139
[   30.933341] @@@./df@@@172
[   30.934906] @@@./df@@@142
[   30.936407] @@@./df@@@141
[   30.937947] @@@./df@@@143
[   30.939840] @@@./df@@@134
[   30.941882] @@@./df@@@183
[   30.943457] @@@./df@@@149
[   30.945115] @@@./df@@@214
[   30.946809] @@@./df@@@138
[   30.948391] @@@./df@@@154
[   30.950061] @@@./df@@@197
[   30.951876] @@@./df@@@157
[   30.953474] @@@./df@@@141
[   30.955091] @@@./df@@@210
[   30.956734] @@@./df@@@139
[   30.958337] @@@./df@@@139
[   30.959980] @@@./df@@@142
[   30.961455] @@@./df@@@137
[   30.963118] @@@./df@@@203
[   30.964785] @@@./df@@@150
[   30.966305] @@@./df@@@158
[   30.967865] @@@./df@@@141
[   30.969333] @@@./df@@@156
[   30.970897] @@@./df@@@151
[   30.972766] @@@./df@@@156
[   30.974342] @@@./df@@@155
[   30.975965] @@@./df@@@152
[   30.977379] @@@./df@@@142
[   30.978957] @@@./df@@@149
[   30.980515] @@@./df@@@242
[   30.982078] @@@./df@@@178
[   30.983517] @@@./df@@@144
[   30.985114] @@@./df@@@172
[   30.986621] @@@./df@@@147
[   30.988929] @@@./df@@@239
[   30.990856] @@@./df@@@157
[   30.992549] @@@./df@@@289
[   30.994177] @@@./df@@@198
[   30.995800] @@@./df@@@138
[   30.997375] @@@./df@@@161
[   30.998889] @@@./df@@@142
[   31.000451] @@@./df@@@140
[   31.001875] @@@./df@@@139
[   31.003435] @@@./df@@@146
[   31.004898] @@@./df@@@146
[   31.006367] @@@./df@@@140
[   31.007796] @@@./df@@@135
[   31.009642] @@@./df@@@153
[   31.011154] @@@./df@@@200
[   31.012731] @@@./df@@@136
[   31.014310] @@@./df@@@150
[   31.015970] @@@./df@@@140
[   31.017407] @@@./df@@@135
[   31.019137] @@@./df@@@212
[   31.020731] @@@./df@@@141
[   31.022424] @@@./df@@@154
[   31.024113] @@@./df@@@179
[   31.025684] @@@./df@@@137
[   31.027272] @@@./df@@@140
[   31.028884] @@@./df@@@139
[   31.030409] @@@./df@@@149
[   31.031797] @@@./df@@@132
[   31.033482] @@@./df@@@172
[   31.034941] @@@./df@@@149
[   31.036465] @@@./df@@@140
[   31.037875] @@@./df@@@138
[   31.039375] @@@./df@@@149
[   31.040798] @@@./df@@@139
[   31.042296] @@@./df@@@161
[   31.043723] @@@./df@@@137
[   31.045272] @@@./df@@@164
[   31.047112] @@@./df@@@206
[   31.048936] @@@./df@@@161
[   31.050370] @@@./df@@@151
[   31.051784] @@@./df@@@147
[   31.053266] @@@./df@@@151
[   31.054667] @@@./df@@@144
[   31.056295] @@@./df@@@143
[   31.057897] @@@./df@@@143
[   31.059379] @@@./df@@@143
[   31.060814] @@@./df@@@146
[   31.062348] @@@./df@@@142
[   31.064187] @@@./df@@@204
[   31.065827] @@@./df@@@153
[   31.067519] @@@./df@@@217
[   31.069542] @@@./df@@@170
[   31.071206] @@@./df@@@218
[   31.072795] @@@./df@@@147
[   31.074388] @@@./df@@@142
[   31.075926] @@@./df@@@142
[   31.077472] @@@./df@@@141
[   31.078938] @@@./df@@@137
[   31.080432] @@@./df@@@137
[   31.081942] @@@./df@@@132
[   31.083464] @@@./df@@@142
[   31.084965] @@@./df@@@139
[   31.086492] @@@./df@@@139
[   31.088136] @@@./df@@@168
[   31.089760] @@@./df@@@138
[   31.091421] @@@./df@@@133
[   31.093066] @@@./df@@@175
[   31.094776] @@@./df@@@156
[   31.096358] @@@./df@@@152
[   31.097975] @@@./df@@@149
[   31.099563] @@@./df@@@145
[   31.101051] @@@./df@@@163
[   31.102514] @@@./df@@@136
[   31.104051] @@@./df@@@178
[   31.105520] @@@./df@@@142
[   31.107128] @@@./df@@@215
[   31.108676] @@@./df@@@150
[   31.110322] @@@./df@@@158
[   31.111890] @@@./df@@@139
[   31.113479] @@@./df@@@140
[   31.115056] @@@./df@@@187
[   31.116751] @@@./df@@@138
[   31.118282] @@@./df@@@141
[   31.119766] @@@./df@@@141
[   31.121318] @@@./df@@@138
[   31.122773] @@@./df@@@137
[   31.124422] @@@./df@@@146
[   31.125901] @@@./df@@@143
[   31.127723] @@@./df@@@152
[   31.129356] @@@./df@@@143
[   31.130931] @@@./df@@@136
[   31.132560] @@@./df@@@133
[   31.134175] @@@./df@@@156
[   31.135699] @@@./df@@@132
[   31.137282] @@@./df@@@148
[   31.138861] @@@./df@@@149
[   31.140445] @@@./df@@@135
[   31.141939] @@@./df@@@133
[   31.143577] @@@./df@@@131
[   31.145134] @@@./df@@@175
[   31.146706] @@@./df@@@133
[   31.148271] @@@./df@@@153
[   31.149753] @@@./df@@@135
[   31.151309] @@@./df@@@136
[   31.152806] @@@./df@@@132
[   31.154362] @@@./df@@@132
[   31.156068] @@@./df@@@222
[   31.157613] @@@./df@@@150
[   31.159149] @@@./df@@@200
[   31.160747] @@@./df@@@135
[   31.162318] @@@./df@@@146
[   31.163814] @@@./df@@@132
[   31.165493] @@@./df@@@154
[   31.167286] @@@./df@@@150
[   31.168819] @@@./df@@@134
[   31.170421] @@@./df@@@135
[   31.172104] @@@./df@@@191
[   31.173612] @@@./df@@@136
[   31.175145] @@@./df@@@206
[   31.176650] @@@./df@@@133
[   31.178200] @@@./df@@@155
[   31.179715] @@@./df@@@132
[   31.181431] @@@./df@@@134
[   31.182988] @@@./df@@@136
[   31.184544] @@@./df@@@149
[   31.186156] @@@./df@@@219
[   31.187855] @@@./df@@@158
[   31.189579] @@@./df@@@143
[   31.191246] @@@./df@@@138
[   31.193078] @@@./df@@@186
[   31.194742] @@@./df@@@147
[   31.196286] @@@./df@@@144
[   31.197761] @@@./df@@@141
[   31.199251] @@@./df@@@332
[   31.200811] @@@./df@@@132
[   31.202319] @@@./df@@@138
[   31.204280] @@@./df@@@225
[   31.206341] @@@./df@@@154
[   31.207948] @@@./df@@@144
[   31.209453] @@@./df@@@163
[   31.210898] @@@./df@@@150
[   31.212441] @@@./df@@@138
[   31.213880] @@@./df@@@149
[   31.215320] @@@./df@@@139
[   31.216716] @@@./df@@@143
[   31.218192] @@@./df@@@152
[   31.219733] @@@./df@@@156
[   31.221164] @@@./df@@@184
[   31.222580] @@@./df@@@145
[   31.224228] @@@./df@@@155
[   31.225707] @@@./df@@@156
[   31.227388] @@@./df@@@149
[   31.228874] @@@./df@@@155
[   31.230283] @@@./df@@@141
[   31.231743] @@@./df@@@151
[   31.233160] @@@./df@@@182
[   31.234575] @@@./df@@@152
[   31.236170] @@@./df@@@180
[   31.237621] @@@./df@@@152
[   31.239220] @@@./df@@@145
[   31.240575] @@@./df@@@143
[   31.242260] @@@./df@@@144
[   31.243700] @@@./df@@@143
[   31.245250] @@@./df@@@141
[   31.246725] @@@./df@@@153
[   31.248411] @@@./df@@@160
[   31.249888] @@@./df@@@153
[   31.251361] @@@./df@@@146
[   31.252785] @@@./df@@@146
[   31.254209] @@@./df@@@145
[   31.255568] @@@./df@@@144
[   31.257132] @@@./df@@@183
[   31.258496] @@@./df@@@144
[   31.260196] @@@./df@@@148
[   31.261614] @@@./df@@@145
[   31.263356] @@@./df@@@162
[   31.264859] @@@./df@@@163
[   31.266349] @@@./df@@@148
[   31.267924] @@@./df@@@148
[   31.269400] @@@./df@@@149
[   31.270956] @@@./df@@@151
[   31.272416] @@@./df@@@147
[   31.273913] @@@./df@@@147
[   31.275414] @@@./df@@@147
[   31.276873] @@@./df@@@146
[   31.278377] @@@./df@@@197
[   31.280101] @@@./df@@@189
[   31.281762] @@@./df@@@150
[   31.283353] @@@./df@@@150
[   31.285060] @@@./df@@@226
[   31.286733] @@@./df@@@155
[   31.288545] @@@./df@@@278
[   31.290139] @@@./df@@@164
[   31.291790] @@@./df@@@141
[   31.293428] @@@./df@@@137
[   31.295130] @@@./df@@@193
[   31.296688] @@@./df@@@135
[   31.298233] @@@./df@@@139
[   31.299792] @@@./df@@@139
[   31.301376] @@@./df@@@138
[   31.303058] @@@./df@@@183
[   31.304401] @@@./df@@@140
[   31.305927] @@@./df@@@140
[   31.307422] @@@./df@@@139
[   31.308960] @@@./df@@@143
[   31.310453] @@@./df@@@151
[   31.311994] @@@./df@@@147
[   31.313433] @@@./df@@@132
[   31.315132] @@@./df@@@203
[   31.316750] @@@./df@@@141
[   31.318286] @@@./df@@@158
[   31.319903] @@@./df@@@142
[   31.321425] @@@./df@@@140
[   31.323175] @@@./df@@@219
[   31.324777] @@@./df@@@151
[   31.326384] @@@./df@@@152
[   31.327969] @@@./df@@@150
[   31.329442] @@@./df@@@142
[   31.331055] @@@./df@@@174
[   31.332484] @@@./df@@@141
[   31.334093] @@@./df@@@191
[   31.335636] @@@./df@@@146
[   31.337257] @@@./df@@@148
[   31.338753] @@@./df@@@141
[   31.340388] @@@./df@@@166
[   31.341956] @@@./df@@@174
[   31.343833] @@@./df@@@168
[   31.345398] @@@./df@@@149
[   31.346890] @@@./df@@@151
[   31.348358] @@@./df@@@143
[   31.349876] @@@./df@@@143
[   31.351358] @@@./df@@@147
[   31.352849] @@@./df@@@154
[   31.354406] @@@./df@@@148
[   31.355968] @@@./df@@@136
[   31.357404] @@@./df@@@143
[   31.359039] @@@./df@@@173
[   31.360608] @@@./df@@@141
[   31.362250] @@@./df@@@259
[   31.363904] @@@./df@@@140
[   31.365397] @@@./df@@@145
[   31.366991] @@@./df@@@162
[   31.368616] @@@./df@@@147
[   31.370312] @@@./df@@@141
[   31.372126] @@@./df@@@180
[   31.373943] @@@./df@@@154
[   31.375435] @@@./df@@@136
[   31.377121] @@@./df@@@177
[   31.378776] @@@./df@@@143
[   31.380442] @@@./df@@@179
[   31.382076] @@@./df@@@173
[   31.383890] @@@./df@@@141
[   31.385435] @@@./df@@@136
[   31.386958] @@@./df@@@139
[   31.388686] @@@./df@@@138
[   31.390346] @@@./df@@@139
[   31.391993] @@@./df@@@142
[   31.393447] @@@./df@@@136
[   31.395109] @@@./df@@@209
[   31.396646] @@@./df@@@206
[   31.398293] @@@./df@@@140
[   31.399887] @@@./df@@@142
[   31.401471] @@@./df@@@197
[   31.403121] @@@./df@@@228
[   31.404792] @@@./df@@@143
[   31.406406] @@@./df@@@151
[   31.408104] @@@./df@@@180
[   31.409713] @@@./df@@@138
[   31.411368] @@@./df@@@137
[   31.413044] @@@./df@@@170
[   31.414753] @@@./df@@@139
[   31.416353] @@@./df@@@138
[   31.418181] @@@./df@@@233
[   31.419901] @@@./df@@@142
[   31.421425] @@@./df@@@162
[   31.423074] @@@./df@@@232
[   31.424648] @@@./df@@@147
[   31.426229] @@@./df@@@139
[   31.427865] @@@./df@@@160
[   31.429438] @@@./df@@@141
[   31.431161] @@@./df@@@179
[   31.432779] @@@./df@@@146
[   31.434350] @@@./df@@@150
[   31.435955] @@@./df@@@143
[   31.437505] @@@./df@@@161
[   31.439179] @@@./df@@@190
[   31.440853] @@@./df@@@140
[   31.442446] @@@./df@@@135
[   31.444020] @@@./df@@@150
[   31.445634] @@@./df@@@146
[   31.447267] @@@./df@@@303
[   31.448809] @@@./df@@@139
[   31.450320] @@@./df@@@140
[   31.451819] @@@./df@@@140
[   31.453330] @@@./df@@@137
[   31.454844] @@@./df@@@139
[   31.456351] @@@./df@@@137
[   31.457854] @@@./df@@@139
[   31.459362] @@@./df@@@139
[   31.460869] @@@./df@@@139
[   31.462385] @@@./df@@@146
[   31.464383] @@@./df@@@210
[   31.466042] @@@./df@@@165
[   31.467603] @@@./df@@@136
[   31.469160] @@@./df@@@158
[   31.470647] @@@./df@@@135
[   31.472278] @@@./df@@@295
[   31.473852] @@@./df@@@140
[   31.475596] @@@./df@@@233
[   31.477240] @@@./df@@@152
[   31.478828] @@@./df@@@137
[   31.480393] @@@./df@@@138
[   31.481916] @@@./df@@@139
[   31.483408] @@@./df@@@141
[   31.484808] @@@./df@@@135
