WARNING: Image format was not specified for '/home/mrdrivingduck/Desktop/image/stretch.img' and probing guessed raw.
         Automatically detecting the format is dangerous for raw images, write operations on block 0 will be restricted.
         Specify the 'raw' format explicitly to remove the restrictions.
qemu-system-x86_64: warning: host doesn't support requested feature: CPUID.80000001H:ECX.svm [bit 2]
qemu-system-x86_64: warning: host doesn't support requested feature: CPUID.80000001H:ECX.svm [bit 2]
early console in setup code
early console in extract_kernel
input_data: 0x00000000025d9276
input_len: 0x0000000000795104
output: 0x0000000001000000
output_len: 0x0000000001d401f8
kernel_total_size: 0x000000000196f000
booted via startup_32()
Physical KASLR using RDTSC...
Virtual KASLR using RDTSC...

Decompressing Linux... Parsing ELF... Performing relocations... done.
Booting the kernel.
[    0.000000] Linux version 4.15.0+ (mrdrivingduck@zjt-ubuntu) (gcc version 7.5.0 (Ubuntu 7.5.0-3ubuntu1~18.04)) #14 SMP Wed May 13 16:10:10 CST 2020
[    0.000000] Command line: console=ttyS0 root=/dev/sda debug earlyprintk=serial slub_debug=QUZ
[    0.000000] x86/fpu: x87 FPU will use FXSAVE
[    0.000000] e820: BIOS-provided physical RAM map:
[    0.000000] BIOS-e820: [mem 0x0000000000000000-0x000000000009fbff] usable
[    0.000000] BIOS-e820: [mem 0x000000000009fc00-0x000000000009ffff] reserved
[    0.000000] BIOS-e820: [mem 0x00000000000f0000-0x00000000000fffff] reserved
[    0.000000] BIOS-e820: [mem 0x0000000000100000-0x000000007ffdffff] usable
[    0.000000] BIOS-e820: [mem 0x000000007ffe0000-0x000000007fffffff] reserved
[    0.000000] BIOS-e820: [mem 0x00000000feffc000-0x00000000feffffff] reserved
[    0.000000] BIOS-e820: [mem 0x00000000fffc0000-0x00000000ffffffff] reserved
[    0.000000] bootconsole [earlyser0] enabled
[    0.000000] NX (Execute Disable) protection: active
[    0.000000] random: fast init done
[    0.000000] SMBIOS 2.8 present.
[    0.000000] DMI: QEMU Standard PC (i440FX + PIIX, 1996), BIOS 1.10.2-1ubuntu1 04/01/2014
[    0.000000] Hypervisor detected: KVM
[    0.000000] e820: update [mem 0x00000000-0x00000fff] usable ==> reserved
[    0.000000] e820: remove [mem 0x000a0000-0x000fffff] usable
[    0.000000] e820: last_pfn = 0x7ffe0 max_arch_pfn = 0x400000000
[    0.000000] MTRR default type: write-back
[    0.000000] MTRR fixed ranges enabled:
[    0.000000]   00000-9FFFF write-back
[    0.000000]   A0000-BFFFF uncachable
[    0.000000]   C0000-FFFFF write-protect
[    0.000000] MTRR variable ranges enabled:
[    0.000000]   0 base 0080000000 mask FF80000000 uncachable
[    0.000000]   1 disabled
[    0.000000]   2 disabled
[    0.000000]   3 disabled
[    0.000000]   4 disabled
[    0.000000]   5 disabled
[    0.000000]   6 disabled
[    0.000000]   7 disabled
[    0.000000] x86/PAT: PAT not supported by CPU.
[    0.000000] x86/PAT: Configuration [0-7]: WB  WT  UC- UC  WB  WT  UC- UC  
Memory KASLR using RDTSC...
[    0.000000] found SMP MP-table at [mem 0x000f6a80-0x000f6a8f] mapped at [        (ptrval)]
[    0.000000] Scanning 1 areas for low memory corruption
[    0.000000] Base memory trampoline at [        (ptrval)] 99000 size 24576
[    0.000000] BRK [0x1a544000, 0x1a544fff] PGTABLE
[    0.000000] BRK [0x1a545000, 0x1a545fff] PGTABLE
[    0.000000] BRK [0x1a546000, 0x1a546fff] PGTABLE
[    0.000000] BRK [0x1a547000, 0x1a547fff] PGTABLE
[    0.000000] BRK [0x1a548000, 0x1a548fff] PGTABLE
[    0.000000] BRK [0x1a549000, 0x1a549fff] PGTABLE
[    0.000000] ACPI: Early table checksum verification disabled
[    0.000000] ACPI: RSDP 0x00000000000F6860 000014 (v00 BOCHS )
[    0.000000] ACPI: RSDT 0x000000007FFE1656 000030 (v01 BOCHS  BXPCRSDT 00000001 BXPC 00000001)
[    0.000000] ACPI: FACP 0x000000007FFE14AA 000074 (v01 BOCHS  BXPCFACP 00000001 BXPC 00000001)
[    0.000000] ACPI: DSDT 0x000000007FFE0040 00146A (v01 BOCHS  BXPCDSDT 00000001 BXPC 00000001)
[    0.000000] ACPI: FACS 0x000000007FFE0000 000040
[    0.000000] ACPI: APIC 0x000000007FFE159E 000080 (v01 BOCHS  BXPCAPIC 00000001 BXPC 00000001)
[    0.000000] ACPI: HPET 0x000000007FFE161E 000038 (v01 BOCHS  BXPCHPET 00000001 BXPC 00000001)
[    0.000000] ACPI: Local APIC address 0xfee00000
[    0.000000] No NUMA configuration found
[    0.000000] Faking a node at [mem 0x0000000000000000-0x000000007ffdffff]
[    0.000000] NODE_DATA(0) allocated [mem 0x7ffdc000-0x7ffdffff]
[    0.000000] kvm-clock: cpu 0, msr 0:7ffda001, primary cpu clock
[    0.000000] kvm-clock: Using msrs 4b564d01 and 4b564d00
[    0.000000] kvm-clock: using sched offset of 241864844 cycles
[    0.000000] clocksource: kvm-clock: mask: 0xffffffffffffffff max_cycles: 0x1cd42e4dffb, max_idle_ns: 881590591483 ns
[    0.000000] Zone ranges:
[    0.000000]   DMA      [mem 0x0000000000001000-0x0000000000ffffff]
[    0.000000]   DMA32    [mem 0x0000000001000000-0x000000007ffdffff]
[    0.000000]   Normal   empty
[    0.000000] Movable zone start for each node
[    0.000000] Early memory node ranges
[    0.000000]   node   0: [mem 0x0000000000001000-0x000000000009efff]
[    0.000000]   node   0: [mem 0x0000000000100000-0x000000007ffdffff]
[    0.000000] Initmem setup node 0 [mem 0x0000000000001000-0x000000007ffdffff]
[    0.000000] On node 0 totalpages: 524158
[    0.000000]   DMA zone: 64 pages used for memmap
[    0.000000]   DMA zone: 21 pages reserved
[    0.000000]   DMA zone: 3998 pages, LIFO batch:0
[    0.000000]   DMA32 zone: 8128 pages used for memmap
[    0.000000]   DMA32 zone: 520160 pages, LIFO batch:31
[    0.000000] Reserved but unavailable: 98 pages
[    0.000000] ACPI: PM-Timer IO Port: 0x608
[    0.000000] ACPI: Local APIC address 0xfee00000
[    0.000000] ACPI: LAPIC_NMI (acpi_id[0xff] dfl dfl lint[0x1])
[    0.000000] IOAPIC[0]: apic_id 0, version 17, address 0xfec00000, GSI 0-23
[    0.000000] ACPI: INT_SRC_OVR (bus 0 bus_irq 0 global_irq 2 dfl dfl)
[    0.000000] ACPI: INT_SRC_OVR (bus 0 bus_irq 5 global_irq 5 high level)
[    0.000000] ACPI: INT_SRC_OVR (bus 0 bus_irq 9 global_irq 9 high level)
[    0.000000] ACPI: INT_SRC_OVR (bus 0 bus_irq 10 global_irq 10 high level)
[    0.000000] ACPI: INT_SRC_OVR (bus 0 bus_irq 11 global_irq 11 high level)
[    0.000000] ACPI: IRQ0 used by override.
[    0.000000] ACPI: IRQ5 used by override.
[    0.000000] ACPI: IRQ9 used by override.
[    0.000000] ACPI: IRQ10 used by override.
[    0.000000] ACPI: IRQ11 used by override.
[    0.000000] Using ACPI (MADT) for SMP configuration information
[    0.000000] ACPI: HPET id: 0x8086a201 base: 0xfed00000
[    0.000000] smpboot: Allowing 2 CPUs, 0 hotplug CPUs
[    0.000000] PM: Registered nosave memory: [mem 0x00000000-0x00000fff]
[    0.000000] PM: Registered nosave memory: [mem 0x0009f000-0x0009ffff]
[    0.000000] PM: Registered nosave memory: [mem 0x000a0000-0x000effff]
[    0.000000] PM: Registered nosave memory: [mem 0x000f0000-0x000fffff]
[    0.000000] e820: [mem 0x80000000-0xfeffbfff] available for PCI devices
[    0.000000] Booting paravirtualized kernel on KVM
[    0.000000] clocksource: refined-jiffies: mask: 0xffffffff max_cycles: 0xffffffff, max_idle_ns: 1910969940391419 ns
[    0.000000] setup_percpu: NR_CPUS:64 nr_cpumask_bits:64 nr_cpu_ids:2 nr_node_ids:1
[    0.000000] percpu: Embedded 43 pages/cpu @        (ptrval) s137624 r8192 d30312 u1048576
[    0.000000] pcpu-alloc: s137624 r8192 d30312 u1048576 alloc=1*2097152
[    0.000000] pcpu-alloc: [0] 0 1 
[    0.000000] KVM setup async PF for cpu 0
[    0.000000] kvm-stealtime: cpu 0, msr 7fc152c0
[    0.000000] Built 1 zonelists, mobility grouping on.  Total pages: 515945
[    0.000000] Policy zone: DMA32
[    0.000000] Kernel command line: console=ttyS0 root=/dev/sda debug earlyprintk=serial slub_debug=QUZ
[    0.000000] slub_debug option 'Q' unknown. skipped
[    0.000000] Calgary: detecting Calgary via BIOS EBDA area
[    0.000000] Calgary: Unable to locate Rio Grande table in EBDA - bailing!
[    0.000000] Memory: 2037436K/2096632K available (12300K kernel code, 1285K rwdata, 2960K rodata, 1276K init, 676K bss, 59196K reserved, 0K cma-reserved)
[    0.000000] SLUB: HWalign=64, Order=0-3, MinObjects=0, CPUs=2, Nodes=1
[    0.000000] Kernel/User page tables isolation: enabled
[    0.001000] Hierarchical RCU implementation.
[    0.001000] 	RCU event tracing is enabled.
[    0.001000] 	RCU restricting CPUs from NR_CPUS=64 to nr_cpu_ids=2.
[    0.001000] RCU: Adjusting geometry for rcu_fanout_leaf=16, nr_cpu_ids=2
[    0.001000] NR_IRQS: 4352, nr_irqs: 440, preallocated irqs: 16
[    0.001000] Console: colour VGA+ 80x25
[    0.001000] console [ttyS0] enabled
[    0.001000] console [ttyS0] enabled
[    0.001000] bootconsole [earlyser0] disabled
[    0.001000] bootconsole [earlyser0] disabled
[    0.001000] ACPI: Core revision 20170831
[    0.001000] ACPI: 1 ACPI AML tables successfully acquired and loaded
[    0.001000] clocksource: hpet: mask: 0xffffffff max_cycles: 0xffffffff, max_idle_ns: 19112604467 ns
[    0.001000] hpet clockevent registered
[    0.001010] APIC: Switch to symmetric I/O mode setup
[    0.003000] ..TIMER: vector=0x30 apic1=0 pin1=2 apic2=-1 pin2=-1
[    0.003000] tsc: Detected 2807.998 MHz processor
[    0.003011] Calibrating delay loop (skipped) preset value.. 5615.99 BogoMIPS (lpj=2807998)
[    0.004002] pid_max: default: 32768 minimum: 301
[    0.004576] Security Framework initialized
[    0.005003] SELinux:  Initializing.
[    0.005425] SELinux:  Starting in permissive mode
[    0.006326] Dentry cache hash table entries: 262144 (order: 9, 2097152 bytes)
[    0.007250] Inode-cache hash table entries: 131072 (order: 8, 1048576 bytes)
[    0.008017] Mount-cache hash table entries: 4096 (order: 3, 32768 bytes)
[    0.009007] Mountpoint-cache hash table entries: 4096 (order: 3, 32768 bytes)
[    0.010312] CPU: Physical Processor ID: 0
[    0.011002] mce: CPU supports 10 MCE banks
[    0.011499] Last level iTLB entries: 4KB 0, 2MB 0, 4MB 0
[    0.012001] Last level dTLB entries: 4KB 0, 2MB 0, 4MB 0, 1GB 0
[    0.012681] Spectre V2 mitigation: Mitigation: Full generic retpoline
[    0.013157] Freeing SMP alternatives memory: 40K
[    0.016000] smpboot: CPU0: Intel QEMU Virtual CPU version 2.5+ (family: 0x6, model: 0x6, stepping: 0x3)
[    0.016129] Performance Events: PMU not available due to virtualization, using software events only.
[    0.017035] Hierarchical SRCU implementation.
[    0.018137] smp: Bringing up secondary CPUs ...
[    0.018809] x86: Booting SMP configuration:
[    0.019001] .... node  #0, CPUs:      #1
[    0.001000] kvm-clock: cpu 1, msr 0:7ffda041, secondary cpu clock
[    0.022017] KVM setup async PF for cpu 1
[    0.022605] kvm-stealtime: cpu 1, msr 7fd152c0
[    0.023005] smp: Brought up 1 node, 2 CPUs
[    0.024004] smpboot: Max logical packages: 2
[    0.024449] smpboot: Total of 2 processors activated (11231.99 BogoMIPS)
[    0.025258] devtmpfs: initialized
[    0.026358] kworker/u4:0 (20) used greatest stack depth: 14392 bytes left
[    0.026358] clocksource: jiffies: mask: 0xffffffff max_cycles: 0xffffffff, max_idle_ns: 1911260446275000 ns
[    0.026358] futex hash table entries: 512 (order: 3, 32768 bytes)
[    0.026455] RTC time:  8:10:43, date: 05/13/20
[    0.029400] NET: Registered protocol family 16
[    0.029616] audit: initializing netlink subsys (disabled)
[    0.032510] audit: type=2000 audit(1589357444.357:1): state=initialized audit_enabled=0 res=1
[    0.033270] cpuidle: using governor menu
[    0.034140] ACPI: bus type PCI registered
[    0.035287] PCI: Using configuration type 1 for base access
[    0.036543] kworker/u4:0 (50) used greatest stack depth: 14280 bytes left
[    0.051330] HugeTLB registered 2.00 MiB page size, pre-allocated 0 pages
[    0.053222] ACPI: Added _OSI(Module Device)
[    0.053739] ACPI: Added _OSI(Processor Device)
[    0.054150] ACPI: Added _OSI(3.0 _SCP Extensions)
[    0.055001] ACPI: Added _OSI(Processor Aggregator Device)
[    0.059273] ACPI: Interpreter enabled
[    0.059801] ACPI: (supports S0 S3 S4 S5)
[    0.060002] ACPI: Using IOAPIC for interrupt routing
[    0.061087] PCI: Using host bridge windows from ACPI; if necessary, use "pci=nocrs" and report a bug
[    0.062444] ACPI: Enabled 2 GPEs in block 00 to 0F
[    0.078435] ACPI: PCI Root Bridge [PCI0] (domain 0000 [bus 00-ff])
[    0.079010] acpi PNP0A03:00: _OSC: OS supports [ASPM ClockPM Segments MSI]
[    0.080021] acpi PNP0A03:00: _OSC failed (AE_NOT_FOUND); disabling ASPM
[    0.081014] acpi PNP0A03:00: fail to add MMCONFIG information, can't access extended PCI configuration space under this bridge.
[    0.082155] PCI host bridge to bus 0000:00
[    0.083016] pci_bus 0000:00: root bus resource [io  0x0000-0x0cf7 window]
[    0.084005] pci_bus 0000:00: root bus resource [io  0x0d00-0xffff window]
[    0.084713] pci_bus 0000:00: root bus resource [mem 0x000a0000-0x000bffff window]
[    0.085003] pci_bus 0000:00: root bus resource [mem 0x80000000-0xfebfffff window]
[    0.086003] pci_bus 0000:00: root bus resource [mem 0x100000000-0x17fffffff window]
[    0.087004] pci_bus 0000:00: root bus resource [bus 00-ff]
[    0.087611] pci 0000:00:00.0: [8086:1237] type 00 class 0x060000
[    0.088655] pci 0000:00:01.0: [8086:7000] type 00 class 0x060100
[    0.090451] pci 0000:00:01.1: [8086:7010] type 00 class 0x010180
[    0.092557] pci 0000:00:01.1: reg 0x20: [io  0xc040-0xc04f]
[    0.094002] pci 0000:00:01.1: legacy IDE quirk: reg 0x10: [io  0x01f0-0x01f7]
[    0.094788] pci 0000:00:01.1: legacy IDE quirk: reg 0x14: [io  0x03f6]
[    0.095001] pci 0000:00:01.1: legacy IDE quirk: reg 0x18: [io  0x0170-0x0177]
[    0.096001] pci 0000:00:01.1: legacy IDE quirk: reg 0x1c: [io  0x0376]
[    0.097325] pci 0000:00:01.3: [8086:7113] type 00 class 0x068000
[    0.098330] pci 0000:00:01.3: quirk: [io  0x0600-0x063f] claimed by PIIX4 ACPI
[    0.099013] pci 0000:00:01.3: quirk: [io  0x0700-0x070f] claimed by PIIX4 SMB
[    0.100469] pci 0000:00:02.0: [1234:1111] type 00 class 0x030000
[    0.102028] pci 0000:00:02.0: reg 0x10: [mem 0xfd000000-0xfdffffff pref]
[    0.104023] pci 0000:00:02.0: reg 0x18: [mem 0xfebb0000-0xfebb0fff]
[    0.108025] pci 0000:00:02.0: reg 0x30: [mem 0xfeba0000-0xfebaffff pref]
[    0.109587] pci 0000:00:03.0: [8086:100e] type 00 class 0x020000
[    0.111003] pci 0000:00:03.0: reg 0x10: [mem 0xfeb80000-0xfeb9ffff]
[    0.112421] pci 0000:00:03.0: reg 0x14: [io  0xc000-0xc03f]
[    0.115301] pci 0000:00:03.0: reg 0x30: [mem 0xfeb00000-0xfeb7ffff pref]
[    0.119059] ACPI: PCI Interrupt Link [LNKA] (IRQs 5 *10 11)
[    0.120374] ACPI: PCI Interrupt Link [LNKB] (IRQs 5 *10 11)
[    0.121352] ACPI: PCI Interrupt Link [LNKC] (IRQs 5 10 *11)
[    0.122347] ACPI: PCI Interrupt Link [LNKD] (IRQs 5 10 *11)
[    0.123158] ACPI: PCI Interrupt Link [LNKS] (IRQs *9)
[    0.125049] pci 0000:00:02.0: vgaarb: setting as boot VGA device
[    0.125819] pci 0000:00:02.0: vgaarb: VGA device added: decodes=io+mem,owns=io+mem,locks=none
[    0.126003] pci 0000:00:02.0: vgaarb: bridge control possible
[    0.127004] vgaarb: loaded
[    0.128099] SCSI subsystem initialized
[    0.128657] libata version 3.00 loaded.
[    0.129258] ACPI: bus type USB registered
[    0.130122] usbcore: registered new interface driver usbfs
[    0.130889] usbcore: registered new interface driver hub
[    0.131029] usbcore: registered new device driver usb
[    0.132208] pps_core: LinuxPPS API ver. 1 registered
[    0.133001] pps_core: Software ver. 5.3.6 - Copyright 2005-2007 Rodolfo Giometti <giometti@linux.it>
[    0.134041] PTP clock support registered
[    0.135056] EDAC MC: Ver: 3.0.0
[    0.136010] Advanced Linux Sound Architecture Driver Initialized.
[    0.136728] PCI: Using ACPI for IRQ routing
[    0.137015] PCI: pci_cache_line_size set to 64 bytes
[    0.137722] e820: reserve RAM buffer [mem 0x0009fc00-0x0009ffff]
[    0.138011] e820: reserve RAM buffer [mem 0x7ffe0000-0x7fffffff]
[    0.139424] NetLabel: Initializing
[    0.140013] NetLabel:  domain hash size = 128
[    0.140566] NetLabel:  protocols = UNLABELED CIPSOv4 CALIPSO
[    0.141059] NetLabel:  unlabeled traffic allowed by default
[    0.142099] HPET: 3 timers in total, 0 timers will be used for per-cpu timer
[    0.143033] hpet0: at MMIO 0xfed00000, IRQs 2, 8, 0
[    0.144002] hpet0: 3 comparators, 64-bit 100.000000 MHz counter
[    0.149029] clocksource: Switched to clocksource kvm-clock
[    0.179425] VFS: Disk quotas dquot_6.6.0
[    0.180071] VFS: Dquot-cache hash table entries: 512 (order 0, 4096 bytes)
[    0.180998] pnp: PnP ACPI init
[    0.181602] pnp 00:00: Plug and Play ACPI device, IDs PNP0b00 (active)
[    0.182601] pnp 00:01: Plug and Play ACPI device, IDs PNP0303 (active)
[    0.183605] pnp 00:02: Plug and Play ACPI device, IDs PNP0f13 (active)
[    0.184566] pnp 00:03: [dma 2]
[    0.185029] pnp 00:03: Plug and Play ACPI device, IDs PNP0700 (active)
[    0.186107] pnp 00:04: Plug and Play ACPI device, IDs PNP0400 (active)
[    0.187110] pnp 00:05: Plug and Play ACPI device, IDs PNP0501 (active)
[    0.188807] pnp: PnP ACPI: found 6 devices
[    0.201807] clocksource: acpi_pm: mask: 0xffffff max_cycles: 0xffffff, max_idle_ns: 2085701024 ns
[    0.203103] pci_bus 0000:00: resource 4 [io  0x0000-0x0cf7 window]
[    0.203745] pci_bus 0000:00: resource 5 [io  0x0d00-0xffff window]
[    0.204402] pci_bus 0000:00: resource 6 [mem 0x000a0000-0x000bffff window]
[    0.205266] pci_bus 0000:00: resource 7 [mem 0x80000000-0xfebfffff window]
[    0.206110] pci_bus 0000:00: resource 8 [mem 0x100000000-0x17fffffff window]
[    0.206993] NET: Registered protocol family 2
[    0.207795] TCP established hash table entries: 16384 (order: 5, 131072 bytes)
[    0.208723] TCP bind hash table entries: 16384 (order: 6, 262144 bytes)
[    0.209539] TCP: Hash tables configured (established 16384 bind 16384)
[    0.210640] UDP hash table entries: 1024 (order: 3, 32768 bytes)
[    0.211606] UDP-Lite hash table entries: 1024 (order: 3, 32768 bytes)
[    0.212654] NET: Registered protocol family 1
[    0.213723] RPC: Registered named UNIX socket transport module.
[    0.214586] RPC: Registered udp transport module.
[    0.215222] RPC: Registered tcp transport module.
[    0.215756] RPC: Registered tcp NFSv4.1 backchannel transport module.
[    0.216839] pci 0000:00:00.0: Limiting direct PCI/PCI transfers
[    0.217634] pci 0000:00:01.0: PIIX3: Enabling Passive Release
[    0.218426] pci 0000:00:01.0: Activating ISA DMA hang workarounds
[    0.219261] pci 0000:00:02.0: Video device with shadowed ROM at [mem 0x000c0000-0x000dffff]
[    0.220337] PCI: CLS 0 bytes, default 64
[    0.221905] Scanning for low memory corruption every 60 seconds
[    0.223944] Initialise system trusted keyrings
[    0.224564] workingset: timestamp_bits=56 max_order=19 bucket_order=0
[    0.237977] NFS: Registering the id_resolver key type
[    0.238809] Key type id_resolver registered
[    0.239398] Key type id_legacy registered
[    0.240264] 9p: Installing v9fs 9p2000 file system support
[    0.241261] SELinux:  Registering netfilter hooks
[    0.244455] Key type asymmetric registered
[    0.244959] Asymmetric key parser 'x509' registered
[    0.245724] Block layer SCSI generic (bsg) driver version 0.4 loaded (major 250)
[    0.246642] io scheduler noop registered
[    0.247134] io scheduler deadline registered
[    0.247792] io scheduler cfq registered (default)
[    0.248407] io scheduler mq-deadline registered
[    0.248985] io scheduler kyber registered
[    0.250121] input: Power Button as /devices/LNXSYSTM:00/LNXPWRBN:00/input/input0
[    0.251064] ACPI: Power Button [PWRF]
[    0.252138] kworker/u4:1 (881) used greatest stack depth: 14120 bytes left
[    0.252146] Serial: 8250/16550 driver, 4 ports, IRQ sharing enabled
[    0.275549] 00:05: ttyS0 at I/O 0x3f8 (irq = 4, base_baud = 115200) is a 16550A
[    0.278155] Non-volatile memory driver v1.3
[    0.278973] Linux agpgart interface v0.103
[    0.284257] loop: module loaded
[    0.285273] ata_piix 0000:00:01.1: version 2.13
[    0.287030] scsi host0: ata_piix
[    0.287877] scsi host1: ata_piix
[    0.288495] ata1: PATA max MWDMA2 cmd 0x1f0 ctl 0x3f6 bmdma 0xc040 irq 14
[    0.289531] ata2: PATA max MWDMA2 cmd 0x170 ctl 0x376 bmdma 0xc048 irq 15
[    0.290749] e100: Intel(R) PRO/100 Network Driver, 3.5.24-k2-NAPI
[    0.291703] e100: Copyright(c) 1999-2006 Intel Corporation
[    0.292630] e1000: Intel(R) PRO/1000 Network Driver - version 7.3.21-k8-NAPI
[    0.293744] e1000: Copyright (c) 1999-2006 Intel Corporation.
[    0.447597] ata1.01: NODEV after polling detection
[    0.448341] ata2.01: NODEV after polling detection
[    0.449046] ata2.00: ATAPI: QEMU DVD-ROM, 2.5+, max UDMA/100
[    0.449804] ata1.00: ATA-7: QEMU HARDDISK, 2.5+, max UDMA/100
[    0.450398] ata1.00: 4194304 sectors, multi 16: LBA48 
[    0.451273] ata2.00: configured for MWDMA2
[    0.452040] ata1.00: configured for MWDMA2
[    0.452593] scsi 0:0:0:0: Direct-Access     ATA      QEMU HARDDISK    2.5+ PQ: 0 ANSI: 5
[    0.453875] sd 0:0:0:0: [sda] 4194304 512-byte logical blocks: (2.15 GB/2.00 GiB)
[    0.454666] sd 0:0:0:0: [sda] Write Protect is off
[    0.455167] sd 0:0:0:0: [sda] Mode Sense: 00 3a 00 00
[    0.455743] sd 0:0:0:0: Attached scsi generic sg0 type 0
[    0.456706] scsi 1:0:0:0: CD-ROM            QEMU     QEMU DVD-ROM     2.5+ PQ: 0 ANSI: 5
[    0.458434] sd 0:0:0:0: [sda] Write cache: enabled, read cache: enabled, doesn't support DPO or FUA
[    0.460703] sd 0:0:0:0: [sda] Attached SCSI disk
[    0.469460] sr 1:0:0:0: [sr0] scsi3-mmc drive: 4x/4x cd/rw xa/form2 tray
[    0.470332] cdrom: Uniform CD-ROM driver Revision: 3.20
[    0.471265] sr 1:0:0:0: Attached scsi CD-ROM sr0
[    0.472121] sr 1:0:0:0: Attached scsi generic sg1 type 5
[    0.540299] ACPI: PCI Interrupt Link [LNKC] enabled at IRQ 11
[    0.851420] e1000 0000:00:03.0 eth0: (PCI:33MHz:32-bit) 52:54:00:12:34:56
[    0.852663] e1000 0000:00:03.0 eth0: Intel(R) PRO/1000 Network Connection
[    0.853891] e1000e: Intel(R) PRO/1000 Network Driver - 3.2.6-k
[    0.854815] e1000e: Copyright(c) 1999 - 2015 Intel Corporation.
[    0.855800] sky2: driver version 1.30
[    0.856703] ehci_hcd: USB 2.0 'Enhanced' Host Controller (EHCI) Driver
[    0.857792] ehci-pci: EHCI PCI platform driver
[    0.858559] ohci_hcd: USB 1.1 'Open' Host Controller (OHCI) Driver
[    0.859578] ohci-pci: OHCI PCI platform driver
[    0.860330] uhci_hcd: USB Universal Host Controller Interface driver
[    0.861515] usbcore: registered new interface driver usblp
[    0.862410] usbcore: registered new interface driver usb-storage
[    0.863465] i8042: PNP: PS/2 Controller [PNP0303:KBD,PNP0f13:MOU] at 0x60,0x64 irq 1,12
[    0.865389] serio: i8042 KBD port at 0x60,0x64 irq 1
[    0.866188] serio: i8042 AUX port at 0x60,0x64 irq 12
[    0.867547] input: AT Translated Set 2 keyboard as /devices/platform/i8042/serio0/input/input1
[    0.869322] rtc_cmos 00:00: RTC can wake from S4
[    0.870620] rtc_cmos 00:00: rtc core: registered rtc_cmos as rtc0
[    0.871464] rtc_cmos 00:00: alarms up to one day, y3k, 114 bytes nvram, hpet irqs
[    0.873572] device-mapper: ioctl: 4.37.0-ioctl (2017-09-20) initialised: dm-devel@redhat.com
[    0.874525] hidraw: raw HID events driver (C) Jiri Kosina
[    0.875503] usbcore: registered new interface driver usbhid
[    0.876295] usbhid: USB HID core driver
[    0.877240] Netfilter messages via NETLINK v0.30.
[    0.877860] nf_conntrack version 0.5.0 (16384 buckets, 65536 max)
[    0.878797] ctnetlink v0.93: registering with nfnetlink.
[    0.879561] ip_tables: (C) 2000-2006 Netfilter Core Team
[    0.880439] Initializing XFRM netlink socket
[    0.881426] NET: Registered protocol family 10
[    0.882575] Segment Routing with IPv6
[    0.883091] ip6_tables: (C) 2000-2006 Netfilter Core Team
[    0.884052] sit: IPv6, IPv4 and MPLS over IPv4 tunneling driver
[    0.885114] NET: Registered protocol family 17
[    0.885740] 9pnet: Installing 9P2000 support
[    0.886395] Key type dns_resolver registered
[    0.887277] sched_clock: Marking stable (887223422, 0)->(1160872013, -273648591)
[    0.888731] registered taskstats version 1
[    0.889277] Loading compiled-in X.509 certificates
[    0.890438] Loaded X.509 cert 'WatchDog: ELF verification: 7e0e1ac946e5350460497ba611a475534c9c3ec4'
[    0.891697]   Magic number: 4:433:169
[    0.892168] console [netcon0] enabled
[    0.892552] netconsole: network logging started
[    0.893182] cfg80211: Loading compiled-in X.509 certificates for regulatory database
[    0.894199] cfg80211: Loaded X.509 cert 'sforshee: 00b28ddf47aef9cea7'
[    0.894888] ALSA device list:
[    0.895211]   No soundcards found.
[    0.895914] platform regulatory.0: Direct firmware load for regulatory.db failed with error -2
[    0.896841] cfg80211: failed to load regulatory.db
[    1.247849] tsc: Refined TSC clocksource calibration: 2808.054 MHz
[    1.250701] clocksource: tsc: mask: 0xffffffffffffffff max_cycles: 0x2879f922ee2, max_idle_ns: 440795272326 ns
[    1.502808] input: ImExPS/2 Generic Explorer Mouse as /devices/platform/i8042/serio1/input/input3
[    1.504306] md: Waiting for all devices to be available before autodetect
[    1.505175] md: If you don't use raid, use raid=noautodetect
[    1.506216] md: Autodetecting RAID arrays.
[    1.506733] md: autorun ...
[    1.507108] md: ... autorun DONE.
[    1.507899] EXT4-fs (sda): couldn't mount as ext3 due to feature incompatibilities
[    1.509267] EXT4-fs (sda): couldn't mount as ext2 due to feature incompatibilities
[    1.513612] EXT4-fs (sda): mounted filesystem with ordered data mode. Opts: (null)
[    1.514666] VFS: Mounted root (ext4 filesystem) readonly on device 8:0.
[    1.516195] devtmpfs: mounted
[    1.517556] Freeing unused kernel memory: 1276K
[    1.518177] Write protecting the kernel read-only data: 18432k
[    1.519728] Freeing unused kernel memory: 2008K
[    1.521590] Freeing unused kernel memory: 1136K
[    1.534018] @@@/sbin/init@@@11803
[    1.591476] SELinux: 32768 avtab hash slots, 100670 rules.
[    1.706277] SELinux: 32768 avtab hash slots, 100670 rules.
[    1.771217] SELinux:  6 users, 14 roles, 4223 types, 238 bools, 1 sens, 1024 cats
[    1.772440] SELinux:  95 classes, 100670 rules
[    1.793700] SELinux:  Permission getrlimit in class process not defined in policy.
[    1.794974] SELinux:  Class process2 not defined in policy.
[    1.795857] SELinux:  Permission map in class file not defined in policy.
[    1.796906] SELinux:  Permission map in class dir not defined in policy.
[    1.797912] SELinux:  Permission map in class lnk_file not defined in policy.
[    1.799072] SELinux:  Permission map in class chr_file not defined in policy.
[    1.800367] SELinux:  Permission map in class blk_file not defined in policy.
[    1.801516] SELinux:  Permission map in class sock_file not defined in policy.
[    1.802685] SELinux:  Permission map in class fifo_file not defined in policy.
[    1.803919] SELinux:  Permission map in class socket not defined in policy.
[    1.805038] SELinux:  Permission map in class tcp_socket not defined in policy.
[    1.806214] SELinux:  Permission map in class udp_socket not defined in policy.
[    1.807387] SELinux:  Permission map in class rawip_socket not defined in policy.
[    1.808592] SELinux:  Permission map in class netlink_socket not defined in policy.
[    1.809810] SELinux:  Permission map in class packet_socket not defined in policy.
[    1.811135] SELinux:  Permission map in class key_socket not defined in policy.
[    1.812264] SELinux:  Permission map in class unix_stream_socket not defined in policy.
[    1.813521] SELinux:  Permission map in class unix_dgram_socket not defined in policy.
[    1.814429] SELinux:  Permission map in class netlink_route_socket not defined in policy.
[    1.815286] SELinux:  Permission map in class netlink_tcpdiag_socket not defined in policy.
[    1.816160] SELinux:  Permission map in class netlink_nflog_socket not defined in policy.
[    1.817015] SELinux:  Permission map in class netlink_xfrm_socket not defined in policy.
[    1.817864] SELinux:  Permission map in class netlink_selinux_socket not defined in policy.
[    1.818737] SELinux:  Permission map in class netlink_iscsi_socket not defined in policy.
[    1.819594] SELinux:  Permission map in class netlink_audit_socket not defined in policy.
[    1.820452] SELinux:  Permission map in class netlink_fib_lookup_socket not defined in policy.
[    1.821351] SELinux:  Permission map in class netlink_connector_socket not defined in policy.
[    1.822248] SELinux:  Permission map in class netlink_netfilter_socket not defined in policy.
[    1.823138] SELinux:  Permission map in class netlink_dnrt_socket not defined in policy.
[    1.823978] SELinux:  Permission map in class netlink_kobject_uevent_socket not defined in policy.
[    1.824936] SELinux:  Permission map in class netlink_generic_socket not defined in policy.
[    1.825815] SELinux:  Permission map in class netlink_scsitransport_socket not defined in policy.
[    1.826739] SELinux:  Permission map in class netlink_rdma_socket not defined in policy.
[    1.827583] SELinux:  Permission map in class netlink_crypto_socket not defined in policy.
[    1.828449] SELinux:  Permission map in class appletalk_socket not defined in policy.
[    1.829255] SELinux:  Permission map in class dccp_socket not defined in policy.
[    1.830049] SELinux:  Permission map in class tun_socket not defined in policy.
[    1.830816] SELinux:  Class sctp_socket not defined in policy.
[    1.831437] SELinux:  Class icmp_socket not defined in policy.
[    1.832056] SELinux:  Class ax25_socket not defined in policy.
[    1.832687] SELinux:  Class ipx_socket not defined in policy.
[    1.833294] SELinux:  Class netrom_socket not defined in policy.
[    1.833920] SELinux:  Class atmpvc_socket not defined in policy.
[    1.834547] SELinux:  Class x25_socket not defined in policy.
[    1.835160] SELinux:  Class rose_socket not defined in policy.
[    1.835841] SELinux:  Class decnet_socket not defined in policy.
[    1.836468] SELinux:  Class atmsvc_socket not defined in policy.
[    1.837097] SELinux:  Class rds_socket not defined in policy.
[    1.837692] SELinux:  Class irda_socket not defined in policy.
[    1.838304] SELinux:  Class pppox_socket not defined in policy.
[    1.838916] SELinux:  Class llc_socket not defined in policy.
[    1.839515] SELinux:  Class can_socket not defined in policy.
[    1.840117] SELinux:  Class tipc_socket not defined in policy.
[    1.840720] SELinux:  Class bluetooth_socket not defined in policy.
[    1.841373] SELinux:  Class iucv_socket not defined in policy.
[    1.841979] SELinux:  Class rxrpc_socket not defined in policy.
[    1.842748] SELinux:  Class isdn_socket not defined in policy.
[    1.843501] SELinux:  Class phonet_socket not defined in policy.
[    1.844280] SELinux:  Class ieee802154_socket not defined in policy.
[    1.845108] SELinux:  Class caif_socket not defined in policy.
[    1.845838] SELinux:  Class alg_socket not defined in policy.
[    1.846440] SELinux:  Class nfc_socket not defined in policy.
[    1.847047] SELinux:  Class vsock_socket not defined in policy.
[    1.847662] SELinux:  Class kcm_socket not defined in policy.
[    1.848321] SELinux:  Class qipcrtr_socket not defined in policy.
[    1.849110] SELinux:  Class smc_socket not defined in policy.
[    1.849900] SELinux:  Class infiniband_pkey not defined in policy.
[    1.850755] SELinux:  Class infiniband_endport not defined in policy.
[    1.851437] SELinux:  Class bpf not defined in policy.
[    1.851974] SELinux: the above unknown classes and permissions will be allowed
[    1.852755] SELinux:  policy capability network_peer_controls=1
[    1.853378] SELinux:  policy capability open_perms=1
[    1.854024] SELinux:  policy capability extended_socket_class=0
[    1.854783] SELinux:  policy capability always_check_network=0
[    1.855483] SELinux:  policy capability cgroup_seclabel=0
[    1.856049] SELinux:  policy capability nnp_nosuid_transition=0
[    1.856663] SELinux:  Completing initialization.
[    1.857153] SELinux:  Setting up existing superblocks.
[    1.872304] audit: type=1403 audit(1589357446.197:2): policy loaded auid=4294967295 ses=4294967295
[    1.874586] systemd[1]: Successfully loaded SELinux policy in 312.007ms.
[    1.882683] audit: type=1400 audit(1589357446.207:3): avc:  denied  { associate } for  pid=1 comm="systemd" name="pts" scontext=system_u:object_r:devpts_t:s0 tcontext=system_u:object_r:device_t:s0 tclass=filesystem permissive=1
[    1.889463] systemd[1]: Relabelled /dev and /run in 5.213ms.
[    1.898163] systemd[1]: Mounting cgroup to /sys/fs/cgroup/freezer of type cgroup with options freezer.
[    1.899474] systemd[1]: Mounting cgroup to /sys/fs/cgroup/cpu,cpuacct of type cgroup with options cpu,cpuacct.
[    1.900843] systemd[1]: Mounting cgroup to /sys/fs/cgroup/cpuset of type cgroup with options cpuset.
[    1.902282] systemd[1]: systemd 232 running in system mode. (+PAM +AUDIT +SELINUX +IMA +APPARMOR +SMACK +SYSVINIT +UTMP +LIBCRYPTSETUP +GCRYPT +GNUTLS +ACL +XZ +LZ4 +SECCOMP +BLKID +ELFUTILS +KMOD +IDN)
[    1.904261] systemd[1]: Virtualization QEMU found in DMI (/sys/class/dmi/id/sys_vendor)
[    1.905117] systemd[1]: Found VM virtualization qemu
[    1.905645] systemd[1]: Detected virtualization qemu.
[    1.906191] systemd[1]: Detected architecture x86-64.

Welcome to [1mDebian GNU/Linux 9 (stretch)[0m!

[    1.907926] systemd[1]: Set hostname to <syzkaller>.
[    1.910257] systemd[1]: Using cgroup controller name=systemd. File system hierarchy is at /sys/fs/cgroup/systemd.
[    1.924262] @@@/lib/systemd/system-generators/systemd-system-update-generator@@@9028
[    1.924724] @@@/lib/systemd/system-generators/systemd-cryptsetup-generator@@@5202
[    1.926683] @@@/lib/systemd/system-generators/systemd-sysv-generator@@@10111
[    1.927307] systemd-cryptse (1129) used greatest stack depth: 13512 bytes left
[    1.930482] @@@/lib/systemd/system-generators/systemd-fstab-generator@@@11374
[    1.930807] @@@/lib/systemd/system-generators/systemd-debug-generator@@@13817
[    1.933216] @@@/lib/systemd/system-generators/systemd-gpt-auto-generator@@@17078
[    1.933700] systemd-fstab-generator[1128]: Parsing /etc/fstab
[    1.934066] systemd-fstab-generator[1128]: Found entry what=/dev/root where=/ type=ext4 nofail=no noauto=no
[    1.934301] systemd-fstab-generator[1128]: Found entry what=debugfs where=/sys/kernel/debug type=debugfs nofail=no noauto=no
[    1.934816] @@@/lib/systemd/system-generators/systemd-hibernate-resume-generator@@@19138
[    1.936700] systemd-fstab-generator[1128]: Found entry what=securityfs where=/sys/kernel/security type=securityfs nofail=no noauto=no
[    1.936709] systemd-fstab-generator[1128]: Found entry what=configfs where=/sys/kernel/config type=configfs nofail=no noauto=no
[    1.936781] systemd-fstab-generator[1128]: Found entry what=binfmt_misc where=/proc/sys/fs/binfmt_misc type=binfmt_misc nofail=no noauto=no
[    1.937413] @@@/lib/systemd/system-generators/systemd-rc-local-generator@@@18702
[    1.943805] systemd-sysv-generator[1123]: Native unit for networking.service already exists, skipping.
[    1.945358] @@@/lib/systemd/system-generators/systemd-getty-generator@@@27762
[    1.945545] systemd-gpt-auto-generator[1122]: /dev/sda: parent isn't a raw disk, ignoring.
[    1.946486] systemd-sysv-generator[1123]: Native unit for selinux-autorelabel.service already exists, skipping.
[    1.946570] systemd-sysv-generator[1123]: Native unit for ssh.service already exists, skipping.
[    1.946634] systemd-sysv-generator[1123]: Native unit for hwclock.service already exists, skipping.
[    1.946686] systemd-sysv-generator[1123]: Native unit for rsyslog.service already exists, skipping.
[    1.946790] systemd-sysv-generator[1123]: Native unit for procps.service already exists, skipping.
[    1.946882] systemd-sysv-generator[1123]: Native unit for udev.service already exists, skipping.
[    1.946932] systemd-sysv-generator[1123]: Native unit for cron.service already exists, skipping.
[    1.947047] systemd-sysv-generator[1123]: Native unit for kmod.service already exists, skipping.
[    1.947100] systemd-sysv-generator[1123]: Native unit for sudo.service already exists, skipping.
[    1.953113] systemd-sysv-ge: 12 output lines suppressed due to ratelimiting
[    1.953139] systemd-sysv-ge (1123) used greatest stack depth: 13400 bytes left
[    1.959785] @@@/lib/systemd/system-generators/selinux-autorelabel-generator.sh@@@41649
[    1.960937] systemd-getty-generator[1125]: Automatically adding serial getty for /dev/ttyS0.
[    1.961815] @@@/usr/sbin/selinuxenabled@@@488
[    1.972592] @@@/bin/grep@@@8830
[[0;32m  OK  [0m] Set up automount Arbitrary Executabâ€¦rmats File System Automount Point.
[[0;32m  OK  [0m] Started Forward Password Requests to Wall Directory Watch.
[    2.018944] audit: type=1400 audit(1589357446.343:4): avc:  denied  { audit_read } for  pid=1 comm="systemd" capability=37  scontext=system_u:system_r:kernel_t:s0 tcontext=system_u:system_r:kernel_t:s0 tclass=capability2 permissive=1
[[0;32m  OK  [0m] Listening on Journal Audit Socket.
[[0;32m  OK  [0m] Reached target Remote File Systems.
[[0;32m  OK  [0m] Listening on Journal Socket.
[[0;32m  OK  [0m] Listening on udev Kernel Socket.
[[0;32m  OK  [0m] Listening on /dev/initctl Compatibility Named Pipe.
[[0;32m  OK  [0m] Listening on udev Control Socket.
[[0;32m  OK  [0m] Reached target Swap.
[[0;32m  OK  [0m] Listening on Syslog Socket.
[[0;32m  OK  [0m] Created slice System Slice.
         Mounting /sys/kernel/config...
[[0;32m  OK  [0m] Created slice system-getty.slice.
         Starting Load Kernel Modules...
[[0;32m  OK  [0m] Created slice system-serial\x2dgetty.slice.
         Starting Create Static Device Nodes in /dev...
[[0;32m  OK  [0m] Reached target Slices.
         Starting Remount Root and Kernel File Systems...
         Mounting /sys/kernel/debug...
         Mounting POSIX Message Queue File System...
         Mounting /proc/sys/fs/binfmt_misc...
[[0;32m  OK  [0m] Started Dispatch Password Requests to Console Directory Watch.
[[0;32m  OK  [0m] Reached target Encrypted Volumes.
[[0;32m  OK  [0m] Reached target Paths.
[[0;32m  OK  [0m] Listening on Journal Socket (/dev/log).
         Starting Journal Service...
[[0;32m  OK  [0m] Reached target Sockets.
[    2.048054] @@@/bin/mount@@@6749
[    2.050176] @@@/bin/mount@@@18858
[[0;32m  OK  [0m] Mounted POSIX Message Queue File System.
[    2.052046] @@@/bin/mount@@@12210
[    2.053063] @@@/bin/systemd-tmpfiles@@@16752
[    2.054130] @@@/bin/mount@@@9622
[    2.056775] @@@/lib/systemd/systemd-modules-load@@@22609
[[0;32m  OK  [0m] Mounted /sys/kernel/debug.
[[0;32m  OK  [0m] Mounted /sys/kernel/config.
[[0;32m  OK  [0m] Mounted /proc/sys/fs/binfmt_misc.
[    2.060882] @@@/lib/systemd/systemd-remount-fs@@@22500
[    2.064216] @@@/bin/mount@@@265
[    2.065160] @@@/lib/systemd/systemd-cgroups-agent@@@11438
[    2.066053] @@@/lib/systemd/systemd-cgroups-agent@@@13128
[    2.067127] @@@/lib/systemd/systemd-cgroups-agent@@@11503
[[0;32m  OK  [[    2.068604] @@@/lib/systemd/systemd-journald@@@15736
0m] Started Load Kernel Modules.
[    2.070008] @@@/lib/systemd/systemd-cgroups-agent@@@10931
         Starting Apply Kernel Variables...
[    2.077378] @@@/lib/systemd/systemd-sysctl@@@698
[    2.079171] @@@/bin/mount@@@2381
[    2.080774] @@@/lib/systemd/systemd-cgroups-agent@@@1673
[    2.083479] EXT4-fs (sda): re-mounted. Opts: (null)
[    2.084759] @@@/lib/systemd/systemd-cgroups-agent@@@91
[    2.086892] systemd-journald[1139]: Fixed min_use=1.0M max_use=99.7M max_size=12.4M min_size=512.0K keep_free=149.5M n_max_files=100
[[0;32m  OK  [0m] Started Remount Root and Kernel File Systems.
[    2.089605] systemd-journald[1139]: Reserving 22691 entries in hash table.
         Starting Load/Save Random Seed..[    2.091209] systemd-journald[1139]: Vacuuming...
.[    2.092000] systemd-journald[1139]: Vacuuming done, freed 0B of archived journals from /run/log/journal/97dd69841d644bf7aec332db2f5868bf.
[    2.093995] systemd-journald[1139]: Flushing /dev/kmsg...

[    2.095317] @@@/lib/systemd/systemd-cgroups-agent@@@96
         Starting udev Coldplug all Devices...
[[0;32m  OK  [0m] Started Apply Kernel Variables.
[[0;32m  OK  [0m] Started Create Static Device Nodes in /dev.
[    2.103513] @@@/lib/systemd/systemd-random-seed@@@2706
         Starting udev Kernel Device Manager...
[[0;32m  OK  [0m] Reached target Local File Systems (Pre).
[[0;32m  OK  [0m[    2.107312] @@@/lib/systemd/systemd-cgroups-agent@@@127
] Reached target Local File Systems.
[    2.109980] @@@/bin/udevadm@@@1628
[    2.122555] @@@/lib/systemd/systemd-udevd@@@10060
[    2.125202] @@@/lib/systemd/systemd-cgroups-agent@@@98
         Starting Raise network interfaces...
[[0;32m  OK  [0m] Started udev Kernel Device Manager.
[[0;32m  OK  [0m] Started Journal Service.
[[0;32m  OK  [0m] Started Load/Save Random Seed.
[    2.163050] @@@/bin/sh@@@386
         Starting Flush Journal to Persistent Storage...
[    2.180867] @@@/bin/journalctl@@@4823
[    2.187761] @@@/sbin/ifquery@@@1001
[    2.200371] audit: type=1107 audit(1589357446.525:5): pid=1 uid=0 auid=4294967295 ses=4294967295 subj=system_u:system_r:kernel_t:s0 msg='avc:  denied  { stop } for auid=n/a uid=0 gid=0 path="/lib/systemd/system/systemd-journald.service" cmdline="/bin/journalctl --flush" scontext=system_u:system_r:kernel_t:s0 tcontext=system_u:object_r:unlabeled_t:s0 tclass=service
[    2.200371]  exe="/lib/systemd/systemd" sauid=0 hostname=? addr=? terminal=?'
[    2.203997] @@@/sbin/udevadm@@@196
[    2.209554] @@@/lib/systemd/systemd-cgroups-agent@@@92
[    2.210687] @@@/lib/systemd/systemd-cgroups-agent@@@79
[    2.230987] @@@/bin/udevadm@@@499
[[0;32m  OK  [0m] Started Flush Journal to Persistent Storage.
         Starting Create Volatile Files and Directories...
[    2.262399] @@@/bin/systemd-tmpfiles@@@361
[    2.316451] @@@/lib/systemd/systemd-cgroups-agent@@@93
[[0;32m  OK  [0m] Started udev Coldplug all Devices.
[    2.603749] @@@/lib/systemd/systemd-cgroups-agent@@@93
[[0;32m  OK  [0m] Started Create Volatile Files and Directories.
         Starting Update UTMP about System Boot/Shutdown...
[    2.620090] @@@/lib/systemd/systemd-update-utmp@@@676
         Starting Network Time Synchronization...
[    2.644465] @@@/lib/systemd/systemd-cgroups-agent@@@145
[[0;32m  OK  [0m] Started Update UTMP about System Boot/Shutdown.
[    2.666196] @@@/lib/systemd/systemd-timesyncd@@@1135
[[0;32m  OK  [0m] Started Network Time Synchronization.
[[0;32m  OK  [0m] Reached target System Time Synchronized.
[[0;32m  OK  [0m] Reached target System Initialization.
[[0;32m  OK  [0m] Reached target Basic System.
[    2.720437] @@@/bin/systemctl@@@1167
         Starting getty on tty2-tty6 if dbus and logind are not available...
[[0;32m  OK  [0m] Started Regular background program processing daemon.
[    2.740041] @@@/usr/sbin/cron@@@4196
         Starting System Logging Service...
[[0;32m  OK  [0m] Started Daily apt download activities.
[[0;32m  OK  [0m] Started Daily Cleanup of Temporary Directories.
[[0;32m  OK  [0m] Started Daily apt upgrade and clean activities.
[[0;32m  OK  [0m] Reached target Timers.
[    2.766916] @@@/usr/sbin/rsyslogd@@@8660
[[0;32m  OK  [0m] Started System Logging Service.
[    2.808199] audit: type=1107 audit(1589357447.133:6): pid=1 uid=0 auid=4294967295 ses=4294967295 subj=system_u:system_r:kernel_t:s0 msg='avc:  denied  { start } for auid=n/a uid=0 gid=0 path="/lib/systemd/system/getty@.service" cmdline="/bin/systemctl --no-block start getty@tty2.service getty@tty3.service getty@tty4.service getty@tty5.service getty@tty6.service" scontext=system_u:system_r:kernel_t:s0 tcontext=system_u:object_r:unlabeled_t:s0 tclass=service
[    2.808199]  exe="/lib/systemd/systemd" sauid=0 hostname=? addr=? terminal=?'
[    2.837659] audit: type=1107 audit(1589357447.162:7): pid=1 uid=0 auid=4294967295 ses=4294967295 subj=system_u:system_r:kernel_t:s0 msg='avc:  denied  { status } for auid=n/a uid=0 gid=0 path="/lib/systemd/system/getty@.service" cmdline="/bin/systemctl --no-block start getty@tty2.service getty@tty3.service getty@tty4.service getty@tty5.service getty@tty6.service" scontext=system_u:system_r:kernel_t:s0 tcontext=system_u:object_r:unlabeled_t:s0 tclass=service
[    2.837659]  exe="/lib/systemd/systemd" sauid=0 hostname=? addr=? terminal=?'
[    2.959415] @@@/lib/systemd/systemd-cgroups-agent@@@147
[[0;32m  OK  [0m] Started getty on tty2-tty6 if dbus and logind are not available.
[    3.068397] random: crng init done
[    3.069858] @@@/lib/udev/ata_id@@@1904
[    3.135802] @@@/lib/udev/cdrom_id@@@986
[    3.156242] e1000 0000:00:03.0 enp0s3: renamed from eth0
[    3.174357] @@@/lib/udev/ifupdown-hotplug@@@1006
[    3.176607] @@@/bin/grep@@@194
[    3.179383] @@@/sbin/ifquery@@@310
[    3.189338] @@@/lib/systemd/systemd-sysctl@@@411
[    3.192965] @@@/lib/udev/ata_id@@@2892
[    3.254173] @@@/lib/udev/hwclock-set@@@1113
[    3.258818] @@@/bin/sh@@@432
[    3.262117] @@@/bin/ln@@@1063
[    3.265432] @@@/bin/readlink@@@879
[[0;32m  OK  [0m] Found device /dev/ttyS0.
[    3.519559] @@@/lib/udev/ifupdown-hotplug@@@562
[    3.524368] @@@/lib/udev/ifupdown-hotplug@@@1117
[    3.527728] @@@/bin/grep@@@126
[[0;32m  OK  [0m] Listening on Load/Save RF Kill Switch Status /dev/rfkill Watch.
[    3.537771] @@@/sbin/ifquery@@@334
[    3.544771] @@@/lib/systemd/systemd-sysctl@@@667
[    3.636133] @@@/lib/systemd/systemd-cgroups-agent@@@107
[    3.643236] @@@/sbin/ifup@@@466
[    3.643829] @@@/lib/systemd/systemd-cgroups-agent@@@809
[    3.649240] @@@/bin/sh@@@186
[    3.651771] @@@/bin/run-parts@@@726
[    3.654259] @@@/bin/sh@@@125
[    3.656691] @@@/bin/ip@@@645
[    3.660230] @@@/bin/sh@@@175
[    3.661410] @@@/bin/sh@@@160
[    3.663212] @@@/bin/run-parts@@@166
[    3.667337] @@@/bin/sh@@@259
[    3.669243] @@@/bin/run-parts@@@191
[    3.679065] @@@/etc/network/if-up.d/openssh-server@@@8019
[    3.681470] @@@/etc/network/if-up.d/upstart@@@420
[    3.685345] @@@/bin/run-parts@@@173
[    3.688282] @@@/bin/systemctl@@@127
[    3.695342] @@@/bin/readlink@@@187
[    3.697294] @@@/bin/sh@@@157
[    3.698531] @@@/bin/sh@@@161
[    3.700217] @@@/bin/run-parts@@@167
[    3.701612] @@@/bin/sh@@@119
[    3.702736] @@@/bin/sh@@@156
[    3.707749] @@@/sbin/dhclient@@@700
[    3.726744] @@@/sbin/dhclient-script@@@614
[    3.729354] @@@/bin/run-parts@@@220
[    3.732236] @@@/sbin/ip@@@181
[    3.739481] @@@/sbin/modprobe@@@4454
[    3.743231] @@@/sbin/modprobe@@@191
[    3.744510] @@@/sbin/modprobe@@@69
[    3.745942] @@@/sbin/modprobe@@@200
[    3.748249] @@@/bin/run-parts@@@118
[    3.750891] @@@/sbin/modprobe@@@112
[    3.752200] @@@/sbin/modprobe@@@73
[    3.771637] dhclient (1729) used greatest stack depth: 13208 bytes left
[    3.773444] @@@/bin/sh@@@176
[    3.775193] @@@/bin/run-parts@@@132
[    3.776367] @@@/etc/network/if-up.d/openssh-server@@@207
[    3.777747] @@@/etc/network/if-up.d/upstart@@@168
[    3.779203] @@@/bin/run-parts@@@208
[    3.780552] @@@/bin/systemctl@@@146
[    3.787331] @@@/bin/readlink@@@228
[[0;1;31mFAILED[0m] Failed to start Raise network interfaces.
See 'systemctl status networking.service' for details.
[[0;32m  OK  [0m] Reached target Network.
         Starting OpenBSD Secure Shell server...
         Starting Permit User Sessions...
[    3.794885] @@@/lib/systemd/systemd-cgroups-agent@@@2715
[    3.800975] @@@/lib/systemd/systemd-user-sessions@@@2220
[[0;32m  OK  [0m] Started Permit User Sessions.
[[0;32m  OK  [0[    3.808278] @@@/usr/sbin/sshd@@@8800
m] Started Getty on tty2.
[[0;32m  OK  [0m] Started Getty on tty5.
[[0;32m  OK  [0m] Started Getty on tty4.
[    3.813881] @@@/lib/systemd/systemd-cgroups-agent@@@6328
[[0;32m  OK  [0m] Started Serial Getty on ttyS0.
[[0;32m  OK  [0m] Started Getty on tty6.
[[0;32m  OK  [0m] Started Getty on tty3.
[[0;32m  OK  [0m] Started Getty on tty1.
[[0;32m  OK  [0m] Reached target Login Prompts.
[    3.840062] @@@/usr/sbin/sshd@@@399
[    3.842690] @@@/lib/systemd/systemd-cgroups-agent@@@77
[    3.844164] @@@/lib/systemd/systemd-cgroups-agent@@@94
[[0;32m  OK  [0m] Started OpenBSD Secure Shell server.
[[0;32m  OK  [0m] Reached target Multi-User System.
[[0;32m  OK  [0m] Reached target Graphical Interface.
         Starting Update UTMP about System Runlevel Changes...
[    3.859671] @@@/lib/systemd/systemd-update-utmp@@@357
[[0;32m  OK  [0m] Started Update UTMP about System Runlevel Changes.
[    3.871883] @@@/sbin/agetty@@@973
[    3.882481] @@@/sbin/agetty@@@12703
[    3.885432] @@@/lib/systemd/systemd-cgroups-agent@@@71
[    3.890508] @@@/sbin/agetty@@@373
[    3.892735] @@@/sbin/agetty@@@561
[    3.894708] @@@/sbin/agetty@@@371
[    3.896444] @@@/sbin/agetty@@@346
[    3.910955] @@@/sbin/agetty@@@360

Debian GNU/Linux 9 syzkaller ttyS0

syzkaller login: root
[    6.872560] @@@/bin/login@@@2791
Unable to get valid context for root
Last login: Wed May 13 08:08:04 UTC 2020 on ttyS0
[    6.916048] @@@/bin/sh@@@380
[    6.923692] @@@/usr/bin/env@@@6772
[    6.924512] @@@/bin/run-parts@@@113
[    6.934146] @@@/etc/update-motd.d/10-uname@@@8500
[    6.942721] @@@/bin/uname@@@7340
Linux syzkaller 4.15.0+ #14 SMP Wed May 13 16:10:10 CST 2020 x86_64

The programs included with the Debian GNU/Linux system are free software;
the exact distribution terms for each program are described in the
individual files in /usr/share/doc/*/copyright.

Debian GNU/Linux comes with ABSOLUTELY NO WARRANTY, to the extent
permitted by applicable law.
[    6.955666] @@@/bin/bash@@@7327
[    6.961894] @@@/usr/bin/id@@@829
[    6.973729] @@@/usr/bin/mesg@@@8293
root@syzkaller:~# 
root@syzkaller:~# 
root@syzkaller:~# 
root@syzkaller:~# 
root@syzkaller:~# 
root@syzkaller:~# 
root@syzkaller:~# 
root@syzkaller:~# poweroff ./prev_test.sh [6Ppoweroff [Kls
[   10.779099] @@@/bin/ls@@@3149
a.sh  linux-elf-binary-signer
root@syzkaller:~# cd linux-elf-binary-signer/
root@syzkaller:~/linux-elf-binary-signer# ls
[   13.172816] @@@/bin/ls@@@710
LICENSE    certs	 elf-sign.signed  prev_test	sign-target.old
Makefile   elf-sign	 elf_sign.c	  prev_test.sh	sign_target.c
README.md  elf-sign.old  parse.c	  sign-target
root@syzkaller:~/linux-elf-binary-signer# rm -rf prev_test
[   16.840386] @@@/bin/rm@@@2869
root@syzkaller:~/linux-elf-binary-signer# ls
[   18.696508] @@@/bin/ls@@@846
LICENSE    certs	 elf-sign.signed  prev_test.sh	   sign_target.c
Makefile   elf-sign	 elf_sign.c	  sign-target
README.md  elf-sign.old  parse.c	  sign-target.old
root@syzkaller:~/linux-elf-binary-signer# 
root@syzkaller:~/linux-elf-binary-signer# 
root@syzkaller:~/linux-elf-binary-signer# ./prev_test.sh 
[   21.931175] @@@./prev_test.sh@@@1827
[   21.939212] @@@/bin/mkdir@@@4387

[   21.941994] @@@/bin/cp@@@739
[   21.945609] Verifying pass ...
[   21.946249] @@@../elf-sign.signed@@@1802
[   21.959436] @@@/bin/cp@@@190
[   21.962311] @@@/usr/bin/objcopy@@@829
*** Executing signed version of cp for 1000 times.
[   21.969520] Verifying pass ...
[   21.970003] @@@./cp@@@1212
[   21.972284] Verifying pass ...
[   21.972834] @@@./cp@@@1240
[   21.974946] Verifying pass ...
[   21.975558] @@@./cp@@@1224
[   21.977818] Verifying pass ...
[   21.978411] @@@./cp@@@1247
[   21.980722] Verifying pass ...
[   21.981256] @@@./cp@@@1172
[   21.983833] Verifying pass ...
[   21.984474] @@@./cp@@@1304
[   21.986962] Verifying pass ...
[   21.987489] @@@./cp@@@1189
[   21.989794] Verifying pass ...
[   21.990295] @@@./cp@@@1171
[   21.992511] Verifying pass ...
[   21.992962] @@@./cp@@@1129
[   21.995236] Verifying pass ...
[   21.995705] @@@./cp@@@1140
[   21.997965] Verifying pass ...
[   21.998584] @@@./cp@@@1241
[   22.001218] Verifying pass ...
[   22.001813] @@@./cp@@@1306
[   22.004136] Verifying pass ...
[   22.004618] @@@./cp@@@1158
[   22.006919] Verifying pass ...
[   22.007597] @@@./cp@@@1291
[   22.009858] Verifying pass ...
[   22.010382] @@@./cp@@@1188
[   22.012618] Verifying pass ...
[   22.013293] @@@./cp@@@1337
[   22.015565] Verifying pass ...
[   22.016278] @@@./cp@@@1434
[   22.018660] Verifying pass ...
[   22.019180] @@@./cp@@@1314
[   22.021661] Verifying pass ...
[   22.022202] @@@./cp@@@1267
[   22.024541] Verifying pass ...
[   22.025209] @@@./cp@@@1347
[   22.027497] Verifying pass ...
[   22.027972] @@@./cp@@@1139
[   22.030240] Verifying pass ...
[   22.030740] @@@./cp@@@1192
[   22.032768] Verifying pass ...
[   22.033320] @@@./cp@@@1184
[   22.035512] Verifying pass ...
[   22.036009] @@@./cp@@@1178
[   22.038073] Verifying pass ...
[   22.038601] @@@./cp@@@1210
[   22.040848] Verifying pass ...
[   22.041368] @@@./cp@@@1149
[   22.043410] Verifying pass ...
[   22.043919] @@@./cp@@@1151
[   22.046212] Verifying pass ...
[   22.046688] @@@./cp@@@1200
[   22.048758] Verifying pass ...
[   22.049294] @@@./cp@@@1180
[   22.051550] Verifying pass ...
[   22.052136] @@@./cp@@@1270
[   22.054307] Verifying pass ...
[   22.054784] @@@./cp@@@1191
[   22.057375] Verifying pass ...
[   22.057930] @@@./cp@@@1341
[   22.060183] Verifying pass ...
[   22.060730] @@@./cp@@@1274
[   22.062961] Verifying pass ...
[   22.063450] @@@./cp@@@1138
[   22.065498] Verifying pass ...
[   22.065947] @@@./cp@@@1130
[   22.068278] Verifying pass ...
[   22.068730] @@@./cp@@@1164
[   22.070759] Verifying pass ...
[   22.071293] @@@./cp@@@1160
[   22.073514] Verifying pass ...
[   22.073987] @@@./cp@@@1175
[   22.076021] Verifying pass ...
[   22.076507] @@@./cp@@@1132
[   22.078951] Verifying pass ...
[   22.079508] @@@./cp@@@1212
[   22.081584] Verifying pass ...
[   22.082232] @@@./cp@@@1367
[   22.084445] Verifying pass ...
[   22.084982] @@@./cp@@@1215
[   22.087063] Verifying pass ...
[   22.087558] @@@./cp@@@1135
[   22.089809] Verifying pass ...
[   22.090344] @@@./cp@@@1183
[   22.092632] Verifying pass ...
[   22.093154] @@@./cp@@@1216
[   22.095306] Verifying pass ...
[   22.095770] @@@./cp@@@1197
[   22.098134] Verifying pass ...
[   22.098604] @@@./cp@@@1177
[   22.100700] Verifying pass ...
[   22.101237] @@@./cp@@@1170
[   22.103471] Verifying pass ...
[   22.103941] @@@./cp@@@1162
[   22.105949] Verifying pass ...
[   22.106459] @@@./cp@@@1143
[   22.108922] Verifying pass ...
[   22.109554] @@@./cp@@@1291
[   22.111619] Verifying pass ...
[   22.112303] @@@./cp@@@1361
[   22.114545] Verifying pass ...
[   22.115070] @@@./cp@@@1327
[   22.117305] Verifying pass ...
[   22.117795] @@@./cp@@@1205
[   22.120113] Verifying pass ...
[   22.120699] @@@./cp@@@1242
[   22.122765] Verifying pass ...
[   22.123320] @@@./cp@@@1195
[   22.125633] Verifying pass ...
[   22.126214] @@@./cp@@@1306
[   22.128279] Verifying pass ...
[   22.128742] @@@./cp@@@1151
[   22.131005] Verifying pass ...
[   22.131689] @@@./cp@@@1305
[   22.133794] Verifying pass ...
[   22.134336] @@@./cp@@@1185
[   22.136530] Verifying pass ...
[   22.137187] @@@./cp@@@1346
[   22.139603] Verifying pass ...
[   22.140189] @@@./cp@@@1280
[   22.142552] Verifying pass ...
[   22.143158] @@@./cp@@@1340
[   22.145198] Verifying pass ...
[   22.145706] @@@./cp@@@1178
[   22.147985] Verifying pass ...
[   22.148634] @@@./cp@@@1292
[   22.150697] Verifying pass ...
[   22.151230] @@@./cp@@@1232
[   22.153566] Verifying pass ...
[   22.154109] @@@./cp@@@1304
[   22.156179] Verifying pass ...
[   22.156679] @@@./cp@@@1205
[   22.158980] Verifying pass ...
[   22.159617] @@@./cp@@@1268
[   22.161546] Verifying pass ...
[   22.162309] @@@./cp@@@1423
[   22.164517] Verifying pass ...
[   22.165014] @@@./cp@@@1193
[   22.166972] Verifying pass ...
[   22.167551] @@@./cp@@@1191
[   22.170106] Verifying pass ...
[   22.170853] @@@./cp@@@1510
[   22.172923] Verifying pass ...
[   22.173557] @@@./cp@@@1280
[   22.175839] Verifying pass ...
[   22.176452] @@@./cp@@@1297
[   22.178852] Verifying pass ...
[   22.179456] @@@./cp@@@1276
[   22.181533] Verifying pass ...
[   22.181999] @@@./cp@@@1151
[   22.184339] Verifying pass ...
[   22.184920] @@@./cp@@@1297
[   22.187016] Verifying pass ...
[   22.187476] @@@./cp@@@1129
[   22.189755] Verifying pass ...
[   22.190395] @@@./cp@@@1298
[   22.192459] Verifying pass ...
[   22.192940] @@@./cp@@@1153
[   22.195279] Verifying pass ...
[   22.195865] @@@./cp@@@1290
[   22.197923] Verifying pass ...
[   22.198531] @@@./cp@@@1259
[   22.200686] Verifying pass ...
[   22.201214] @@@./cp@@@1241
[   22.203527] Verifying pass ...
[   22.204144] @@@./cp@@@1308
[   22.206231] Verifying pass ...
[   22.206685] @@@./cp@@@1134
[   22.208921] Verifying pass ...
[   22.209559] @@@./cp@@@1293
[   22.211607] Verifying pass ...
[   22.212179] @@@./cp@@@1247
[   22.214608] Verifying pass ...
[   22.215214] @@@./cp@@@1356
[   22.217339] Verifying pass ...
[   22.217797] @@@./cp@@@1171
[   22.220085] Verifying pass ...
[   22.220664] @@@./cp@@@1268
[   22.222747] Verifying pass ...
[   22.223292] @@@./cp@@@1184
[   22.225536] Verifying pass ...
[   22.226166] @@@./cp@@@1320
[   22.228181] Verifying pass ...
[   22.228663] @@@./cp@@@1160
[   22.231241] Verifying pass ...
[   22.231759] @@@./cp@@@1204
[   22.234191] Verifying pass ...
[   22.234690] @@@./cp@@@1493
[   22.237175] Verifying pass ...
[   22.237642] @@@./cp@@@1229
[   22.239628] Verifying pass ...
[   22.240285] @@@./cp@@@1342
[   22.242319] Verifying pass ...
[   22.242887] @@@./cp@@@1242
[   22.245126] Verifying pass ...
[   22.245566] @@@./cp@@@1085
[   22.247526] Verifying pass ...
[   22.248225] @@@./cp@@@1362
[   22.250391] Verifying pass ...
[   22.250964] @@@./cp@@@1283
[   22.253175] Verifying pass ...
[   22.253748] @@@./cp@@@1221
[   22.255949] Verifying pass ...
[   22.256601] @@@./cp@@@1292
[   22.258612] Verifying pass ...
[   22.259269] @@@./cp@@@1320
[   22.261663] Verifying pass ...
[   22.262212] @@@./cp@@@1245
[   22.264319] Verifying pass ...
[   22.264864] @@@./cp@@@1239
[   22.266867] Verifying pass ...
[   22.267510] @@@./cp@@@1296
[   22.269492] Verifying pass ...
[   22.269961] @@@./cp@@@1144
[   22.272005] Verifying pass ...
[   22.272611] @@@./cp@@@1285
[   22.275497] Verifying pass ...
[   22.275998] @@@./cp@@@1498
[   22.278030] Verifying pass ...
[   22.278595] @@@./cp@@@1236
[   22.280554] Verifying pass ...
[   22.281119] @@@./cp@@@1220
[   22.283229] Verifying pass ...
[   22.283765] @@@./cp@@@1252
[   22.285748] Verifying pass ...
[   22.286276] @@@./cp@@@1163
[   22.288467] Verifying pass ...
[   22.289061] @@@./cp@@@1290
[   22.291394] Verifying pass ...
[   22.291902] @@@./cp@@@1322
[   22.293899] Verifying pass ...
[   22.294469] @@@./cp@@@1229
[   22.297398] Verifying pass ...
[   22.297882] @@@./cp@@@1622
[   22.299929] Verifying pass ...
[   22.300430] @@@./cp@@@1171
[   22.302418] Verifying pass ...
[   22.302871] @@@./cp@@@1162
[   22.304794] Verifying pass ...
[   22.305281] @@@./cp@@@1128
[   22.307307] Verifying pass ...
[   22.307794] @@@./cp@@@1170
[   22.309761] Verifying pass ...
[   22.310279] @@@./cp@@@1151
[   22.312245] Verifying pass ...
[   22.312777] @@@./cp@@@1212
[   22.314709] Verifying pass ...
[   22.315213] @@@./cp@@@1162
[   22.317241] Verifying pass ...
[   22.317711] @@@./cp@@@1175
[   22.319660] Verifying pass ...
[   22.320161] @@@./cp@@@1160
[   22.322333] Verifying pass ...
[   22.322834] @@@./cp@@@1222
[   22.324883] Verifying pass ...
[   22.325375] @@@./cp@@@1158
[   22.327424] Verifying pass ...
[   22.327952] @@@./cp@@@1217
[   22.329908] Verifying pass ...
[   22.330400] @@@./cp@@@1140
[   22.332359] Verifying pass ...
[   22.332859] @@@./cp@@@1198
[   22.335618] Verifying pass ...
[   22.336247] @@@./cp@@@1696
[   22.338306] Verifying pass ...
[   22.338761] @@@./cp@@@1171
[   22.340747] Verifying pass ...
[   22.341237] @@@./cp@@@1145
[   22.343233] Verifying pass ...
[   22.343686] @@@./cp@@@1146
[   22.345660] Verifying pass ...
[   22.346183] @@@./cp@@@1190
[   22.348265] Verifying pass ...
[   22.348702] @@@./cp@@@1179
[   22.350700] Verifying pass ...
[   22.351213] @@@./cp@@@1171
[   22.353455] Verifying pass ...
[   22.353960] @@@./cp@@@1206
[   22.356437] Verifying pass ...
[   22.357354] @@@./cp@@@1976
[   22.359624] Verifying pass ...
[   22.360144] @@@./cp@@@1215
[   22.362128] Verifying pass ...
[   22.362595] @@@./cp@@@1171
[   22.364527] Verifying pass ...
[   22.365012] @@@./cp@@@1140
[   22.366980] Verifying pass ...
[   22.367546] @@@./cp@@@1184
[   22.369621] Verifying pass ...
[   22.370181] @@@./cp@@@1231
[   22.372115] Verifying pass ...
[   22.372603] @@@./cp@@@1160
[   22.374651] Verifying pass ...
[   22.375169] @@@./cp@@@1191
[   22.377122] Verifying pass ...
[   22.377573] @@@./cp@@@1144
[   22.379537] Verifying pass ...
[   22.380097] @@@./cp@@@1209
[   22.382096] Verifying pass ...
[   22.382691] @@@./cp@@@1311
[   22.384831] Verifying pass ...
[   22.385341] @@@./cp@@@1202
[   22.387421] Verifying pass ...
[   22.387907] @@@./cp@@@1230
[   22.389936] Verifying pass ...
[   22.390431] @@@./cp@@@1145
[   22.392376] Verifying pass ...
[   22.392855] @@@./cp@@@1130
[   22.395344] Verifying pass ...
[   22.396112] @@@./cp@@@1813
[   22.398394] Verifying pass ...
[   22.398873] @@@./cp@@@1198
[   22.400935] Verifying pass ...
[   22.401477] @@@./cp@@@1188
[   22.403532] Verifying pass ...
[   22.404106] @@@./cp@@@1237
[   22.405963] Verifying pass ...
[   22.406543] @@@./cp@@@1199
[   22.408506] Verifying pass ...
[   22.409086] @@@./cp@@@1251
[   22.411033] Verifying pass ...
[   22.411498] @@@./cp@@@1140
[   22.413716] Verifying pass ...
[   22.414327] @@@./cp@@@1289
[   22.416364] Verifying pass ...
[   22.417126] @@@./cp@@@1492
[   22.419883] Verifying pass ...
[   22.420425] @@@./cp@@@1352
[   22.422587] Verifying pass ...
[   22.423081] @@@./cp@@@1229
[   22.424988] Verifying pass ...
[   22.425542] @@@./cp@@@1165
[   22.427582] Verifying pass ...
[   22.428127] @@@./cp@@@1225
[   22.430196] Verifying pass ...
[   22.430694] @@@./cp@@@1229
[   22.432785] Verifying pass ...
[   22.433282] @@@./cp@@@1144
[   22.435376] Verifying pass ...
[   22.435858] @@@./cp@@@1163
[   22.437875] Verifying pass ...
[   22.438400] @@@./cp@@@1159
[   22.440437] Verifying pass ...
[   22.440968] @@@./cp@@@1211
[   22.443071] Verifying pass ...
[   22.443755] @@@./cp@@@1440
[   22.445881] Verifying pass ...
[   22.446440] @@@./cp@@@1197
[   22.448374] Verifying pass ...
[   22.448831] @@@./cp@@@1125
[   22.450779] Verifying pass ...
[   22.451272] @@@./cp@@@1109
[   22.453198] Verifying pass ...
[   22.453637] @@@./cp@@@1111
[   22.455636] Verifying pass ...
[   22.456346] @@@./cp@@@1409
[   22.459246] Verifying pass ...
[   22.459761] @@@./cp@@@1512
[   22.461783] Verifying pass ...
[   22.462385] @@@./cp@@@1270
[   22.464348] Verifying pass ...
[   22.464828] @@@./cp@@@1164
[   22.466811] Verifying pass ...
[   22.467311] @@@./cp@@@1137
[   22.469236] Verifying pass ...
[   22.469702] @@@./cp@@@1120
[   22.471707] Verifying pass ...
[   22.472233] @@@./cp@@@1157
[   22.474270] Verifying pass ...
[   22.474758] @@@./cp@@@1182
[   22.476860] Verifying pass ...
[   22.477378] @@@./cp@@@1163
[   22.479907] Verifying pass ...
[   22.480544] @@@./cp@@@1418
[   22.482565] Verifying pass ...
[   22.483107] @@@./cp@@@1254
[   22.485091] Verifying pass ...
[   22.485561] @@@./cp@@@1142
[   22.487518] Verifying pass ...
[   22.487991] @@@./cp@@@1127
[   22.489963] Verifying pass ...
[   22.490464] @@@./cp@@@1134
[   22.492408] Verifying pass ...
[   22.492857] @@@./cp@@@1119
[   22.494844] Verifying pass ...
[   22.495339] @@@./cp@@@1143
[   22.497290] Verifying pass ...
[   22.497774] @@@./cp@@@1175
[   22.499738] Verifying pass ...
[   22.500231] @@@./cp@@@1149
[   22.502238] Verifying pass ...
[   22.502719] @@@./cp@@@1176
[   22.504713] Verifying pass ...
[   22.505219] @@@./cp@@@1156
[   22.507276] Verifying pass ...
[   22.507817] @@@./cp@@@1220
[   22.509900] Verifying pass ...
[   22.510468] @@@./cp@@@1203
[   22.512521] Verifying pass ...
[   22.512968] @@@./cp@@@1138
[   22.514891] Verifying pass ...
[   22.515707] @@@./cp@@@1430
[   22.518118] Verifying pass ...
[   22.518609] @@@./cp@@@1205
[   22.520600] Verifying pass ...
[   22.521134] @@@./cp@@@1197
[   22.523127] Verifying pass ...
[   22.523596] @@@./cp@@@1149
[   22.525509] Verifying pass ...
[   22.525978] @@@./cp@@@1126
[   22.527896] Verifying pass ...
[   22.528430] @@@./cp@@@1167
[   22.530420] Verifying pass ...
[   22.530886] @@@./cp@@@1149
[   22.532823] Verifying pass ...
[   22.533349] @@@./cp@@@1155
[   22.535487] Verifying pass ...
[   22.536120] @@@./cp@@@1321
[   22.538178] Verifying pass ...
[   22.538687] @@@./cp@@@1223
[   22.540641] Verifying pass ...
[   22.541165] @@@./cp@@@1205
[   22.543210] Verifying pass ...
[   22.543698] @@@./cp@@@1154
[   22.545666] Verifying pass ...
[   22.546248] @@@./cp@@@1214
[   22.548154] Verifying pass ...
[   22.548631] @@@./cp@@@1129
[   22.550612] Verifying pass ...
[   22.551144] @@@./cp@@@1208
[   22.553147] Verifying pass ...
[   22.553804] @@@./cp@@@1402
[   22.556064] Verifying pass ...
[   22.556551] @@@./cp@@@1156
[   22.558545] Verifying pass ...
[   22.559128] @@@./cp@@@1288
[   22.561114] Verifying pass ...
[   22.561654] @@@./cp@@@1261
[   22.563605] Verifying pass ...
[   22.564154] @@@./cp@@@1199
[   22.566369] Verifying pass ...
[   22.566858] @@@./cp@@@1429
[   22.568986] Verifying pass ...
[   22.569499] @@@./cp@@@1185
[   22.571533] Verifying pass ...
[   22.572053] @@@./cp@@@1232
[   22.574213] Verifying pass ...
[   22.574975] @@@./cp@@@1607
[   22.577222] Verifying pass ...
[   22.577682] @@@./cp@@@1138
[   22.579723] Verifying pass ...
[   22.580232] @@@./cp@@@1150
[   22.582367] Verifying pass ...
[   22.582823] @@@./cp@@@1184
[   22.584906] Verifying pass ...
[   22.585417] @@@./cp@@@1148
[   22.587485] Verifying pass ...
[   22.587951] @@@./cp@@@1131
[   22.590155] Verifying pass ...
[   22.590599] @@@./cp@@@1148
[   22.592614] Verifying pass ...
[   22.593171] @@@./cp@@@1225
[   22.595238] Verifying pass ...
[   22.595785] @@@./cp@@@1227
[   22.598216] Verifying pass ...
[   22.598749] @@@./cp@@@1363
[   22.600768] Verifying pass ...
[   22.601360] @@@./cp@@@1221
[   22.603424] Verifying pass ...
[   22.603982] @@@./cp@@@1196
[   22.606295] Verifying pass ...
[   22.606884] @@@./cp@@@1309
[   22.608960] Verifying pass ...
[   22.609529] @@@./cp@@@1200
[   22.611813] Verifying pass ...
[   22.612830] @@@./cp@@@1913
[   22.615397] Verifying pass ...
[   22.615907] @@@./cp@@@1310
[   22.617967] Verifying pass ...
[   22.618514] @@@./cp@@@1191
[   22.620514] Verifying pass ...
[   22.621008] @@@./cp@@@1163
[   22.623126] Verifying pass ...
[   22.623583] @@@./cp@@@1119
[   22.625575] Verifying pass ...
[   22.626126] @@@./cp@@@1204
[   22.628505] Verifying pass ...
[   22.628974] @@@./cp@@@1263
[   22.631149] Verifying pass ...
[   22.631619] @@@./cp@@@1148
[   22.633673] Verifying pass ...
[   22.634271] @@@./cp@@@1301
[   22.636669] Verifying pass ...
[   22.637251] @@@./cp@@@1383
[   22.639305] Verifying pass ...
[   22.639852] @@@./cp@@@1222
[   22.641852] Verifying pass ...
[   22.642456] @@@./cp@@@1239
[   22.644520] Verifying pass ...
[   22.645108] @@@./cp@@@1268
[   22.647221] Verifying pass ...
[   22.647734] @@@./cp@@@1200
[   22.649828] Verifying pass ...
[   22.650389] @@@./cp@@@1191
[   22.652467] Verifying pass ...
[   22.652976] @@@./cp@@@1190
[   22.655151] Verifying pass ...
[   22.655634] @@@./cp@@@1148
[   22.657892] Verifying pass ...
[   22.658500] @@@./cp@@@1338
[   22.660581] Verifying pass ...
[   22.661167] @@@./cp@@@1244
[   22.663296] Verifying pass ...
[   22.663874] @@@./cp@@@1263
[   22.665865] Verifying pass ...
[   22.666502] @@@./cp@@@1285
[   22.668523] Verifying pass ...
[   22.669081] @@@./cp@@@1243
[   22.671054] Verifying pass ...
[   22.671599] @@@./cp@@@1198
[   22.673862] Verifying pass ...
[   22.674463] @@@./cp@@@1370
[   22.676530] Verifying pass ...
[   22.677134] @@@./cp@@@1278
[   22.679198] Verifying pass ...
[   22.679787] @@@./cp@@@1287
[   22.681834] Verifying pass ...
[   22.682488] @@@./cp@@@1304
[   22.684527] Verifying pass ...
[   22.685102] @@@./cp@@@1244
[   22.687105] Verifying pass ...
[   22.687662] @@@./cp@@@1215
[   22.689873] Verifying pass ...
[   22.690438] @@@./cp@@@1264
[   22.692508] Verifying pass ...
[   22.693085] @@@./cp@@@1278
[   22.695484] Verifying pass ...
[   22.696086] @@@./cp@@@1300
[   22.698294] Verifying pass ...
[   22.698871] @@@./cp@@@1382
[   22.700918] Verifying pass ...
[   22.701569] @@@./cp@@@1301
[   22.703523] Verifying pass ...
[   22.704174] @@@./cp@@@1307
[   22.706201] Verifying pass ...
[   22.706840] @@@./cp@@@1327
[   22.708852] Verifying pass ...
[   22.709423] @@@./cp@@@1223
[   22.711473] Verifying pass ...
[   22.712088] @@@./cp@@@1269
[   22.714046] Verifying pass ...
[   22.714628] @@@./cp@@@1234
[   22.716629] Verifying pass ...
[   22.717235] @@@./cp@@@1257
[   22.719304] Verifying pass ...
[   22.719803] @@@./cp@@@1195
[   22.721924] Verifying pass ...
[   22.722470] @@@./cp@@@1204
[   22.724605] Verifying pass ...
[   22.725212] @@@./cp@@@1318
[   22.727297] Verifying pass ...
[   22.727827] @@@./cp@@@1196
[   22.729912] Verifying pass ...
[   22.730510] @@@./cp@@@1213
[   22.732549] Verifying pass ...
[   22.733180] @@@./cp@@@1291
[   22.735406] Verifying pass ...
[   22.735965] @@@./cp@@@1303
[   22.738173] Verifying pass ...
[   22.738693] @@@./cp@@@1247
[   22.740772] Verifying pass ...
[   22.741358] @@@./cp@@@1222
[   22.743348] Verifying pass ...
[   22.743848] @@@./cp@@@1154
[   22.745802] Verifying pass ...
[   22.746397] @@@./cp@@@1209
[   22.748348] Verifying pass ...
[   22.748862] @@@./cp@@@1165
[   22.751175] Verifying pass ...
[   22.751764] @@@./cp@@@1308
[   22.753888] Verifying pass ...
[   22.754465] @@@./cp@@@1211
[   22.756692] Verifying pass ...
[   22.757294] @@@./cp@@@1360
[   22.759422] Verifying pass ...
[   22.759937] @@@./cp@@@1195
[   22.761983] Verifying pass ...
[   22.762525] @@@./cp@@@1181
[   22.764550] Verifying pass ...
[   22.765092] @@@./cp@@@1193
[   22.767162] Verifying pass ...
[   22.767669] @@@./cp@@@1198
[   22.769741] Verifying pass ...
[   22.770305] @@@./cp@@@1197
[   22.772375] Verifying pass ...
[   22.772900] @@@./cp@@@1214
[   22.775110] Verifying pass ...
[   22.775619] @@@./cp@@@1197
[   22.777701] Verifying pass ...
[   22.778294] @@@./cp@@@1221
[   22.780361] Verifying pass ...
[   22.780955] @@@./cp@@@1273
[   22.783159] Verifying pass ...
[   22.783686] @@@./cp@@@1221
[   22.785655] Verifying pass ...
[   22.786255] @@@./cp@@@1270
[   22.788181] Verifying pass ...
[   22.788714] @@@./cp@@@1172
[   22.790745] Verifying pass ...
[   22.791294] @@@./cp@@@1199
[   22.793199] Verifying pass ...
[   22.793754] @@@./cp@@@1192
[   22.795956] Verifying pass ...
[   22.796490] @@@./cp@@@1210
[   22.798624] Verifying pass ...
[   22.799225] @@@./cp@@@1263
[   22.801277] Verifying pass ...
[   22.801798] @@@./cp@@@1214
[   22.803878] Verifying pass ...
[   22.804431] @@@./cp@@@1171
[   22.806468] Verifying pass ...
[   22.806951] @@@./cp@@@1174
[   22.809098] Verifying pass ...
[   22.809607] @@@./cp@@@1194
[   22.811787] Verifying pass ...
[   22.812372] @@@./cp@@@1377
[   22.814507] Verifying pass ...
[   22.815083] @@@./cp@@@1317
[   22.817286] Verifying pass ...
[   22.817819] @@@./cp@@@1261
[   22.819962] Verifying pass ...
[   22.820549] @@@./cp@@@1263
[   22.822578] Verifying pass ...
[   22.823192] @@@./cp@@@1295
[   22.825309] Verifying pass ...
[   22.825823] @@@./cp@@@1198
[   22.827876] Verifying pass ...
[   22.828477] @@@./cp@@@1213
[   22.830577] Verifying pass ...
[   22.831179] @@@./cp@@@1305
[   22.833289] Verifying pass ...
[   22.833841] @@@./cp@@@1262
[   22.835922] Verifying pass ...
[   22.836578] @@@./cp@@@1271
[   22.838735] Verifying pass ...
[   22.839368] @@@./cp@@@1276
[   22.841390] Verifying pass ...
[   22.841911] @@@./cp@@@1192
[   22.844316] Verifying pass ...
[   22.844859] @@@./cp@@@1245
[   22.847024] Verifying pass ...
[   22.847536] @@@./cp@@@1180
[   22.849515] Verifying pass ...
[   22.849974] @@@./cp@@@1131
[   22.851942] Verifying pass ...
[   22.852506] @@@./cp@@@1197
[   22.854764] Verifying pass ...
[   22.855348] @@@./cp@@@1248
[   22.857526] Verifying pass ...
[   22.858001] @@@./cp@@@1195
[   22.860122] Verifying pass ...
[   22.860586] @@@./cp@@@1144
[   22.862642] Verifying pass ...
[   22.863243] @@@./cp@@@1285
[   22.865209] Verifying pass ...
[   22.865696] @@@./cp@@@1158
[   22.867634] Verifying pass ...
[   22.868123] @@@./cp@@@1156
[   22.870240] Verifying pass ...
[   22.870716] @@@./cp@@@1180
[   22.872853] Verifying pass ...
[   22.873703] @@@./cp@@@1647
[   22.875905] Verifying pass ...
[   22.876432] @@@./cp@@@1213
[   22.878621] Verifying pass ...
[   22.879239] @@@./cp@@@1348
[   22.881253] Verifying pass ...
[   22.881755] @@@./cp@@@1174
[   22.883736] Verifying pass ...
[   22.884332] @@@./cp@@@1230
[   22.886432] Verifying pass ...
[   22.886959] @@@./cp@@@1220
[   22.888953] Verifying pass ...
[   22.889506] @@@./cp@@@1185
[   22.891594] Verifying pass ...
[   22.892136] @@@./cp@@@1198
[   22.894058] Verifying pass ...
[   22.894569] @@@./cp@@@1167
[   22.896551] Verifying pass ...
[   22.897142] @@@./cp@@@1225
[   22.899192] Verifying pass ...
[   22.899751] @@@./cp@@@1225
[   22.901793] Verifying pass ...
[   22.902348] @@@./cp@@@1188
[   22.904752] Verifying pass ...
[   22.905293] @@@./cp@@@1443
[   22.907304] Verifying pass ...
[   22.907882] @@@./cp@@@1234
[   22.909842] Verifying pass ...
[   22.910389] @@@./cp@@@1210
[   22.912382] Verifying pass ...
[   22.912868] @@@./cp@@@1161
[   22.914947] Verifying pass ...
[   22.915598] @@@./cp@@@1292
[   22.917756] Verifying pass ...
[   22.918335] @@@./cp@@@1234
[   22.920369] Verifying pass ...
[   22.920918] @@@./cp@@@1233
[   22.922928] Verifying pass ...
[   22.923498] @@@./cp@@@1202
[   22.925500] Verifying pass ...
[   22.925983] @@@./cp@@@1157
[   22.927940] Verifying pass ...
[   22.928469] @@@./cp@@@1161
[   22.930539] Verifying pass ...
[   22.931210] @@@./cp@@@1376
[   22.933200] Verifying pass ...
[   22.933709] @@@./cp@@@1164
[   22.936298] Verifying pass ...
[   22.936893] @@@./cp@@@1332
[   22.939137] Verifying pass ...
[   22.939718] @@@./cp@@@1324
[   22.941803] Verifying pass ...
[   22.942392] @@@./cp@@@1247
[   22.944454] Verifying pass ...
[   22.944981] @@@./cp@@@1235
[   22.947022] Verifying pass ...
[   22.947572] @@@./cp@@@1223
[   22.949608] Verifying pass ...
[   22.950209] @@@./cp@@@1271
[   22.952191] Verifying pass ...
[   22.952699] @@@./cp@@@1183
[   22.954736] Verifying pass ...
[   22.955375] @@@./cp@@@1326
[   22.957443] Verifying pass ...
[   22.957983] @@@./cp@@@1250
[   22.959989] Verifying pass ...
[   22.960536] @@@./cp@@@1196
[   22.962565] Verifying pass ...
[   22.963155] @@@./cp@@@1276
[   22.965238] Verifying pass ...
[   22.965803] @@@./cp@@@1364
[   22.967981] Verifying pass ...
[   22.968555] @@@./cp@@@1231
[   22.970711] Verifying pass ...
[   22.971305] @@@./cp@@@1204
[   22.973308] Verifying pass ...
[   22.973838] @@@./cp@@@1196
[   22.976169] Verifying pass ...
[   22.976768] @@@./cp@@@1416
[   22.978984] Verifying pass ...
[   22.979622] @@@./cp@@@1242
[   22.981686] Verifying pass ...
[   22.982308] @@@./cp@@@1251
[   22.984401] Verifying pass ...
[   22.984934] @@@./cp@@@1256
[   22.986940] Verifying pass ...
[   22.987482] @@@./cp@@@1156
[   22.989608] Verifying pass ...
[   22.990196] @@@./cp@@@1308
[   22.992278] Verifying pass ...
[   22.992794] @@@./cp@@@1206
[   22.994904] Verifying pass ...
[   22.995529] @@@./cp@@@1244
[   22.997600] Verifying pass ...
[   22.998217] @@@./cp@@@1301
[   23.000343] Verifying pass ...
[   23.000872] @@@./cp@@@1207
[   23.002979] Verifying pass ...
[   23.003583] @@@./cp@@@1223
[   23.005602] Verifying pass ...
[   23.006219] @@@./cp@@@1251
[   23.008382] Verifying pass ...
[   23.008947] @@@./cp@@@1255
[   23.010959] Verifying pass ...
[   23.011653] @@@./cp@@@1306
[   23.013704] Verifying pass ...
[   23.014355] @@@./cp@@@1303
[   23.016564] Verifying pass ...
[   23.017158] @@@./cp@@@1304
[   23.019249] Verifying pass ...
[   23.019751] @@@./cp@@@1177
[   23.021865] Verifying pass ...
[   23.022466] @@@./cp@@@1241
[   23.024568] Verifying pass ...
[   23.025219] @@@./cp@@@1337
[   23.027527] Verifying pass ...
[   23.028182] @@@./cp@@@1400
[   23.030306] Verifying pass ...
[   23.030794] @@@./cp@@@1229
[   23.032877] Verifying pass ...
[   23.033417] @@@./cp@@@1153
[   23.035704] Verifying pass ...
[   23.036389] @@@./cp@@@1531
[   23.038610] Verifying pass ...
[   23.039283] @@@./cp@@@1360
[   23.041297] Verifying pass ...
[   23.041767] @@@./cp@@@1170
[   23.043828] Verifying pass ...
[   23.044405] @@@./cp@@@1193
[   23.046649] Verifying pass ...
[   23.047317] @@@./cp@@@1527
[   23.049451] Verifying pass ...
[   23.049939] @@@./cp@@@1167
[   23.052122] Verifying pass ...
[   23.052568] @@@./cp@@@1139
[   23.054645] Verifying pass ...
[   23.055289] @@@./cp@@@1325
[   23.057548] Verifying pass ...
[   23.058124] @@@./cp@@@1473
[   23.060222] Verifying pass ...
[   23.060682] @@@./cp@@@1169
[   23.062623] Verifying pass ...
[   23.063262] @@@./cp@@@1304
[   23.065345] Verifying pass ...
[   23.065914] @@@./cp@@@1266
[   23.067949] Verifying pass ...
[   23.068443] @@@./cp@@@1126
[   23.070423] Verifying pass ...
[   23.070879] @@@./cp@@@1126
[   23.072944] Verifying pass ...
[   23.073601] @@@./cp@@@1283
[   23.075910] Verifying pass ...
[   23.076528] @@@./cp@@@1316
[   23.078608] Verifying pass ...
[   23.079171] @@@./cp@@@1240
[   23.081279] Verifying pass ...
[   23.081759] @@@./cp@@@1216
[   23.083801] Verifying pass ...
[   23.084354] @@@./cp@@@1164
[   23.086513] Verifying pass ...
[   23.087138] @@@./cp@@@1333
[   23.089560] Verifying pass ...
[   23.090184] @@@./cp@@@1413
[   23.092329] Verifying pass ...
[   23.092785] @@@./cp@@@1174
[   23.094886] Verifying pass ...
[   23.095511] @@@./cp@@@1259
[   23.097665] Verifying pass ...
[   23.098207] @@@./cp@@@1271
[   23.100302] Verifying pass ...
[   23.100767] @@@./cp@@@1168
[   23.102923] Verifying pass ...
[   23.103591] @@@./cp@@@1319
[   23.105643] Verifying pass ...
[   23.106248] @@@./cp@@@1251
[   23.108441] Verifying pass ...
[   23.108964] @@@./cp@@@1214
[   23.111187] Verifying pass ...
[   23.111698] @@@./cp@@@1203
[   23.113744] Verifying pass ...
[   23.114330] @@@./cp@@@1214
[   23.116452] Verifying pass ...
[   23.116996] @@@./cp@@@1226
[   23.119330] Verifying pass ...
[   23.120087] @@@./cp@@@1621
[   23.122242] Verifying pass ...
[   23.122901] @@@./cp@@@1372
[   23.124905] Verifying pass ...
[   23.125437] @@@./cp@@@1207
[   23.127417] Verifying pass ...
[   23.127905] @@@./cp@@@1146
[   23.129887] Verifying pass ...
[   23.130481] @@@./cp@@@1224
[   23.132545] Verifying pass ...
[   23.133174] @@@./cp@@@1306
[   23.135532] Verifying pass ...
[   23.136185] @@@./cp@@@1405
[   23.138303] Verifying pass ...
[   23.138831] @@@./cp@@@1275
[   23.140912] Verifying pass ...
[   23.141559] @@@./cp@@@1279
[   23.143658] Verifying pass ...
[   23.144281] @@@./cp@@@1283
[   23.146477] Verifying pass ...
[   23.147070] @@@./cp@@@1316
[   23.149063] Verifying pass ...
[   23.149631] @@@./cp@@@1223
[   23.151985] Verifying pass ...
[   23.152592] @@@./cp@@@1269
[   23.154700] Verifying pass ...
[   23.155359] @@@./cp@@@1396
[   23.157527] Verifying pass ...
[   23.158000] @@@./cp@@@1154
[   23.160079] Verifying pass ...
[   23.160563] @@@./cp@@@1182
[   23.162592] Verifying pass ...
[   23.163174] @@@./cp@@@1258
[   23.165135] Verifying pass ...
[   23.165647] @@@./cp@@@1197
[   23.167695] Verifying pass ...
[   23.168219] @@@./cp@@@1179
[   23.170240] Verifying pass ...
[   23.170711] @@@./cp@@@1152
[   23.172715] Verifying pass ...
[   23.173253] @@@./cp@@@1154
[   23.175349] Verifying pass ...
[   23.175835] @@@./cp@@@1175
[   23.177844] Verifying pass ...
[   23.178375] @@@./cp@@@1161
[   23.180557] Verifying pass ...
[   23.181296] @@@./cp@@@1539
[   23.183565] Verifying pass ...
[   23.184123] @@@./cp@@@1276
[   23.186220] Verifying pass ...
[   23.186841] @@@./cp@@@1338
[   23.188848] Verifying pass ...
[   23.189398] @@@./cp@@@1184
[   23.191454] Verifying pass ...
[   23.191937] @@@./cp@@@1167
[   23.194225] Verifying pass ...
[   23.194856] @@@./cp@@@1462
[   23.196962] Verifying pass ...
[   23.197508] @@@./cp@@@1177
[   23.199520] Verifying pass ...
[   23.200092] @@@./cp@@@1240
[   23.201995] Verifying pass ...
[   23.202527] @@@./cp@@@1149
[   23.204538] Verifying pass ...
[   23.205112] @@@./cp@@@1232
[   23.207011] Verifying pass ...
[   23.207579] @@@./cp@@@1182
[   23.209620] Verifying pass ...
[   23.210161] @@@./cp@@@1213
[   23.212660] Verifying pass ...
[   23.213188] @@@./cp@@@1355
[   23.215386] Verifying pass ...
[   23.215997] @@@./cp@@@1390
[   23.218177] Verifying pass ...
[   23.218665] @@@./cp@@@1211
[   23.220717] Verifying pass ...
[   23.221287] @@@./cp@@@1208
[   23.223365] Verifying pass ...
[   23.223852] @@@./cp@@@1173
[   23.225861] Verifying pass ...
[   23.226397] @@@./cp@@@1166
[   23.228446] Verifying pass ...
[   23.228917] @@@./cp@@@1152
[   23.230897] Verifying pass ...
[   23.231422] @@@./cp@@@1156
[   23.233490] Verifying pass ...
[   23.233960] @@@./cp@@@1153
[   23.235954] Verifying pass ...
[   23.236476] @@@./cp@@@1163
[   23.238450] Verifying pass ...
[   23.238902] @@@./cp@@@1132
[   23.240880] Verifying pass ...
[   23.241451] @@@./cp@@@1206
[   23.243783] Verifying pass ...
[   23.244293] @@@./cp@@@1187
[   23.246321] Verifying pass ...
[   23.246795] @@@./cp@@@1186
[   23.248798] Verifying pass ...
[   23.249342] @@@./cp@@@1160
[   23.251376] Verifying pass ...
[   23.251831] @@@./cp@@@1156
[   23.253939] Verifying pass ...
[   23.254514] @@@./cp@@@1281
[   23.256548] Verifying pass ...
[   23.257014] @@@./cp@@@1158
[   23.259034] Verifying pass ...
[   23.259504] @@@./cp@@@1127
[   23.261452] Verifying pass ...
[   23.261903] @@@./cp@@@1129
[   23.264482] Verifying pass ...
[   23.264941] @@@./cp@@@1159
[   23.267237] Verifying pass ...
[   23.267790] @@@./cp@@@1380
[   23.269840] Verifying pass ...
[   23.270362] @@@./cp@@@1158
[   23.272443] Verifying pass ...
[   23.273169] @@@./cp@@@1548
[   23.275522] Verifying pass ...
[   23.276067] @@@./cp@@@1328
[   23.278202] Verifying pass ...
[   23.278679] @@@./cp@@@1232
[   23.280738] Verifying pass ...
[   23.281235] @@@./cp@@@1160
[   23.283158] Verifying pass ...
[   23.283667] @@@./cp@@@1142
[   23.285793] Verifying pass ...
[   23.286312] @@@./cp@@@1151
[   23.288299] Verifying pass ...
[   23.288751] @@@./cp@@@1151
[   23.290681] Verifying pass ...
[   23.291179] @@@./cp@@@1187
[   23.293153] Verifying pass ...
[   23.293748] @@@./cp@@@1328
[   23.295694] Verifying pass ...
[   23.296201] @@@./cp@@@1156
[   23.298200] Verifying pass ...
[   23.298713] @@@./cp@@@1253
[   23.300647] Verifying pass ...
[   23.301138] @@@./cp@@@1173
[   23.303204] Verifying pass ...
[   23.303834] @@@./cp@@@1358
[   23.306178] Verifying pass ...
[   23.306754] @@@./cp@@@1344
[   23.308714] Verifying pass ...
[   23.309242] @@@./cp@@@1171
[   23.311229] Verifying pass ...
[   23.311714] @@@./cp@@@1140
[   23.313772] Verifying pass ...
[   23.314305] @@@./cp@@@1203
[   23.316353] Verifying pass ...
[   23.316883] @@@./cp@@@1211
[   23.318933] Verifying pass ...
[   23.319518] @@@./cp@@@1220
[   23.321525] Verifying pass ...
[   23.322128] @@@./cp@@@1275
[   23.324128] Verifying pass ...
[   23.324643] @@@./cp@@@1226
[   23.326637] Verifying pass ...
[   23.327178] @@@./cp@@@1239
[   23.329118] Verifying pass ...
[   23.329634] @@@./cp@@@1177
[   23.331654] Verifying pass ...
[   23.332215] @@@./cp@@@1219
[   23.334259] Verifying pass ...
[   23.334741] @@@./cp@@@1197
[   23.336867] Verifying pass ...
[   23.337443] @@@./cp@@@1222
[   23.339505] Verifying pass ...
[   23.339980] @@@./cp@@@1145
[   23.342140] Verifying pass ...
[   23.342652] @@@./cp@@@1207
[   23.344749] Verifying pass ...
[   23.345295] @@@./cp@@@1187
[   23.347279] Verifying pass ...
[   23.347764] @@@./cp@@@1175
[   23.349920] Verifying pass ...
[   23.350554] @@@./cp@@@1322
[   23.352743] Verifying pass ...
[   23.353358] @@@./cp@@@1271
[   23.355458] Verifying pass ...
[   23.356145] @@@./cp@@@1361
[   23.358339] Verifying pass ...
[   23.358941] @@@./cp@@@1305
[   23.361267] Verifying pass ...
[   23.361861] @@@./cp@@@1320
[   23.364070] Verifying pass ...
[   23.364801] @@@./cp@@@1386
[   23.366940] Verifying pass ...
[   23.367469] @@@./cp@@@1187
[   23.369521] Verifying pass ...
[   23.369989] @@@./cp@@@1157
[   23.372360] Verifying pass ...
[   23.372907] @@@./cp@@@1391
[   23.375164] Verifying pass ...
[   23.375771] @@@./cp@@@1329
[   23.377782] Verifying pass ...
[   23.378345] @@@./cp@@@1199
[   23.380409] Verifying pass ...
[   23.381168] @@@./cp@@@1446
[   23.383173] Verifying pass ...
[   23.383674] @@@./cp@@@1178
[   23.385724] Verifying pass ...
[   23.386335] @@@./cp@@@1246
[   23.388465] Verifying pass ...
[   23.388994] @@@./cp@@@1222
[   23.391142] Verifying pass ...
[   23.391673] @@@./cp@@@1210
[   23.393649] Verifying pass ...
[   23.394206] @@@./cp@@@1217
[   23.396600] Verifying pass ...
[   23.397205] @@@./cp@@@1303
[   23.399209] Verifying pass ...
[   23.399703] @@@./cp@@@1142
[   23.401641] Verifying pass ...
[   23.402256] @@@./cp@@@1259
[   23.404270] Verifying pass ...
[   23.404820] @@@./cp@@@1203
[   23.406788] Verifying pass ...
[   23.407465] @@@./cp@@@1292
[   23.409457] Verifying pass ...
[   23.409954] @@@./cp@@@1219
[   23.412204] Verifying pass ...
[   23.412865] @@@./cp@@@1404
[   23.414863] Verifying pass ...
[   23.415427] @@@./cp@@@1196
[   23.417349] Verifying pass ...
[   23.417831] @@@./cp@@@1119
[   23.419770] Verifying pass ...
[   23.420334] @@@./cp@@@1172
[   23.422335] Verifying pass ...
[   23.422929] @@@./cp@@@1290
[   23.424799] Verifying pass ...
[   23.425290] @@@./cp@@@1106
[   23.427536] Verifying pass ...
[   23.428277] @@@./cp@@@1414
[   23.430457] Verifying pass ...
[   23.430946] @@@./cp@@@1222
[   23.433283] Verifying pass ...
[   23.433744] @@@./cp@@@1270
[   23.435889] Verifying pass ...
[   23.436453] @@@./cp@@@1222
[   23.438564] Verifying pass ...
[   23.439169] @@@./cp@@@1301
[   23.441292] Verifying pass ...
[   23.441806] @@@./cp@@@1230
[   23.443898] Verifying pass ...
[   23.444472] @@@./cp@@@1204
[   23.446581] Verifying pass ...
[   23.447175] @@@./cp@@@1289
[   23.449179] Verifying pass ...
[   23.449690] @@@./cp@@@1176
[   23.451746] Verifying pass ...
[   23.452376] @@@./cp@@@1247
[   23.454532] Verifying pass ...
[   23.454983] @@@./cp@@@1145
[   23.457422] Verifying pass ...
[   23.458215] @@@./cp@@@1737
[   23.460304] Verifying pass ...
[   23.460760] @@@./cp@@@1159
[   23.462868] Verifying pass ...
[   23.463425] @@@./cp@@@1203
[   23.465349] Verifying pass ...
[   23.465830] @@@./cp@@@1128
[   23.467884] Verifying pass ...
[   23.468379] @@@./cp@@@1147
[   23.470385] Verifying pass ...
[   23.470856] @@@./cp@@@1170
[   23.473081] Verifying pass ...
[   23.473614] @@@./cp@@@1257
[   23.475574] Verifying pass ...
[   23.476166] @@@./cp@@@1243
[   23.478177] Verifying pass ...
[   23.478663] @@@./cp@@@1207
[   23.480570] Verifying pass ...
[   23.481097] @@@./cp@@@1175
[   23.483052] Verifying pass ...
[   23.483555] @@@./cp@@@1141
[   23.485518] Verifying pass ...
[   23.485989] @@@./cp@@@1126
[   23.487938] Verifying pass ...
[   23.488636] @@@./cp@@@1367
[   23.490860] Verifying pass ...
[   23.491376] @@@./cp@@@1162
[   23.493622] Verifying pass ...
[   23.494216] @@@./cp@@@1380
[   23.496239] Verifying pass ...
[   23.496769] @@@./cp@@@1202
[   23.498703] Verifying pass ...
[   23.499247] @@@./cp@@@1186
[   23.501168] Verifying pass ...
[   23.501751] @@@./cp@@@1240
[   23.503672] Verifying pass ...
[   23.504286] @@@./cp@@@1228
[   23.506318] Verifying pass ...
[   23.506817] @@@./cp@@@1229
[   23.508852] Verifying pass ...
[   23.509355] @@@./cp@@@1154
[   23.511926] Verifying pass ...
[   23.512667] @@@./cp@@@1844
[   23.515458] Verifying pass ...
[   23.516199] @@@./cp@@@1768
[   23.519267] Verifying pass ...
[   23.519970] @@@./cp@@@1969
[   23.522165] Verifying pass ...
[   23.522691] @@@./cp@@@1258
[   23.524758] Verifying pass ...
[   23.525362] @@@./cp@@@1276
[   23.527387] Verifying pass ...
[   23.527929] @@@./cp@@@1198
[   23.530070] Verifying pass ...
[   23.530622] @@@./cp@@@1260
[   23.532714] Verifying pass ...
[   23.533298] @@@./cp@@@1243
[   23.535411] Verifying pass ...
[   23.535940] @@@./cp@@@1217
[   23.538134] Verifying pass ...
[   23.538664] @@@./cp@@@1225
[   23.540779] Verifying pass ...
[   23.541377] @@@./cp@@@1228
[   23.543431] Verifying pass ...
[   23.543960] @@@./cp@@@1191
[   23.546142] Verifying pass ...
[   23.546654] @@@./cp@@@1205
[   23.548728] Verifying pass ...
[   23.549342] @@@./cp@@@1256
[   23.551446] Verifying pass ...
[   23.551924] @@@./cp@@@1152
[   23.554186] Verifying pass ...
[   23.554697] @@@./cp@@@1213
[   23.556933] Verifying pass ...
[   23.557525] @@@./cp@@@1388
[   23.559604] Verifying pass ...
[   23.560211] @@@./cp@@@1270
[   23.562254] Verifying pass ...
[   23.562782] @@@./cp@@@1240
[   23.564874] Verifying pass ...
[   23.565492] @@@./cp@@@1249
[   23.567657] Verifying pass ...
[   23.568248] @@@./cp@@@1315
[   23.570308] Verifying pass ...
[   23.570809] @@@./cp@@@1221
[   23.572922] Verifying pass ...
[   23.573504] @@@./cp@@@1214
[   23.575590] Verifying pass ...
[   23.576189] @@@./cp@@@1282
[   23.578300] Verifying pass ...
[   23.578864] @@@./cp@@@1258
[   23.581279] Verifying pass ...
[   23.581751] @@@./cp@@@1188
[   23.583763] Verifying pass ...
[   23.584264] @@@./cp@@@1139
[   23.586214] Verifying pass ...
[   23.586690] @@@./cp@@@1159
[   23.588807] Verifying pass ...
[   23.589329] @@@./cp@@@1201
[   23.591371] Verifying pass ...
[   23.591854] @@@./cp@@@1206
[   23.593797] Verifying pass ...
[   23.594313] @@@./cp@@@1149
[   23.596328] Verifying pass ...
[   23.596802] @@@./cp@@@1146
[   23.598772] Verifying pass ...
[   23.599293] @@@./cp@@@1153
[   23.601231] Verifying pass ...
[   23.601778] @@@./cp@@@1222
[   23.603686] Verifying pass ...
[   23.604210] @@@./cp@@@1156
[   23.606268] Verifying pass ...
[   23.606799] @@@./cp@@@1267
[   23.608772] Verifying pass ...
[   23.609344] @@@./cp@@@1206
[   23.611654] Verifying pass ...
[   23.612134] @@@./cp@@@1176
[   23.614156] Verifying pass ...
[   23.614637] @@@./cp@@@1195
[   23.616596] Verifying pass ...
[   23.617126] @@@./cp@@@1184
[   23.619104] Verifying pass ...
[   23.619585] @@@./cp@@@1137
[   23.621539] Verifying pass ...
[   23.622052] @@@./cp@@@1163
[   23.623987] Verifying pass ...
[   23.624508] @@@./cp@@@1136
[   23.626733] Verifying pass ...
[   23.627263] @@@./cp@@@1322
[   23.629349] Verifying pass ...
[   23.629817] @@@./cp@@@1162
[   23.631798] Verifying pass ...
[   23.632321] @@@./cp@@@1162
[   23.634283] Verifying pass ...
[   23.634767] @@@./cp@@@1172
[   23.636690] Verifying pass ...
[   23.637223] @@@./cp@@@1164
[   23.639229] Verifying pass ...
[   23.639698] @@@./cp@@@1157
[   23.641932] Verifying pass ...
[   23.642465] @@@./cp@@@1177
[   23.644522] Verifying pass ...
[   23.644989] @@@./cp@@@1145
[   23.647230] Verifying pass ...
[   23.647854] @@@./cp@@@1470
[   23.650051] Verifying pass ...
[   23.650647] @@@./cp@@@1285
[   23.652735] Verifying pass ...
[   23.653388] @@@./cp@@@1291
[   23.655472] Verifying pass ...
[   23.656160] @@@./cp@@@1345
[   23.658231] Verifying pass ...
[   23.658827] @@@./cp@@@1305
[   23.660973] Verifying pass ...
[   23.661632] @@@./cp@@@1290
[   23.663853] Verifying pass ...
[   23.664587] @@@./cp@@@1348
[   23.666710] Verifying pass ...
[   23.667646] @@@./cp@@@1611
[   23.669674] Verifying pass ...
[   23.670457] @@@./cp@@@1415
[   23.672669] Verifying pass ...
[   23.673329] @@@./cp@@@1333
[   23.675518] Verifying pass ...
[   23.676188] @@@./cp@@@1350
[   23.678352] Verifying pass ...
[   23.678954] @@@./cp@@@1311
[   23.681186] Verifying pass ...
[   23.681791] @@@./cp@@@1295
[   23.683912] Verifying pass ...
[   23.684610] @@@./cp@@@1330
[   23.687040] Verifying pass ...
[   23.687780] @@@./cp@@@1473
[   23.689961] Verifying pass ...
[   23.690630] @@@./cp@@@1304
[   23.692760] Verifying pass ...
[   23.693419] @@@./cp@@@1296
[   23.695563] Verifying pass ...
[   23.696237] @@@./cp@@@1335
[   23.698429] Verifying pass ...
[   23.699099] @@@./cp@@@1404
[   23.701906] Verifying pass ...
[   23.702684] @@@./cp@@@1904
[   23.705080] Verifying pass ...
[   23.705707] @@@./cp@@@1364
[   23.708717] Verifying pass ...
[   23.709312] @@@./cp@@@1750
[   23.711541] Verifying pass ...
[   23.712070] @@@./cp@@@1258
[   23.714220] Verifying pass ...
[   23.714732] @@@./cp@@@1288
[   23.716852] Verifying pass ...
[   23.717391] @@@./cp@@@1232
[   23.719490] Verifying pass ...
[   23.719996] @@@./cp@@@1212
[   23.722124] Verifying pass ...
[   23.722666] @@@./cp@@@1318
[   23.724825] Verifying pass ...
[   23.725378] @@@./cp@@@1260
[   23.727539] Verifying pass ...
[   23.728083] @@@./cp@@@1265
[   23.730225] Verifying pass ...
[   23.730749] @@@./cp@@@1310
[   23.733166] Verifying pass ...
[   23.733671] @@@./cp@@@1323
[   23.735850] Verifying pass ...
[   23.736406] @@@./cp@@@1272
[   23.738573] Verifying pass ...
[   23.739106] @@@./cp@@@1286
[   23.741228] Verifying pass ...
[   23.741744] @@@./cp@@@1286
[   23.743871] Verifying pass ...
[   23.744484] @@@./cp@@@1320
[   23.747514] Verifying pass ...
[   23.748071] @@@./cp@@@1671
[   23.750266] Verifying pass ...
[   23.750828] @@@./cp@@@1368
[   23.752907] Verifying pass ...
[   23.753443] @@@./cp@@@1175
[   23.755531] Verifying pass ...
[   23.756092] @@@./cp@@@1289
[   23.758097] Verifying pass ...
[   23.758610] @@@./cp@@@1237
[   23.760782] Verifying pass ...
[   23.761348] @@@./cp@@@1275
[   23.763664] Verifying pass ...
[   23.764242] @@@./cp@@@1323
[   23.766495] Verifying pass ...
[   23.767263] @@@./cp@@@1551
[   23.769966] Verifying pass ...
[   23.770594] @@@./cp@@@1448
[   23.772678] Verifying pass ...
[   23.773288] @@@./cp@@@1284
[   23.775548] Verifying pass ...
[   23.776175] @@@./cp@@@1442
[   23.778360] Verifying pass ...
[   23.778981] @@@./cp@@@1371
[   23.781346] Verifying pass ...
[   23.781793] @@@./cp@@@1169
[   23.783885] Verifying pass ...
[   23.784547] @@@./cp@@@1279
[   23.786586] Verifying pass ...
[   23.787185] @@@./cp@@@1287
[   23.789283] Verifying pass ...
[   23.789767] @@@./cp@@@1124
[   23.791870] Verifying pass ...
[   23.792448] @@@./cp@@@1206
[   23.794617] Verifying pass ...
[   23.795270] @@@./cp@@@1386
[   23.797405] Verifying pass ...
[   23.797839] @@@./cp@@@1121
[   23.799889] Verifying pass ...
[   23.800431] @@@./cp@@@1170
[   23.802501] Verifying pass ...
[   23.803096] @@@./cp@@@1279
[   23.805158] Verifying pass ...
[   23.805936] @@@./cp@@@1486
[   23.808326] Verifying pass ...
[   23.808984] @@@./cp@@@1373
[   23.810965] Verifying pass ...
[   23.811527] @@@./cp@@@1190
[   23.813526] Verifying pass ...
[   23.814160] @@@./cp@@@1286
[   23.816194] Verifying pass ...
[   23.816657] @@@./cp@@@1136
[   23.818692] Verifying pass ...
[   23.819251] @@@./cp@@@1253
[   23.821243] Verifying pass ...
[   23.821718] @@@./cp@@@1142
[   23.823988] Verifying pass ...
[   23.824583] @@@./cp@@@1455
[   23.826881] Verifying pass ...
[   23.827644] @@@./cp@@@1655
[   23.830286] Verifying pass ...
[   23.830799] @@@./cp@@@1240
[   23.832907] Verifying pass ...
[   23.833429] @@@./cp@@@1171
[   23.835458] Verifying pass ...
[   23.835916] @@@./cp@@@1121
[   23.837931] Verifying pass ...
[   23.838486] @@@./cp@@@1171
[   23.840464] Verifying pass ...
[   23.840924] @@@./cp@@@1125
[   23.842975] Verifying pass ...
[   23.843524] @@@./cp@@@1166
[   23.845547] Verifying pass ...
[   23.846016] @@@./cp@@@1133
[   23.848099] Verifying pass ...
[   23.848561] @@@./cp@@@1131
[   23.850595] Verifying pass ...
[   23.851143] @@@./cp@@@1243
[   23.853172] Verifying pass ...
[   23.853629] @@@./cp@@@1147
[   23.856031] Verifying pass ...
[   23.856569] @@@./cp@@@1317
[   23.858626] Verifying pass ...
[   23.859188] @@@./cp@@@1274
[   23.861210] Verifying pass ...
[   23.861672] @@@./cp@@@1152
[   23.863642] Verifying pass ...
[   23.864172] @@@./cp@@@1179
[   23.866402] Verifying pass ...
[   23.867112] @@@./cp@@@1595
[   23.869702] Verifying pass ...
[   23.870225] @@@./cp@@@1224
[   23.872307] Verifying pass ...
[   23.872780] @@@./cp@@@1191
[   23.874833] Verifying pass ...
[   23.875355] @@@./cp@@@1136
[   23.877349] Verifying pass ...
[   23.877855] @@@./cp@@@1174
[   23.879910] Verifying pass ...
[   23.880453] @@@./cp@@@1160
[   23.882489] Verifying pass ...
[   23.882964] @@@./cp@@@1193
[   23.885320] Verifying pass ...
[   23.885963] @@@./cp@@@1549
[   23.888156] Verifying pass ...
[   23.888636] @@@./cp@@@1187
[   23.891586] Verifying pass ...
[   23.892271] @@@./cp@@@1870
[   23.894452] Verifying pass ...
[   23.894921] @@@./cp@@@1218
[   23.896927] Verifying pass ...
[   23.897467] @@@./cp@@@1155
[   23.899500] Verifying pass ...
[   23.899963] @@@./cp@@@1125
[   23.902070] Verifying pass ...
[   23.902591] @@@./cp@@@1174
[   23.904580] Verifying pass ...
[   23.905089] @@@./cp@@@1180
[   23.907139] Verifying pass ...
[   23.907596] @@@./cp@@@1125
[   23.909650] Verifying pass ...
[   23.910230] @@@./cp@@@1273
[   23.912254] Verifying pass ...
