WARNING: Image format was not specified for '/home/mrdrivingduck/Desktop/image/stretch.img' and probing guessed raw.
         Automatically detecting the format is dangerous for raw images, write operations on block 0 will be restricted.
         Specify the 'raw' format explicitly to remove the restrictions.
qemu-system-x86_64: warning: host doesn't support requested feature: CPUID.80000001H:ECX.svm [bit 2]
qemu-system-x86_64: warning: host doesn't support requested feature: CPUID.80000001H:ECX.svm [bit 2]
early console in setup code
early console in extract_kernel
input_data: 0x00000000025d9276
input_len: 0x0000000000794d41
output: 0x0000000001000000
output_len: 0x0000000001d401e0
kernel_total_size: 0x000000000196f000
booted via startup_32()
Physical KASLR using RDTSC...
Virtual KASLR using RDTSC...

Decompressing Linux... Parsing ELF... Performing relocations... done.
Booting the kernel.
[    0.000000] Linux version 4.15.0+ (mrdrivingduck@zjt-ubuntu) (gcc version 7.5.0 (Ubuntu 7.5.0-3ubuntu1~18.04)) #9 SMP Mon May 11 22:10:48 CST 2020
[    0.000000] Command line: console=ttyS0 root=/dev/sda debug earlyprintk=serial slub_debug=QUZ
[    0.000000] x86/fpu: x87 FPU will use FXSAVE
[    0.000000] e820: BIOS-provided physical RAM map:
[    0.000000] BIOS-e820: [mem 0x0000000000000000-0x000000000009fbff] usable
[    0.000000] BIOS-e820: [mem 0x000000000009fc00-0x000000000009ffff] reserved
[    0.000000] BIOS-e820: [mem 0x00000000000f0000-0x00000000000fffff] reserved
[    0.000000] BIOS-e820: [mem 0x0000000000100000-0x000000007ffdffff] usable
[    0.000000] BIOS-e820: [mem 0x000000007ffe0000-0x000000007fffffff] reserved
[    0.000000] BIOS-e820: [mem 0x00000000feffc000-0x00000000feffffff] reserved
[    0.000000] BIOS-e820: [mem 0x00000000fffc0000-0x00000000ffffffff] reserved
[    0.000000] bootconsole [earlyser0] enabled
[    0.000000] NX (Execute Disable) protection: active
[    0.000000] random: fast init done
[    0.000000] SMBIOS 2.8 present.
[    0.000000] DMI: QEMU Standard PC (i440FX + PIIX, 1996), BIOS 1.10.2-1ubuntu1 04/01/2014
[    0.000000] Hypervisor detected: KVM
[    0.000000] e820: update [mem 0x00000000-0x00000fff] usable ==> reserved
[    0.000000] e820: remove [mem 0x000a0000-0x000fffff] usable
[    0.000000] e820: last_pfn = 0x7ffe0 max_arch_pfn = 0x400000000
[    0.000000] MTRR default type: write-back
[    0.000000] MTRR fixed ranges enabled:
[    0.000000]   00000-9FFFF write-back
[    0.000000]   A0000-BFFFF uncachable
[    0.000000]   C0000-FFFFF write-protect
[    0.000000] MTRR variable ranges enabled:
[    0.000000]   0 base 0080000000 mask FF80000000 uncachable
[    0.000000]   1 disabled
[    0.000000]   2 disabled
[    0.000000]   3 disabled
[    0.000000]   4 disabled
[    0.000000]   5 disabled
[    0.000000]   6 disabled
[    0.000000]   7 disabled
[    0.000000] x86/PAT: PAT not supported by CPU.
[    0.000000] x86/PAT: Configuration [0-7]: WB  WT  UC- UC  WB  WT  UC- UC  
Memory KASLR using RDTSC...
[    0.000000] found SMP MP-table at [mem 0x000f6a80-0x000f6a8f] mapped at [        (ptrval)]
[    0.000000] Scanning 1 areas for low memory corruption
[    0.000000] Base memory trampoline at [        (ptrval)] 99000 size 24576
[    0.000000] BRK [0x70f44000, 0x70f44fff] PGTABLE
[    0.000000] BRK [0x70f45000, 0x70f45fff] PGTABLE
[    0.000000] BRK [0x70f46000, 0x70f46fff] PGTABLE
[    0.000000] BRK [0x70f47000, 0x70f47fff] PGTABLE
[    0.000000] BRK [0x70f48000, 0x70f48fff] PGTABLE
[    0.000000] BRK [0x70f49000, 0x70f49fff] PGTABLE
[    0.000000] ACPI: Early table checksum verification disabled
[    0.000000] ACPI: RSDP 0x00000000000F6860 000014 (v00 BOCHS )
[    0.000000] ACPI: RSDT 0x000000007FFE1656 000030 (v01 BOCHS  BXPCRSDT 00000001 BXPC 00000001)
[    0.000000] ACPI: FACP 0x000000007FFE14AA 000074 (v01 BOCHS  BXPCFACP 00000001 BXPC 00000001)
[    0.000000] ACPI: DSDT 0x000000007FFE0040 00146A (v01 BOCHS  BXPCDSDT 00000001 BXPC 00000001)
[    0.000000] ACPI: FACS 0x000000007FFE0000 000040
[    0.000000] ACPI: APIC 0x000000007FFE159E 000080 (v01 BOCHS  BXPCAPIC 00000001 BXPC 00000001)
[    0.000000] ACPI: HPET 0x000000007FFE161E 000038 (v01 BOCHS  BXPCHPET 00000001 BXPC 00000001)
[    0.000000] ACPI: Local APIC address 0xfee00000
[    0.000000] No NUMA configuration found
[    0.000000] Faking a node at [mem 0x0000000000000000-0x000000007ffdffff]
[    0.000000] NODE_DATA(0) allocated [mem 0x7ffdc000-0x7ffdffff]
[    0.000000] kvm-clock: cpu 0, msr 0:7ffda001, primary cpu clock
[    0.000000] kvm-clock: Using msrs 4b564d01 and 4b564d00
[    0.000000] kvm-clock: using sched offset of 244648989 cycles
[    0.000000] clocksource: kvm-clock: mask: 0xffffffffffffffff max_cycles: 0x1cd42e4dffb, max_idle_ns: 881590591483 ns
[    0.000000] Zone ranges:
[    0.000000]   DMA      [mem 0x0000000000001000-0x0000000000ffffff]
[    0.000000]   DMA32    [mem 0x0000000001000000-0x000000007ffdffff]
[    0.000000]   Normal   empty
[    0.000000] Movable zone start for each node
[    0.000000] Early memory node ranges
[    0.000000]   node   0: [mem 0x0000000000001000-0x000000000009efff]
[    0.000000]   node   0: [mem 0x0000000000100000-0x000000007ffdffff]
[    0.000000] Initmem setup node 0 [mem 0x0000000000001000-0x000000007ffdffff]
[    0.000000] On node 0 totalpages: 524158
[    0.000000]   DMA zone: 64 pages used for memmap
[    0.000000]   DMA zone: 21 pages reserved
[    0.000000]   DMA zone: 3998 pages, LIFO batch:0
[    0.000000]   DMA32 zone: 8128 pages used for memmap
[    0.000000]   DMA32 zone: 520160 pages, LIFO batch:31
[    0.000000] Reserved but unavailable: 98 pages
[    0.000000] ACPI: PM-Timer IO Port: 0x608
[    0.000000] ACPI: Local APIC address 0xfee00000
[    0.000000] ACPI: LAPIC_NMI (acpi_id[0xff] dfl dfl lint[0x1])
[    0.000000] IOAPIC[0]: apic_id 0, version 17, address 0xfec00000, GSI 0-23
[    0.000000] ACPI: INT_SRC_OVR (bus 0 bus_irq 0 global_irq 2 dfl dfl)
[    0.000000] ACPI: INT_SRC_OVR (bus 0 bus_irq 5 global_irq 5 high level)
[    0.000000] ACPI: INT_SRC_OVR (bus 0 bus_irq 9 global_irq 9 high level)
[    0.000000] ACPI: INT_SRC_OVR (bus 0 bus_irq 10 global_irq 10 high level)
[    0.000000] ACPI: INT_SRC_OVR (bus 0 bus_irq 11 global_irq 11 high level)
[    0.000000] ACPI: IRQ0 used by override.
[    0.000000] ACPI: IRQ5 used by override.
[    0.000000] ACPI: IRQ9 used by override.
[    0.000000] ACPI: IRQ10 used by override.
[    0.000000] ACPI: IRQ11 used by override.
[    0.000000] Using ACPI (MADT) for SMP configuration information
[    0.000000] ACPI: HPET id: 0x8086a201 base: 0xfed00000
[    0.000000] smpboot: Allowing 2 CPUs, 0 hotplug CPUs
[    0.000000] PM: Registered nosave memory: [mem 0x00000000-0x00000fff]
[    0.000000] PM: Registered nosave memory: [mem 0x0009f000-0x0009ffff]
[    0.000000] PM: Registered nosave memory: [mem 0x000a0000-0x000effff]
[    0.000000] PM: Registered nosave memory: [mem 0x000f0000-0x000fffff]
[    0.000000] e820: [mem 0x80000000-0xfeffbfff] available for PCI devices
[    0.000000] Booting paravirtualized kernel on KVM
[    0.000000] clocksource: refined-jiffies: mask: 0xffffffff max_cycles: 0xffffffff, max_idle_ns: 1910969940391419 ns
[    0.000000] setup_percpu: NR_CPUS:64 nr_cpumask_bits:64 nr_cpu_ids:2 nr_node_ids:1
[    0.000000] percpu: Embedded 43 pages/cpu @        (ptrval) s137624 r8192 d30312 u1048576
[    0.000000] pcpu-alloc: s137624 r8192 d30312 u1048576 alloc=1*2097152
[    0.000000] pcpu-alloc: [0] 0 1 
[    0.000000] KVM setup async PF for cpu 0
[    0.000000] kvm-stealtime: cpu 0, msr 7fc152c0
[    0.000000] Built 1 zonelists, mobility grouping on.  Total pages: 515945
[    0.000000] Policy zone: DMA32
[    0.000000] Kernel command line: console=ttyS0 root=/dev/sda debug earlyprintk=serial slub_debug=QUZ
[    0.000000] slub_debug option 'Q' unknown. skipped
[    0.000000] Calgary: detecting Calgary via BIOS EBDA area
[    0.000000] Calgary: Unable to locate Rio Grande table in EBDA - bailing!
[    0.000000] Memory: 2037436K/2096632K available (12300K kernel code, 1285K rwdata, 2960K rodata, 1276K init, 676K bss, 59196K reserved, 0K cma-reserved)
[    0.000000] SLUB: HWalign=64, Order=0-3, MinObjects=0, CPUs=2, Nodes=1
[    0.000000] Kernel/User page tables isolation: enabled
[    0.001000] Hierarchical RCU implementation.
[    0.001000] 	RCU event tracing is enabled.
[    0.001000] 	RCU restricting CPUs from NR_CPUS=64 to nr_cpu_ids=2.
[    0.001000] RCU: Adjusting geometry for rcu_fanout_leaf=16, nr_cpu_ids=2
[    0.001000] NR_IRQS: 4352, nr_irqs: 440, preallocated irqs: 16
[    0.001000] Console: colour VGA+ 80x25
[    0.001000] console [ttyS0] enabled
[    0.001000] console [ttyS0] enabled
[    0.001000] bootconsole [earlyser0] disabled
[    0.001000] bootconsole [earlyser0] disabled
[    0.001000] ACPI: Core revision 20170831
[    0.001000] ACPI: 1 ACPI AML tables successfully acquired and loaded
[    0.001000] clocksource: hpet: mask: 0xffffffff max_cycles: 0xffffffff, max_idle_ns: 19112604467 ns
[    0.001000] hpet clockevent registered
[    0.001010] APIC: Switch to symmetric I/O mode setup
[    0.003202] ..TIMER: vector=0x30 apic1=0 pin1=2 apic2=-1 pin2=-1
[    0.003935] tsc: Detected 2807.998 MHz processor
[    0.004010] Calibrating delay loop (skipped) preset value.. 5615.99 BogoMIPS (lpj=2807998)
[    0.005001] pid_max: default: 32768 minimum: 301
[    0.006036] Security Framework initialized
[    0.006542] SELinux:  Initializing.
[    0.007022] SELinux:  Starting in permissive mode
[    0.008083] Dentry cache hash table entries: 262144 (order: 9, 2097152 bytes)
[    0.009220] Inode-cache hash table entries: 131072 (order: 8, 1048576 bytes)
[    0.010040] Mount-cache hash table entries: 4096 (order: 3, 32768 bytes)
[    0.011007] Mountpoint-cache hash table entries: 4096 (order: 3, 32768 bytes)
[    0.012315] CPU: Physical Processor ID: 0
[    0.013034] mce: CPU supports 10 MCE banks
[    0.013544] Last level iTLB entries: 4KB 0, 2MB 0, 4MB 0
[    0.014001] Last level dTLB entries: 4KB 0, 2MB 0, 4MB 0, 1GB 0
[    0.014619] Spectre V2 mitigation: Mitigation: Full generic retpoline
[    0.015158] Freeing SMP alternatives memory: 40K
[    0.018000] smpboot: CPU0: Intel QEMU Virtual CPU version 2.5+ (family: 0x6, model: 0x6, stepping: 0x3)
[    0.018103] Performance Events: PMU not available due to virtualization, using software events only.
[    0.019035] Hierarchical SRCU implementation.
[    0.020117] smp: Bringing up secondary CPUs ...
[    0.020797] x86: Booting SMP configuration:
[    0.021001] .... node  #0, CPUs:      #1
[    0.001000] kvm-clock: cpu 1, msr 0:7ffda041, secondary cpu clock
[    0.023016] KVM setup async PF for cpu 1
[    0.023479] kvm-stealtime: cpu 1, msr 7fd152c0
[    0.024004] smp: Brought up 1 node, 2 CPUs
[    0.025004] smpboot: Max logical packages: 2
[    0.026002] smpboot: Total of 2 processors activated (11231.99 BogoMIPS)
[    0.027276] devtmpfs: initialized
[    0.028322] kworker/u4:0 (20) used greatest stack depth: 14392 bytes left
[    0.028322] clocksource: jiffies: mask: 0xffffffff max_cycles: 0xffffffff, max_idle_ns: 1911260446275000 ns
[    0.028322] futex hash table entries: 512 (order: 3, 32768 bytes)
[    0.028458] RTC time: 12:38:24, date: 05/12/20
[    0.029559] NET: Registered protocol family 16
[    0.029772] audit: initializing netlink subsys (disabled)
[    0.033438] audit: type=2000 audit(1589287104.868:1): state=initialized audit_enabled=0 res=1
[    0.034009] cpuidle: using governor menu
[    0.034588] ACPI: bus type PCI registered
[    0.035164] PCI: Using configuration type 1 for base access
[    0.040831] kworker/u4:0 (115) used greatest stack depth: 14280 bytes left
[    0.049647] HugeTLB registered 2.00 MiB page size, pre-allocated 0 pages
[    0.050137] ACPI: Added _OSI(Module Device)
[    0.051002] ACPI: Added _OSI(Processor Device)
[    0.051468] ACPI: Added _OSI(3.0 _SCP Extensions)
[    0.052001] ACPI: Added _OSI(Processor Aggregator Device)
[    0.056186] ACPI: Interpreter enabled
[    0.056790] ACPI: (supports S0 S3 S4 S5)
[    0.057004] ACPI: Using IOAPIC for interrupt routing
[    0.058103] PCI: Using host bridge windows from ACPI; if necessary, use "pci=nocrs" and report a bug
[    0.060756] ACPI: Enabled 2 GPEs in block 00 to 0F
[    0.074455] ACPI: PCI Root Bridge [PCI0] (domain 0000 [bus 00-ff])
[    0.075009] acpi PNP0A03:00: _OSC: OS supports [ASPM ClockPM Segments MSI]
[    0.075732] acpi PNP0A03:00: _OSC failed (AE_NOT_FOUND); disabling ASPM
[    0.076034] acpi PNP0A03:00: fail to add MMCONFIG information, can't access extended PCI configuration space under this bridge.
[    0.077137] PCI host bridge to bus 0000:00
[    0.077628] pci_bus 0000:00: root bus resource [io  0x0000-0x0cf7 window]
[    0.078004] pci_bus 0000:00: root bus resource [io  0x0d00-0xffff window]
[    0.079003] pci_bus 0000:00: root bus resource [mem 0x000a0000-0x000bffff window]
[    0.079767] pci_bus 0000:00: root bus resource [mem 0x80000000-0xfebfffff window]
[    0.080002] pci_bus 0000:00: root bus resource [mem 0x100000000-0x17fffffff window]
[    0.081003] pci_bus 0000:00: root bus resource [bus 00-ff]
[    0.082037] pci 0000:00:00.0: [8086:1237] type 00 class 0x060000
[    0.083345] pci 0000:00:01.0: [8086:7000] type 00 class 0x060100
[    0.084697] pci 0000:00:01.1: [8086:7010] type 00 class 0x010180
[    0.087263] pci 0000:00:01.1: reg 0x20: [io  0xc040-0xc04f]
[    0.089394] pci 0000:00:01.1: legacy IDE quirk: reg 0x10: [io  0x01f0-0x01f7]
[    0.090002] pci 0000:00:01.1: legacy IDE quirk: reg 0x14: [io  0x03f6]
[    0.091003] pci 0000:00:01.1: legacy IDE quirk: reg 0x18: [io  0x0170-0x0177]
[    0.092002] pci 0000:00:01.1: legacy IDE quirk: reg 0x1c: [io  0x0376]
[    0.093376] pci 0000:00:01.3: [8086:7113] type 00 class 0x068000
[    0.094528] pci 0000:00:01.3: quirk: [io  0x0600-0x063f] claimed by PIIX4 ACPI
[    0.095008] pci 0000:00:01.3: quirk: [io  0x0700-0x070f] claimed by PIIX4 SMB
[    0.096441] pci 0000:00:02.0: [1234:1111] type 00 class 0x030000
[    0.098018] pci 0000:00:02.0: reg 0x10: [mem 0xfd000000-0xfdffffff pref]
[    0.100019] pci 0000:00:02.0: reg 0x18: [mem 0xfebb0000-0xfebb0fff]
[    0.104018] pci 0000:00:02.0: reg 0x30: [mem 0xfeba0000-0xfebaffff pref]
[    0.105558] pci 0000:00:03.0: [8086:100e] type 00 class 0x020000
[    0.106474] pci 0000:00:03.0: reg 0x10: [mem 0xfeb80000-0xfeb9ffff]
[    0.108002] pci 0000:00:03.0: reg 0x14: [io  0xc000-0xc03f]
[    0.110758] pci 0000:00:03.0: reg 0x30: [mem 0xfeb00000-0xfeb7ffff pref]
[    0.113840] ACPI: PCI Interrupt Link [LNKA] (IRQs 5 *10 11)
[    0.114376] ACPI: PCI Interrupt Link [LNKB] (IRQs 5 *10 11)
[    0.116516] ACPI: PCI Interrupt Link [LNKC] (IRQs 5 10 *11)
[    0.117610] ACPI: PCI Interrupt Link [LNKD] (IRQs 5 10 *11)
[    0.119158] ACPI: PCI Interrupt Link [LNKS] (IRQs *9)
[    0.121111] pci 0000:00:02.0: vgaarb: setting as boot VGA device
[    0.121800] pci 0000:00:02.0: vgaarb: VGA device added: decodes=io+mem,owns=io+mem,locks=none
[    0.122002] pci 0000:00:02.0: vgaarb: bridge control possible
[    0.123004] vgaarb: loaded
[    0.124112] SCSI subsystem initialized
[    0.124549] libata version 3.00 loaded.
[    0.125130] ACPI: bus type USB registered
[    0.125651] usbcore: registered new interface driver usbfs
[    0.126044] usbcore: registered new interface driver hub
[    0.126631] usbcore: registered new device driver usb
[    0.127089] pps_core: LinuxPPS API ver. 1 registered
[    0.128001] pps_core: Software ver. 5.3.6 - Copyright 2005-2007 Rodolfo Giometti <giometti@linux.it>
[    0.128954] PTP clock support registered
[    0.129147] EDAC MC: Ver: 3.0.0
[    0.130191] Advanced Linux Sound Architecture Driver Initialized.
[    0.130890] PCI: Using ACPI for IRQ routing
[    0.131005] PCI: pci_cache_line_size set to 64 bytes
[    0.131595] e820: reserve RAM buffer [mem 0x0009fc00-0x0009ffff]
[    0.132011] e820: reserve RAM buffer [mem 0x7ffe0000-0x7fffffff]
[    0.133327] NetLabel: Initializing
[    0.133712] NetLabel:  domain hash size = 128
[    0.134001] NetLabel:  protocols = UNLABELED CIPSOv4 CALIPSO
[    0.134643] NetLabel:  unlabeled traffic allowed by default
[    0.135082] HPET: 3 timers in total, 0 timers will be used for per-cpu timer
[    0.136032] hpet0: at MMIO 0xfed00000, IRQs 2, 8, 0
[    0.137023] hpet0: 3 comparators, 64-bit 100.000000 MHz counter
[    0.141028] clocksource: Switched to clocksource kvm-clock
[    0.172791] VFS: Disk quotas dquot_6.6.0
[    0.173422] VFS: Dquot-cache hash table entries: 512 (order 0, 4096 bytes)
[    0.174281] pnp: PnP ACPI init
[    0.174798] pnp 00:00: Plug and Play ACPI device, IDs PNP0b00 (active)
[    0.175599] pnp 00:01: Plug and Play ACPI device, IDs PNP0303 (active)
[    0.176561] pnp 00:02: Plug and Play ACPI device, IDs PNP0f13 (active)
[    0.177487] pnp 00:03: [dma 2]
[    0.177985] pnp 00:03: Plug and Play ACPI device, IDs PNP0700 (active)
[    0.179195] pnp 00:04: Plug and Play ACPI device, IDs PNP0400 (active)
[    0.180222] pnp 00:05: Plug and Play ACPI device, IDs PNP0501 (active)
[    0.181847] pnp: PnP ACPI: found 6 devices
[    0.192106] clocksource: acpi_pm: mask: 0xffffff max_cycles: 0xffffff, max_idle_ns: 2085701024 ns
[    0.193233] pci_bus 0000:00: resource 4 [io  0x0000-0x0cf7 window]
[    0.193883] pci_bus 0000:00: resource 5 [io  0x0d00-0xffff window]
[    0.194579] pci_bus 0000:00: resource 6 [mem 0x000a0000-0x000bffff window]
[    0.195291] pci_bus 0000:00: resource 7 [mem 0x80000000-0xfebfffff window]
[    0.196154] pci_bus 0000:00: resource 8 [mem 0x100000000-0x17fffffff window]
[    0.197140] NET: Registered protocol family 2
[    0.197991] TCP established hash table entries: 16384 (order: 5, 131072 bytes)
[    0.198964] TCP bind hash table entries: 16384 (order: 6, 262144 bytes)
[    0.199846] TCP: Hash tables configured (established 16384 bind 16384)
[    0.200577] UDP hash table entries: 1024 (order: 3, 32768 bytes)
[    0.201223] UDP-Lite hash table entries: 1024 (order: 3, 32768 bytes)
[    0.201975] NET: Registered protocol family 1
[    0.202732] RPC: Registered named UNIX socket transport module.
[    0.203390] RPC: Registered udp transport module.
[    0.203881] RPC: Registered tcp transport module.
[    0.204380] RPC: Registered tcp NFSv4.1 backchannel transport module.
[    0.205340] pci 0000:00:00.0: Limiting direct PCI/PCI transfers
[    0.206054] pci 0000:00:01.0: PIIX3: Enabling Passive Release
[    0.206750] pci 0000:00:01.0: Activating ISA DMA hang workarounds
[    0.207621] pci 0000:00:02.0: Video device with shadowed ROM at [mem 0x000c0000-0x000dffff]
[    0.208774] PCI: CLS 0 bytes, default 64
[    0.210112] Scanning for low memory corruption every 60 seconds
[    0.211748] Initialise system trusted keyrings
[    0.212318] workingset: timestamp_bits=56 max_order=19 bucket_order=0
[    0.221597] NFS: Registering the id_resolver key type
[    0.222481] Key type id_resolver registered
[    0.222998] Key type id_legacy registered
[    0.223667] 9p: Installing v9fs 9p2000 file system support
[    0.224567] SELinux:  Registering netfilter hooks
[    0.227682] Key type asymmetric registered
[    0.228155] Asymmetric key parser 'x509' registered
[    0.228780] Block layer SCSI generic (bsg) driver version 0.4 loaded (major 250)
[    0.229600] io scheduler noop registered
[    0.230102] io scheduler deadline registered
[    0.230671] io scheduler cfq registered (default)
[    0.231189] io scheduler mq-deadline registered
[    0.231681] io scheduler kyber registered
[    0.232860] input: Power Button as /devices/LNXSYSTM:00/LNXPWRBN:00/input/input0
[    0.233694] ACPI: Power Button [PWRF]
[    0.234715] Serial: 8250/16550 driver, 4 ports, IRQ sharing enabled
[    0.258448] 00:05: ttyS0 at I/O 0x3f8 (irq = 4, base_baud = 115200) is a 16550A
[    0.260412] Non-volatile memory driver v1.3
[    0.261066] Linux agpgart interface v0.103
[    0.266444] loop: module loaded
[    0.267439] ata_piix 0000:00:01.1: version 2.13
[    0.269586] scsi host0: ata_piix
[    0.270629] scsi host1: ata_piix
[    0.271246] ata1: PATA max MWDMA2 cmd 0x1f0 ctl 0x3f6 bmdma 0xc040 irq 14
[    0.272266] ata2: PATA max MWDMA2 cmd 0x170 ctl 0x376 bmdma 0xc048 irq 15
[    0.273168] e100: Intel(R) PRO/100 Network Driver, 3.5.24-k2-NAPI
[    0.273912] e100: Copyright(c) 1999-2006 Intel Corporation
[    0.274631] e1000: Intel(R) PRO/1000 Network Driver - version 7.3.21-k8-NAPI
[    0.275494] e1000: Copyright (c) 1999-2006 Intel Corporation.
[    0.432709] ata2.01: NODEV after polling detection
[    0.433642] ata1.01: NODEV after polling detection
[    0.434563] ata2.00: ATAPI: QEMU DVD-ROM, 2.5+, max UDMA/100
[    0.435470] ata1.00: ATA-7: QEMU HARDDISK, 2.5+, max UDMA/100
[    0.436118] ata1.00: 4194304 sectors, multi 16: LBA48 
[    0.437108] ata2.00: configured for MWDMA2
[    0.438045] ata1.00: configured for MWDMA2
[    0.438770] scsi 0:0:0:0: Direct-Access     ATA      QEMU HARDDISK    2.5+ PQ: 0 ANSI: 5
[    0.440236] sd 0:0:0:0: [sda] 4194304 512-byte logical blocks: (2.15 GB/2.00 GiB)
[    0.441181] sd 0:0:0:0: [sda] Write Protect is off
[    0.441713] sd 0:0:0:0: [sda] Mode Sense: 00 3a 00 00
[    0.442427] sd 0:0:0:0: Attached scsi generic sg0 type 0
[    0.443263] sd 0:0:0:0: [sda] Write cache: enabled, read cache: enabled, doesn't support DPO or FUA
[    0.444563] scsi 1:0:0:0: CD-ROM            QEMU     QEMU DVD-ROM     2.5+ PQ: 0 ANSI: 5
[    0.447304] sd 0:0:0:0: [sda] Attached SCSI disk
[    0.457520] sr 1:0:0:0: [sr0] scsi3-mmc drive: 4x/4x cd/rw xa/form2 tray
[    0.458533] cdrom: Uniform CD-ROM driver Revision: 3.20
[    0.459447] sr 1:0:0:0: Attached scsi CD-ROM sr0
[    0.460254] sr 1:0:0:0: Attached scsi generic sg1 type 5
[    0.525209] ACPI: PCI Interrupt Link [LNKC] enabled at IRQ 11
[    0.838097] e1000 0000:00:03.0 eth0: (PCI:33MHz:32-bit) 52:54:00:12:34:56
[    0.839190] e1000 0000:00:03.0 eth0: Intel(R) PRO/1000 Network Connection
[    0.840150] e1000e: Intel(R) PRO/1000 Network Driver - 3.2.6-k
[    0.840858] e1000e: Copyright(c) 1999 - 2015 Intel Corporation.
[    0.841635] sky2: driver version 1.30
[    0.842384] ehci_hcd: USB 2.0 'Enhanced' Host Controller (EHCI) Driver
[    0.843258] ehci-pci: EHCI PCI platform driver
[    0.843779] ohci_hcd: USB 1.1 'Open' Host Controller (OHCI) Driver
[    0.844502] ohci-pci: OHCI PCI platform driver
[    0.845026] uhci_hcd: USB Universal Host Controller Interface driver
[    0.845949] usbcore: registered new interface driver usblp
[    0.846635] usbcore: registered new interface driver usb-storage
[    0.847466] i8042: PNP: PS/2 Controller [PNP0303:KBD,PNP0f13:MOU] at 0x60,0x64 irq 1,12
[    0.849155] serio: i8042 KBD port at 0x60,0x64 irq 1
[    0.849755] serio: i8042 AUX port at 0x60,0x64 irq 12
[    0.850894] rtc_cmos 00:00: RTC can wake from S4
[    0.851949] input: AT Translated Set 2 keyboard as /devices/platform/i8042/serio0/input/input1
[    0.853141] rtc_cmos 00:00: rtc core: registered rtc_cmos as rtc0
[    0.853378] rtc_cmos 00:00: alarms up to one day, y3k, 114 bytes nvram, hpet irqs
[    0.854146] device-mapper: ioctl: 4.37.0-ioctl (2017-09-20) initialised: dm-devel@redhat.com
[    0.854212] hidraw: raw HID events driver (C) Jiri Kosina
[    0.854894] usbcore: registered new interface driver usbhid
[    0.854895] usbhid: USB HID core driver
[    0.855304] Netfilter messages via NETLINK v0.30.
[    0.855397] nf_conntrack version 0.5.0 (16384 buckets, 65536 max)
[    0.855516] ctnetlink v0.93: registering with nfnetlink.
[    0.855584] ip_tables: (C) 2000-2006 Netfilter Core Team
[    0.860999] Initializing XFRM netlink socket
[    0.862024] NET: Registered protocol family 10
[    0.863669] Segment Routing with IPv6
[    0.864155] ip6_tables: (C) 2000-2006 Netfilter Core Team
[    0.865409] sit: IPv6, IPv4 and MPLS over IPv4 tunneling driver
[    0.866377] NET: Registered protocol family 17
[    0.866913] 9pnet: Installing 9P2000 support
[    0.867485] Key type dns_resolver registered
[    0.868338] sched_clock: Marking stable (868199194, 0)->(1149867187, -281667993)
[    0.869739] registered taskstats version 1
[    0.870228] Loading compiled-in X.509 certificates
[    0.871258] Loaded X.509 cert 'WatchDog: ELF verification: 7e0e1ac946e5350460497ba611a475534c9c3ec4'
[    0.872506]   Magic number: 4:747:632
[    0.872944] console [netcon0] enabled
[    0.873375] netconsole: network logging started
[    0.874095] cfg80211: Loading compiled-in X.509 certificates for regulatory database
[    0.875258] cfg80211: Loaded X.509 cert 'sforshee: 00b28ddf47aef9cea7'
[    0.875956] ALSA device list:
[    0.876305]   No soundcards found.
[    0.877003] platform regulatory.0: Direct firmware load for regulatory.db failed with error -2
[    0.877929] cfg80211: failed to load regulatory.db
[    1.248650] tsc: Refined TSC clocksource calibration: 2811.590 MHz
[    1.251282] clocksource: tsc: mask: 0xffffffffffffffff max_cycles: 0x2887059f7ed, max_idle_ns: 440795341207 ns
[    1.483815] input: ImExPS/2 Generic Explorer Mouse as /devices/platform/i8042/serio1/input/input3
[    1.488412] md: Waiting for all devices to be available before autodetect
[    1.491414] md: If you don't use raid, use raid=noautodetect
[    1.493840] md: Autodetecting RAID arrays.
[    1.494364] md: autorun ...
[    1.494704] md: ... autorun DONE.
[    1.495599] EXT4-fs (sda): couldn't mount as ext3 due to feature incompatibilities
[    1.496854] EXT4-fs (sda): couldn't mount as ext2 due to feature incompatibilities
[    1.511655] EXT4-fs (sda): mounted filesystem with ordered data mode. Opts: (null)
[    1.515201] VFS: Mounted root (ext4 filesystem) readonly on device 8:0.
[    1.521261] devtmpfs: mounted
[    1.526672] Freeing unused kernel memory: 1276K
[    1.528708] Write protecting the kernel read-only data: 18432k
[    1.535132] Freeing unused kernel memory: 2008K
[    1.540705] Freeing unused kernel memory: 1136K
[    1.560740] @@@/sbin/init@@@18835805
[    1.677982] SELinux: 32768 avtab hash slots, 100670 rules.
[    1.798451] SELinux: 32768 avtab hash slots, 100670 rules.
[    1.863269] SELinux:  6 users, 14 roles, 4223 types, 238 bools, 1 sens, 1024 cats
[    1.864390] SELinux:  95 classes, 100670 rules
[    1.884808] SELinux:  Permission getrlimit in class process not defined in policy.
[    1.885820] SELinux:  Class process2 not defined in policy.
[    1.886463] SELinux:  Permission map in class file not defined in policy.
[    1.887281] SELinux:  Permission map in class dir not defined in policy.
[    1.888119] SELinux:  Permission map in class lnk_file not defined in policy.
[    1.888892] SELinux:  Permission map in class chr_file not defined in policy.
[    1.889684] SELinux:  Permission map in class blk_file not defined in policy.
[    1.890475] SELinux:  Permission map in class sock_file not defined in policy.
[    1.891330] SELinux:  Permission map in class fifo_file not defined in policy.
[    1.892160] SELinux:  Permission map in class socket not defined in policy.
[    1.892948] SELinux:  Permission map in class tcp_socket not defined in policy.
[    1.893865] SELinux:  Permission map in class udp_socket not defined in policy.
[    1.894793] SELinux:  Permission map in class rawip_socket not defined in policy.
[    1.895662] SELinux:  Permission map in class netlink_socket not defined in policy.
[    1.896716] SELinux:  Permission map in class packet_socket not defined in policy.
[    1.897678] SELinux:  Permission map in class key_socket not defined in policy.
[    1.898585] SELinux:  Permission map in class unix_stream_socket not defined in policy.
[    1.899675] SELinux:  Permission map in class unix_dgram_socket not defined in policy.
[    1.900655] SELinux:  Permission map in class netlink_route_socket not defined in policy.
[    1.901670] SELinux:  Permission map in class netlink_tcpdiag_socket not defined in policy.
[    1.902649] SELinux:  Permission map in class netlink_nflog_socket not defined in policy.
[    1.903712] SELinux:  Permission map in class netlink_xfrm_socket not defined in policy.
[    1.904696] SELinux:  Permission map in class netlink_selinux_socket not defined in policy.
[    1.905593] SELinux:  Permission map in class netlink_iscsi_socket not defined in policy.
[    1.906471] SELinux:  Permission map in class netlink_audit_socket not defined in policy.
[    1.907500] SELinux:  Permission map in class netlink_fib_lookup_socket not defined in policy.
[    1.908612] SELinux:  Permission map in class netlink_connector_socket not defined in policy.
[    1.909756] SELinux:  Permission map in class netlink_netfilter_socket not defined in policy.
[    1.910748] SELinux:  Permission map in class netlink_dnrt_socket not defined in policy.
[    1.911857] SELinux:  Permission map in class netlink_kobject_uevent_socket not defined in policy.
[    1.913006] SELinux:  Permission map in class netlink_generic_socket not defined in policy.
[    1.914098] SELinux:  Permission map in class netlink_scsitransport_socket not defined in policy.
[    1.915292] SELinux:  Permission map in class netlink_rdma_socket not defined in policy.
[    1.916195] SELinux:  Permission map in class netlink_crypto_socket not defined in policy.
[    1.917108] SELinux:  Permission map in class appletalk_socket not defined in policy.
[    1.917975] SELinux:  Permission map in class dccp_socket not defined in policy.
[    1.918832] SELinux:  Permission map in class tun_socket not defined in policy.
[    1.919677] SELinux:  Class sctp_socket not defined in policy.
[    1.920461] SELinux:  Class icmp_socket not defined in policy.
[    1.921142] SELinux:  Class ax25_socket not defined in policy.
[    1.921910] SELinux:  Class ipx_socket not defined in policy.
[    1.922575] SELinux:  Class netrom_socket not defined in policy.
[    1.923273] SELinux:  Class atmpvc_socket not defined in policy.
[    1.924040] SELinux:  Class x25_socket not defined in policy.
[    1.924874] SELinux:  Class rose_socket not defined in policy.
[    1.925548] SELinux:  Class decnet_socket not defined in policy.
[    1.926242] SELinux:  Class atmsvc_socket not defined in policy.
[    1.926935] SELinux:  Class rds_socket not defined in policy.
[    1.927580] SELinux:  Class irda_socket not defined in policy.
[    1.928231] SELinux:  Class pppox_socket not defined in policy.
[    1.928881] SELinux:  Class llc_socket not defined in policy.
[    1.929538] SELinux:  Class can_socket not defined in policy.
[    1.930357] SELinux:  Class tipc_socket not defined in policy.
[    1.931042] SELinux:  Class bluetooth_socket not defined in policy.
[    1.931787] SELinux:  Class iucv_socket not defined in policy.
[    1.932432] SELinux:  Class rxrpc_socket not defined in policy.
[    1.933080] SELinux:  Class isdn_socket not defined in policy.
[    1.933707] SELinux:  Class phonet_socket not defined in policy.
[    1.934353] SELinux:  Class ieee802154_socket not defined in policy.
[    1.935091] SELinux:  Class caif_socket not defined in policy.
[    1.935713] SELinux:  Class alg_socket not defined in policy.
[    1.936344] SELinux:  Class nfc_socket not defined in policy.
[    1.936986] SELinux:  Class vsock_socket not defined in policy.
[    1.937630] SELinux:  Class kcm_socket not defined in policy.
[    1.938276] SELinux:  Class qipcrtr_socket not defined in policy.
[    1.938978] SELinux:  Class smc_socket not defined in policy.
[    1.939712] SELinux:  Class infiniband_pkey not defined in policy.
[    1.940433] SELinux:  Class infiniband_endport not defined in policy.
[    1.941273] SELinux:  Class bpf not defined in policy.
[    1.941957] SELinux: the above unknown classes and permissions will be allowed
[    1.943034] SELinux:  policy capability network_peer_controls=1
[    1.943842] SELinux:  policy capability open_perms=1
[    1.944402] SELinux:  policy capability extended_socket_class=0
[    1.945047] SELinux:  policy capability always_check_network=0
[    1.945653] SELinux:  policy capability cgroup_seclabel=0
[    1.946234] SELinux:  policy capability nnp_nosuid_transition=0
[    1.946907] SELinux:  Completing initialization.
[    1.947555] SELinux:  Setting up existing superblocks.
[    1.968408] audit: type=1403 audit(1589287106.804:2): policy loaded auid=4294967295 ses=4294967295
[    1.979380] systemd[1]: Successfully loaded SELinux policy in 336.572ms.
[    1.989589] audit: type=1400 audit(1589287106.825:3): avc:  denied  { associate } for  pid=1 comm="systemd" name="pts" scontext=system_u:object_r:devpts_t:s0 tcontext=system_u:object_r:device_t:s0 tclass=filesystem permissive=1
[    1.997117] systemd[1]: Relabelled /dev and /run in 5.217ms.
[    2.006637] systemd[1]: Mounting cgroup to /sys/fs/cgroup/freezer of type cgroup with options freezer.
[    2.008382] systemd[1]: Mounting cgroup to /sys/fs/cgroup/cpuset of type cgroup with options cpuset.
[    2.010236] systemd[1]: Mounting cgroup to /sys/fs/cgroup/cpu,cpuacct of type cgroup with options cpu,cpuacct.
[    2.011909] systemd[1]: systemd 232 running in system mode. (+PAM +AUDIT +SELINUX +IMA +APPARMOR +SMACK +SYSVINIT +UTMP +LIBCRYPTSETUP +GCRYPT +GNUTLS +ACL +XZ +LZ4 +SECCOMP +BLKID +ELFUTILS +KMOD +IDN)
[    2.014705] systemd[1]: Virtualization QEMU found in DMI (/sys/class/dmi/id/sys_vendor)
[    2.016147] systemd[1]: Found VM virtualization qemu
[    2.016940] systemd[1]: Detected virtualization qemu.
[    2.017673] systemd[1]: Detected architecture x86-64.

Welcome to [1mDebian GNU/Linux 9 (stretch)[0m!

[    2.020209] systemd[1]: Set hostname to <syzkaller>.
[    2.022802] systemd[1]: Using cgroup controller name=systemd. File system hierarchy is at /sys/fs/cgroup/systemd.
[    2.038404] @@@/lib/systemd/system-generators/systemd-system-update-generator@@@9101179
[    2.039857] @@@/lib/systemd/system-generators/systemd-cryptsetup-generator@@@6459420
[    2.042887] @@@/lib/systemd/system-generators/systemd-sysv-generator@@@12344071
[    2.043105] systemd-cryptse (1130) used greatest stack depth: 13512 bytes left
[    2.044716] @@@/lib/systemd/system-generators/systemd-hibernate-resume-generator@@@14988266
[    2.047545] @@@/lib/systemd/system-generators/systemd-rc-local-generator@@@15130361
[    2.048565] @@@/lib/systemd/system-generators/systemd-gpt-auto-generator@@@18430553
[    2.050526] @@@/lib/systemd/system-generators/systemd-getty-generator@@@18945041
[    2.052578] systemd-gpt-auto-generator[1123]: /dev/sda: parent isn't a raw disk, ignoring.
[    2.054413] systemd-getty-generator[1126]: Automatically adding serial getty for /dev/ttyS0.
[    2.056576] @@@/lib/systemd/system-generators/systemd-fstab-generator@@@23593903
[    2.058164] @@@/lib/systemd/system-generators/systemd-debug-generator@@@27196813
[    2.059526] systemd-fstab-generator[1129]: Parsing /etc/fstab
[    2.060749] systemd-fstab-generator[1129]: Found entry what=/dev/root where=/ type=ext4 nofail=no noauto=no
[    2.062281] systemd-sysv-generator[1124]: Native unit for networking.service already exists, skipping.
[    2.063660] systemd-fstab-generator[1129]: Found entry what=debugfs where=/sys/kernel/debug type=debugfs nofail=no noauto=no
[    2.065336] systemd-sysv-generator[1124]: Native unit for selinux-autorelabel.service already exists, skipping.
[    2.065405] systemd-fstab-generator[1129]: Found entry what=securityfs where=/sys/kernel/security type=securityfs nofail=no noauto=no
[    2.065414] systemd-fstab-generator[1129]: Found entry what=configfs where=/sys/kernel/config type=configfs nofail=no noauto=no
[    2.065495] systemd-fstab-generator[1129]: Found entry what=binfmt_misc where=/proc/sys/fs/binfmt_misc type=binfmt_misc nofail=no noauto=no
[    2.069079] @@@/lib/systemd/system-generators/selinux-autorelabel-generator.sh@@@37110361
[    2.070289] @@@/usr/sbin/selinuxenabled@@@530355
[    2.073870] @@@/bin/grep@@@1198256
[    2.075215] selinux-autorel (1127) used greatest stack depth: 13400 bytes left
[    2.077249] systemd-sysv-generator[1124]: Native unit for ssh.service already exists, skipping.
[    2.078741] systemd-sysv-generator[1124]: Native unit for hwclock.service already exists, skipping.
[    2.080322] systemd-sysv-generator[1124]: Native unit for rsyslog.service already exists, skipping.
[    2.081933] systemd-sysv-generator[1124]: Native unit for procps.service already exists, skipping.
[    2.083502] systemd-sysv-generator[1124]: Native unit for udev.service already exists, skipping.
[    2.085051] systemd-sysv-generator[1124]: Native unit for cron.service already exists, skipping.
[    2.086631] systemd-sysv-generator[1124]: Native unit for kmod.service already exists, skipping.
[    2.088077] systemd-sysv-generator[1124]: Native unit for sudo.service already exists, skipping.
[    2.091607] systemd-sysv-ge: 12 output lines suppressed due to ratelimiting
[[0;32m  OK  [0m] Reached target Swap.
[[0;32m  OK  [0m] Listening on udev Kernel Socket.
[[0;32m  OK  [0m] Started Dispatch Password Requests to Console Directory Watch.
[[0;32m  OK  [0m] Started Forward Password Requests to Wall Directory Watch.
[[0;32m  OK  [0m] Listening on Journal Socket.
[[0;32m  OK  [0m] Reached target Encrypted Volumes.
[[0;32m  OK  [0m] Listening on Journal Socket (/dev/log).
[[0;32m  OK  [0m] Reached target Remote File Systems.
[[0;32m  OK  [0m] Listening on /dev/initctl Compatibility Named Pipe.
[[0;32m  OK  [0m] Listening on Syslog Socket.
[[0;32m  OK  [0m] Created slice System Slice.
         Mounting /sys/kernel/debug...
         Starting Load Kernel Modules...
         Starting Remount Root and Kernel File Systems...
[[0;32m  OK  [0m] Reached target Slices.
         Mounting /sys/kernel/config...
         Starting Create Static Device Nodes in /dev...
         Mounting POSIX Message Queue File System...
[[0;32m  OK  [0m] Listening on udev Control Socket.
[[0;32m  OK  [0m] Reached target Paths.
[    2.175516] @@@/bin/mount@@@11574025
[[0;32m  OK  [0m] Created slice system-serial\x2dgetty.slice.
[[0;32m  OK  [0m] Created slice system-getty.slice.
[    2.177460] audit: type=1400 audit(1589287107.013:4): avc:  denied  { audit_read } for  pid=1 comm="systemd" capability=37  scontext=system_u:system_r:kernel_t:s0 tcontext=system_u:system_r:kernel_t:s0 tclass=capability2 permissive=1
[    2.178914] @@@/bin/systemd-tmpfiles@@@7020518
[    2.180976] @@@/bin/mount@@@10730053
[[0;32m  OK  [0m] Listening on Journal Audit Socket.
[[0;32m  OK  [0m] Reached target Sockets.
[    2.185778] @@@/bin/mount@@@2227407
         Starting Journal Service...
[[0;32m  OK  [0m] Set up automount Arbitrary Executabâ€¦rmats File System Automount Point.
         Mounting /proc/sys/fs/binfmt_misc...
[    2.191645] @@@/lib/systemd/systemd-modules-load@@@25021873
[    2.193558] @@@/bin/mount@@@525025
[    2.195062] @@@/lib/systemd/systemd-remount-fs@@@26337887
[    2.198799] @@@/bin/mount@@@263754
[[0;32m  OK  [0m] Mounted POSIX Message Queue File System.
[    2.201935] @@@/lib/systemd/systemd-cgroups-agent@@@19236568
[    2.201976] @@@/lib/systemd/systemd-cgroups-agent@@@19312556
[    2.204116] @@@/lib/systemd/systemd-cgroups-agent@@@8325734
[    2.205984] @@@/lib/systemd/systemd-cgroups-agent@@@188396
[    2.206757] EXT4-fs (sda): re-mounted. Opts: (null)
[    2.210207] @@@/lib/systemd/systemd-cgroups-agent@@@14381108
[[0;32m  OK  [0m] Mounted /sys/kernel/debug.
[[0;32m  OK  [0m] Mounted /sys/kernel/config.
[[0;32m  OK  [0m] Mounted /proc/sys/fs/binfmt_misc.
[[0;32m  OK  [0m] Started Load Kernel Modules.
[    2.216972] @@@/bin/mount@@@1829950
[[    2.217579] @@@/lib/systemd/systemd-cgroups-agent@@@626615
[0;32m  OK  [0[    2.218200] @@@/lib/systemd/systemd-journald@@@5975121
m] Started Create Static Device Nodes in /dev.
[[0;32m  OK  [0m] Started Remount Root and Kernel File Systems.
[    2.224616] @@@/lib/systemd/systemd-cgroups-agent@@@891243
         Starting udev Coldplug all Devices...
         Starting Load/Save Random Seed...
[[0;32m  OK  [0m] Reached target Local File Systems (Pre).
         Starting udev Kernel Device Manager...
         Starting Apply Kernel Variables...
[[0;32m  OK  [0m] Reached target Local File Systems.
[    2.234153] systemd-journald[1142]: Fixed min_use=1.0M max_use=99.7M max_size=12.4M min_size=512.0K keep_free=149.5M n_max_files=100
[    2.236193] systemd-journald[1142]: Reserving 22691 entries in hash table.
[    2.237363] systemd-journald[1142]: Vacuuming...
[    2.238081] systemd-journald[1142]: Vacuuming done, freed 0B of archived journals from /run/log/journal/97dd69841d644bf7aec332db2f5868bf.
[    2.239551] systemd-journald[1142]: Flushing /dev/kmsg...
[    2.241935] @@@/lib/systemd/systemd-random-seed@@@14057110
[    2.242602] @@@/lib/systemd/systemd-sysctl@@@8379975
[    2.246932] @@@/lib/systemd/systemd-udevd@@@16358783
[    2.248713] @@@/bin/udevadm@@@19985863
[[0;32m  OK  [0m] Started Apply Kernel Variables.
[    2.255207] @@@/lib/systemd/systemd-cgroups-agent@@@942381
[    2.261363] @@@/lib/systemd/systemd-cgroups-agent@@@103483
         Starting Raise network interfaces...
[[0;32m  OK  [0m] Started Load/Save Random Seed.
[    2.270259] @@@/bin/sh@@@5330585
[    2.282947] @@@/sbin/ifquery@@@1327961
[    2.290091] @@@/sbin/udevadm@@@212289
[[0;32m  OK  [0m] Started udev Kernel Device Manager.
[[0;32m  OK  [0m] Started Journal Service.
         Starting Flush Journal to Persistent Storage...
[    2.304212] @@@/lib/systemd/systemd-cgroups-agent@@@88655
[    2.305892] @@@/lib/systemd/systemd-cgroups-agent@@@595073
[    2.306729] @@@/bin/journalctl@@@1866386
[    2.309690] @@@/sbin/ifup@@@2839475
[    2.314558] @@@/bin/sh@@@424149
[    2.315293] audit: type=1107 audit(1589287107.151:5): pid=1 uid=0 auid=4294967295 ses=4294967295 subj=system_u:system_r:kernel_t:s0 msg='avc:  denied  { stop } for auid=n/a uid=0 gid=0 path="/lib/systemd/system/systemd-journald.service" cmdline="/bin/journalctl --flush" scontext=system_u:system_r:kernel_t:s0 tcontext=system_u:object_r:unlabeled_t:s0 tclass=service
[    2.315293]  exe="/lib/systemd/systemd" sauid=0 hostname=? addr=? terminal=?'
[[0;32m  OK  [0m] Started Flush Journal to Persistent Storage.
         Starting Create Volatile Files and Directories...
[    2.335569] @@@/lib/systemd/systemd-cgroups-agent@@@104655
[    2.338495] @@@/bin/run-parts@@@4654784
[    2.345670] @@@/bin/sh@@@151762
[    2.348309] @@@/bin/systemd-tmpfiles@@@413639
[    2.354175] @@@/lib/systemd/systemd-cgroups-agent@@@1358299
[    2.358882] @@@/bin/ip@@@6593364
[    2.362772] @@@/bin/sh@@@131347
[    2.364153] @@@/bin/sh@@@118313
[    2.365198] @@@/bin/run-parts@@@109345
[    2.366214] @@@/bin/udevadm@@@1169531
[    2.376582] @@@/bin/sh@@@1543175
[    2.384406] @@@/bin/run-parts@@@821058
[    2.396222] @@@/etc/network/if-up.d/openssh-server@@@3702213
[    2.403510] @@@/etc/network/if-up.d/upstart@@@975537
[    2.413128] @@@/bin/run-parts@@@566801
[    2.426094] @@@/bin/systemctl@@@3478447
[    2.444412] @@@/bin/readlink@@@1520121
[    2.456367] @@@/bin/sh@@@4199731
[    2.458982] @@@/bin/sh@@@146809
[    2.463604] @@@/bin/run-parts@@@192874
[    2.467528] @@@/lib/systemd/systemd-cgroups-agent@@@302853
[    2.469156] @@@/bin/sh@@@673237
[    2.473327] @@@/bin/sh@@@123591
[    2.476865] @@@/sbin/dhclient@@@1815328
[[0;32m  OK  [0m] Started udev Coldplug all Devices.
[    2.507208] @@@/sbin/dhclient-script@@@1140979
[    2.509220] @@@/bin/run-parts@@@143044
[    2.514215] @@@/sbin/ip@@@162799
[    2.519001] IPv6: ADDRCONF(NETDEV_UP): eth0: link is not ready
[    2.520607] e1000: eth0 NIC Link is Up 1000 Mbps Full Duplex, Flow Control: RX
[    2.521912] IPv6: ADDRCONF(NETDEV_CHANGE): eth0: link becomes ready
[    2.523983] ip (1704) used greatest stack depth: 13176 bytes left
[    2.528330] @@@/bin/run-parts@@@173538
[    2.537301] @@@/sbin/dhclient-script@@@199537
[    2.541244] @@@/bin/run-parts@@@126258
[    2.542923] @@@/sbin/ip@@@183213
[    2.544742] @@@/sbin/ip@@@112968
[    2.546083] @@@/bin/readlink@@@149970
[    2.557385] @@@/bin/rm@@@7322882
[    2.564813] @@@/bin/chown@@@1511620
[    2.568378] @@@/bin/chmod@@@1403323
[    2.570689] @@@/bin/mv@@@1280359
[    2.572866] mv (1714) used greatest stack depth: 12968 bytes left
[    2.575231] @@@/bin/run-parts@@@138251
[    2.584288] @@@/bin/sh@@@147243
[    2.586244] @@@/bin/run-parts@@@139566
[    2.588199] @@@/etc/network/if-up.d/openssh-server@@@137998
[    2.590212] @@@/etc/network/if-up.d/upstart@@@140957
[    2.592370] @@@/bin/run-parts@@@242936
[    2.595416] @@@/bin/systemctl@@@133756
[    2.610336] @@@/bin/readlink@@@150254
[    2.612252] @@@/bin/sh@@@116064
[    2.614208] @@@/bin/run-parts@@@119527
[    2.616241] @@@/etc/network/if-up.d/openssh-server@@@131762
[    2.619371] @@@/etc/network/if-up.d/upstart@@@294433
[    2.621504] @@@/bin/run-parts@@@146902
[    2.624374] @@@/bin/systemctl@@@213359
[    2.636984] @@@/bin/readlink@@@122223
[[0;32m  OK  [0m] Started Raise network interfaces.
[[0;32m  OK  [0m] Reached target Network.
[    2.755029] @@@/lib/systemd/systemd-cgroups-agent@@@115433
[[0;32m  OK  [0m] Started Create Volatile Files and Directories.
         Starting Update UTMP about System Boot/Shutdown...
[    2.782043] @@@/lib/systemd/systemd-update-utmp@@@6554872
         Starting Network Time Synchronization...
[    2.810825] @@@/lib/systemd/systemd-cgroups-agent@@@93299
[[0;32m  OK  [0m] Started Update UTMP about System Boot/Shutdown.
[    2.831462] @@@/lib/systemd/systemd-timesyncd@@@1599896
[[0;32m  OK  [0m] Started Network Time Synchronization.
[[0;32m  OK  [0m] Reached target System Initialization.
[[0;32m  OK  [0m] Started Daily Cleanup of Temporary Directories.
[[0;32m  OK  [0m] Reached target Basic System.
[    2.880710] @@@/bin/systemctl@@@379977
         Starting getty on tty2-tty6 if dbus and logind are not available...
         Starting OpenBSD Secure Shell server...[    2.892376] random: crng init done

[    2.895761] @@@/usr/sbin/sshd@@@6286464
         Starting Permit User Sessions...
[    2.905206] @@@/lib/systemd/systemd-user-sessions@@@2029072
[    2.911465] @@@/lib/systemd/systemd-cgroups-agent@@@154129
[[0;32m  OK  [0m] Started Regular background program processing daemon.
         Starting System Logging Service...
[[0;32m  OK  [0m] Reached target System Time Synchronized.
[    2.945116] @@@/lib/systemd/systemd-cgroups-agent@@@85522
[[0;32m  OK  [0m] Started Daily apt download activities.
[    2.953204] @@@/usr/sbin/cron@@@29333188
[    2.955062] @@@/usr/sbin/rsyslogd@@@15149650
[[0;32m  OK  [0m] Started Daily apt upgrade and clean activities.
[[0;32m  OK  [0m] Reached target Timers.
[[0;32m  OK  [0m] Started System Logging Service.
[    2.997996] @@@/lib/systemd/systemd-cgroups-agent@@@92557
[    3.014872] @@@/usr/sbin/sshd@@@414286
[[0;32m  OK  [0m] Started Permit User Sessions.
[[0;32m  OK  [0m] Started OpenBSD Secure Shell server.
[    3.083387] audit: type=1107 audit(1589287107.919:6): pid=1 uid=0 auid=4294967295 ses=4294967295 subj=system_u:system_r:kernel_t:s0 msg='avc:  denied  { start } for auid=n/a uid=0 gid=0 path="/lib/systemd/system/getty@.service" cmdline="/bin/systemctl --no-block start getty@tty2.service getty@tty3.service getty@tty4.service getty@tty5.service getty@tty6.service" scontext=system_u:system_r:kernel_t:s0 tcontext=system_u:object_r:unlabeled_t:s0 tclass=service
[    3.083387]  exe="/lib/systemd/systemd" sauid=0 hostname=? addr=? terminal=?'
[    3.113789] audit: type=1107 audit(1589287107.949:7): pid=1 uid=0 auid=4294967295 ses=4294967295 subj=system_u:system_r:kernel_t:s0 msg='avc:  denied  { status } for auid=n/a uid=0 gid=0 path="/lib/systemd/system/getty@.service" cmdline="/bin/systemctl --no-block start getty@tty2.service getty@tty3.service getty@tty4.service getty@tty5.service getty@tty6.service" scontext=system_u:system_r:kernel_t:s0 tcontext=system_u:object_r:unlabeled_t:s0 tclass=service
[    3.113789]  exe="/lib/systemd/systemd" sauid=0 hostname=? addr=? terminal=?'
[    3.242858] @@@/lib/systemd/systemd-cgroups-agent@@@98336
[[0;32m  OK  [0m] Started getty on tty2-tty6 if dbus and logind are not available.
[[0;32m  OK  [0m] Started Getty on tty6.
[[0;32m  OK  [0m] Started Getty on tty5.
[[0;32m  OK  [0m] Started Getty on tty4.
[[0;32m  OK  [0m] Started Getty on tty3.
[[0;32m  OK  [0m] Started Getty on tty2.
[    3.349684] @@@/lib/udev/ata_id@@@1026837
[[0;32m  OK  [0m] Started Getty on tty1.
[    3.369713] @@@/lib/udev/ifupdown-hotplug@@@2251083
[    3.371484] @@@/bin/grep@@@120668
[    3.373198] @@@/sbin/ifquery@@@120107
[    3.379275] @@@/lib/systemd/systemd-sysctl@@@602960
[    3.390079] @@@/lib/udev/cdrom_id@@@913326
[    3.460825] @@@/lib/udev/ata_id@@@291855
[    3.510281] @@@/lib/udev/hwclock-set@@@6152278
[    3.521795] @@@/bin/sh@@@387196
[    3.526237] @@@/bin/ln@@@2182746
[    3.527973] @@@/bin/readlink@@@117749
[[0;32m  OK  [0m] Found device /dev/ttyS0.
[[0;32m  OK  [0m] Started Serial Getty on ttyS0.
[[0;32m  OK  [0m] Reached target Login Prompts.
[[0;32m  OK  [0m] Reached target Multi-User System.
[[0;32m  OK  [0m] Reached target Graphical Interface.
[    3.599306] @@@/lib/systemd/systemd-update-utmp@@@420779
         Starting Update UTMP about System Runlevel Changes...
[    3.627662] @@@/lib/systemd/systemd-cgroups-agent@@@164690
[[0;32m  OK  [0m] Started Update UTMP about System Runlevel Changes.
[    3.658690] @@@/sbin/agetty@@@13626471
[    3.662166] @@@/sbin/agetty@@@387129
[    3.665945] @@@/sbin/agetty@@@373183
[    3.670187] @@@/sbin/agetty@@@452170
[    3.676767] @@@/sbin/agetty@@@603951
[    3.681380] @@@/sbin/agetty@@@387540
[    3.690409] @@@/sbin/agetty@@@394033
[    3.830520] @@@/lib/udev/ifupdown-hotplug@@@535230
[    3.836015] @@@/lib/udev/ifupdown-hotplug@@@372632
[    3.838410] @@@/bin/grep@@@126989
[    3.842736] @@@/sbin/ifquery@@@641169
[    3.849060] @@@/lib/systemd/systemd-sysctl@@@465046

Debian GNU/Linux 9 syzkaller ttyS0

syzkaller login: root
[   10.761421] @@@/bin/login@@@10773468
Unable to get valid context for root
Last login: Tue May 12 12:37:01 UTC 2020 on ttyS0
[   10.854283] @@@/bin/sh@@@409674
[   10.861825] @@@/usr/bin/env@@@6535202
[   10.862808] @@@/bin/run-parts@@@117564
[   10.873086] @@@/etc/update-motd.d/10-uname@@@8800259
[   10.882710] @@@/bin/uname@@@8513232
Linux syzkaller 4.15.0+ #9 SMP Mon May 11 22:10:48 CST 2020 x86_64

The programs included with the Debian GNU/Linux system are free software;
the exact distribution terms for each program are described in the
individual files in /usr/share/doc/*/copyright.

Debian GNU/Linux comes with ABSOLUTELY NO WARRANTY, to the extent
permitted by applicable law.
[   10.899237] @@@/bin/bash@@@8707501
[   10.911871] @@@/usr/bin/id@@@1482293
[   10.924545] @@@/usr/bin/mesg@@@8647662
root@syzkaller:~# ls
[   11.711953] @@@/bin/ls@@@9704699
a.sh  linux-elf-binary-signer
root@syzkaller:~# cd linux-elf-binary-signer/
root@syzkaller:~/linux-elf-binary-signer# git pull
[   13.819804] @@@/usr/bin/git@@@6100310
[   13.871267] @@@/usr/lib/git-core/git@@@3574182
[   13.904862] @@@/usr/lib/git-core/git-remote-https@@@2682247
Username for 'https://github.com': mrdrivingduck
Password for 'https://mrdrivingduck@github.com': 
[   22.773465] @@@/usr/lib/git-core/git@@@857921
[   22.788004] @@@/usr/lib/git-core/git@@@801987
remote: Enumerating objects: 12, done.[K
remote: Counting objects:   8% (1/12)[Kremote: Counting objects:  16% (2/12)[Kremote: Counting objects:  25% (3/12)[Kremote: Counting objects:  33% (4/12)[Kremote: Counting objects:  41% (5/12)[Kremote: Counting objects:  50% (6/12)[Kremote: Counting objects:  58% (7/12)[Kremote: Counting objects:  66% (8/12)[Kremote: Counting objects:  75% (9/12)[Kremote: Counting objects:  83% (10/12)[Kremote: Counting objects:  91% (11/12)[Kremote: Counting objects: 100% (12/12)[Kremote: Counting objects: 100% (12/12), done.[K
remote: Compressing objects:  20% (1/5)[Kremote: Compressing objects:  40% (2/5)[Kremote: Compressing objects:  60% (3/5)[Kremote: Compressing objects:  80% (4/5)[Kremote: Compressing objects: 100% (5/5)[Kremote: Compressing objects: 100% (5/5), done.[K
remote: Total 9 (delta 6), reused 7 (delta 4), pack-reused 0[K
[   24.568688] @@@/usr/lib/git-core/git@@@250931
Unpacking objects:  11% (1/9)   Unpacking objects:  22% (2/9)   Unpacking objects:  33% (3/9)   Unpacking objects:  44% (4/9)   Unpacking objects:  55% (5/9)   Unpacking objects:  66% (6/9)   Unpacking objects:  77% (7/9)   Unpacking objects:  88% (8/9)   Unpacking objects: 100% (9/9)   Unpacking objects: 100% (9/9), done.
[   24.583362] @@@/usr/lib/git-core/git@@@184837
From https://github.com/mrdrivingduck/linux-elf-binary-signer
   26dcd7f..48215a5  master     -> origin/master
[   24.615943] @@@/usr/lib/git-core/git@@@227294
[   24.618513] @@@/usr/lib/git-core/git@@@173519
Updating 26dcd7f..48215a5
Fast-forward
[   24.627672] @@@/usr/lib/git-core/git@@@333943
 README.md    | 38 [32m+++++++++++++++++++++[m[31m-----------------[m
 prev_test.sh |  9 [32m+++++[m[31m----[m
 2 files changed, 26 insertions(+), 21 deletions(-)
root@syzkaller:~/linux-elf-binary-signer# 
root@syzkaller:~/linux-elf-binary-signer# 
root@syzkaller:~/linux-elf-binary-signer# 
root@syzkaller:~/linux-elf-binary-signer# 
root@syzkaller:~/linux-elf-binary-signer# 
root@syzkaller:~/linux-elf-binary-signer# ls
[   42.582301] @@@/bin/ls@@@711272
LICENSE    certs	 elf-sign.signed  prev_test	sign-target.old
Makefile   elf-sign	 elf_sign.c	  prev_test.sh	sign_target.c
README.md  elf-sign.old  parse.c	  sign-target
root@syzkaller:~/linux-elf-binary-signer# 
root@syzkaller:~/linux-elf-binary-signer# 
root@syzkaller:~/linux-elf-binary-signer# 
root@syzkaller:~/linux-elf-binary-signer# 
root@syzkaller:~/linux-elf-binary-signer# 
root@syzkaller:~/linux-elf-binary-signer# 
root@syzkaller:~/linux-elf-binary-signer# rm -r prev_test
[   49.745800] @@@/bin/rm@@@830081
root@syzkaller:~/linux-elf-binary-signer# 
root@syzkaller:~/linux-elf-binary-signer# 
root@syzkaller:~/linux-elf-binary-signer# 
root@syzkaller:~/linux-elf-binary-signer# 
root@syzkaller:~/linux-elf-binary-signer# 
root@syzkaller:~/linux-elf-binary-signer# 
root@syzkaller:~/linux-elf-binary-signer# 
root@syzkaller:~/linux-elf-binary-signer# 
root@syzkaller:~/linux-elf-binary-signer# ls
[   53.458990] @@@/bin/ls@@@909483
LICENSE    certs	 elf-sign.signed  prev_test.sh	   sign_target.c
Makefile   elf-sign	 elf_sign.c	  sign-target
README.md  elf-sign.old  parse.c	  sign-target.old
root@syzkaller:~/linux-elf-binary-signer# 
root@syzkaller:~/linux-elf-binary-signer# 
root@syzkaller:~/linux-elf-binary-signer# 
root@syzkaller:~/linux-elf-binary-signer# 
root@syzkaller:~/linux-elf-binary-signer# 
root@syzkaller:~/linux-elf-binary-signer# 
root@syzkaller:~/linux-elf-binary-signer# ./prev_test.sh 
[   59.410666] @@@./prev_test.sh@@@1013675
[   59.422343] @@@/bin/mkdir@@@8165901

[   59.425218] @@@/bin/cp@@@842307
[   59.428931] @@@../elf-sign.signed@@@1340610
[   59.453301] @@@/bin/cp@@@186677
[   59.456220] @@@/usr/bin/objcopy@@@1194174
*** Executing signed version of cp for 1000 times.
[   59.466489] @@@./cp@@@184994
[   59.468348] @@@./cp@@@181546
[   59.470118] @@@./cp@@@148434
[   59.471930] @@@./cp@@@152386
[   59.473725] @@@./cp@@@252432
[   59.475472] @@@./cp@@@146911
[   59.477127] @@@./cp@@@144706
[   59.478783] @@@./cp@@@143710
[   59.480462] @@@./cp@@@144607
[   59.482100] @@@./cp@@@144537
[   59.483793] @@@./cp@@@143608
[   59.485469] @@@./cp@@@141787
[   59.487345] @@@./cp@@@226735
[   59.489109] @@@./cp@@@151345
[   59.490902] @@@./cp@@@150978
[   59.492622] @@@./cp@@@142987
[   59.494436] @@@./cp@@@143703
[   59.496176] @@@./cp@@@142666
[   59.498061] @@@./cp@@@149492
[   59.499957] @@@./cp@@@147391
[   59.501678] @@@./cp@@@137839
[   59.503501] @@@./cp@@@136867
[   59.505346] @@@./cp@@@181043
[   59.507140] @@@./cp@@@165605
[   59.509252] @@@./cp@@@165410
[   59.511181] @@@./cp@@@147635
[   59.513060] @@@./cp@@@143012
[   59.514848] @@@./cp@@@144733
[   59.516654] @@@./cp@@@139440
[   59.518462] @@@./cp@@@137819
[   59.520306] @@@./cp@@@192207
[   59.521950] @@@./cp@@@138995
[   59.523687] @@@./cp@@@162651
[   59.525113] @@@./cp@@@140738
[   59.527034] @@@./cp@@@164605
[   59.528955] @@@./cp@@@154763
[   59.530639] @@@./cp@@@144491
[   59.532192] @@@./cp@@@155437
[   59.533925] @@@./cp@@@144808
[   59.535614] @@@./cp@@@138132
[   59.537099] @@@./cp@@@141048
[   59.538874] @@@./cp@@@142295
[   59.540635] @@@./cp@@@139497
[   59.542151] @@@./cp@@@154603
[   59.544076] @@@./cp@@@149480
[   59.545733] @@@./cp@@@151974
[   59.547554] @@@./cp@@@155517
[   59.549172] @@@./cp@@@149395
[   59.551035] @@@./cp@@@192845
[   59.552729] @@@./cp@@@152269
[   59.554565] @@@./cp@@@143608
[   59.556195] @@@./cp@@@153578
[   59.558047] @@@./cp@@@201884
[   59.559750] @@@./cp@@@144800
[   59.561553] @@@./cp@@@165761
[   59.563296] @@@./cp@@@170553
[   59.565170] @@@./cp@@@146212
[   59.566970] @@@./cp@@@161911
[   59.568633] @@@./cp@@@150290
[   59.570348] @@@./cp@@@165854
[   59.572530] @@@./cp@@@151506
[   59.574314] @@@./cp@@@184816
[   59.576367] @@@./cp@@@235672
[   59.578072] @@@./cp@@@147394
[   59.579666] @@@./cp@@@146153
[   59.581162] @@@./cp@@@152411
[   59.582875] @@@./cp@@@143703
[   59.584568] @@@./cp@@@137638
[   59.586277] @@@./cp@@@164631
[   59.588310] @@@./cp@@@183402
[   59.590201] @@@./cp@@@159646
[   59.592007] @@@./cp@@@145288
[   59.594006] @@@./cp@@@165944
[   59.596143] @@@./cp@@@158344
[   59.597881] @@@./cp@@@140703
[   59.599612] @@@./cp@@@158459
[   59.601322] @@@./cp@@@201899
[   59.603251] @@@./cp@@@164684
[   59.604825] @@@./cp@@@140232
[   59.606599] @@@./cp@@@151557
[   59.608296] @@@./cp@@@203935
[   59.610186] @@@./cp@@@156531
[   59.611978] @@@./cp@@@164671
[   59.613682] @@@./cp@@@152056
[   59.615475] @@@./cp@@@142985
[   59.617315] @@@./cp@@@177757
[   59.618980] @@@./cp@@@170073
[   59.621053] @@@./cp@@@167742
[   59.622726] @@@./cp@@@156711
[   59.624456] @@@./cp@@@156666
[   59.626068] @@@./cp@@@145050
[   59.627908] @@@./cp@@@138670
[   59.629612] @@@./cp@@@138771
[   59.631533] @@@./cp@@@277011
[   59.633602] @@@./cp@@@164133
[   59.635147] @@@./cp@@@150598
[   59.636925] @@@./cp@@@152113
[   59.638521] @@@./cp@@@142309
[   59.640077] @@@./cp@@@145812
[   59.641868] @@@./cp@@@148050
[   59.643526] @@@./cp@@@152260
[   59.645237] @@@./cp@@@163867
[   59.646973] @@@./cp@@@154364
[   59.648567] @@@./cp@@@144731
[   59.650352] @@@./cp@@@193916
[   59.652162] @@@./cp@@@164249
[   59.654055] @@@./cp@@@143643
[   59.655903] @@@./cp@@@157912
[   59.657861] @@@./cp@@@148373
[   59.659570] @@@./cp@@@138959
[   59.661504] @@@./cp@@@138311
[   59.663375] @@@./cp@@@135838
[   59.665372] @@@./cp@@@144890
[   59.667173] @@@./cp@@@138114
[   59.669045] @@@./cp@@@173163
[   59.671043] @@@./cp@@@195728
[   59.673058] @@@./cp@@@151594
[   59.674891] @@@./cp@@@153320
[   59.676608] @@@./cp@@@142279
[   59.678348] @@@./cp@@@179356
[   59.680229] @@@./cp@@@161164
[   59.682161] @@@./cp@@@166777
[   59.684076] @@@./cp@@@151781
[   59.685902] @@@./cp@@@147131
[   59.687594] @@@./cp@@@142850
[   59.689397] @@@./cp@@@138624
[   59.691283] @@@./cp@@@221854
[   59.693170] @@@./cp@@@157029
[   59.695044] @@@./cp@@@186799
[   59.696660] @@@./cp@@@143676
[   59.698492] @@@./cp@@@152295
[   59.700231] @@@./cp@@@214061
[   59.702054] @@@./cp@@@148295
[   59.703696] @@@./cp@@@141743
[   59.705424] @@@./cp@@@152121
[   59.707097] @@@./cp@@@166108
[   59.709003] @@@./cp@@@152957
[   59.710693] @@@./cp@@@139973
[   59.712699] @@@./cp@@@171816
[   59.714432] @@@./cp@@@204752
[   59.716755] @@@./cp@@@156836
[   59.718578] @@@./cp@@@143047
[   59.720336] @@@./cp@@@184748
[   59.721994] @@@./cp@@@134189
[   59.723557] @@@./cp@@@133169
[   59.725235] @@@./cp@@@174982
[   59.727041] @@@./cp@@@185378
[   59.728575] @@@./cp@@@134708
[   59.730486] @@@./cp@@@146672
[   59.732265] @@@./cp@@@184059
[   59.733833] @@@./cp@@@153404
[   59.735432] @@@./cp@@@157907
[   59.737098] @@@./cp@@@143064
[   59.738701] @@@./cp@@@142999
[   59.740279] @@@./cp@@@169932
[   59.741826] @@@./cp@@@144793
[   59.743509] @@@./cp@@@173741
[   59.745234] @@@./cp@@@210395
[   59.746747] @@@./cp@@@141587
[   59.748282] @@@./cp@@@164725
[   59.749810] @@@./cp@@@143036
[   59.751597] @@@./cp@@@159529
[   59.753438] @@@./cp@@@155950
[   59.755203] @@@./cp@@@169723
[   59.756815] @@@./cp@@@139012
[   59.758383] @@@./cp@@@259544
[   59.759969] @@@./cp@@@138321
[   59.761546] @@@./cp@@@137475
[   59.763136] @@@./cp@@@156157
[   59.764678] @@@./cp@@@139126
[   59.766246] @@@./cp@@@163850
[   59.767770] @@@./cp@@@135745
[   59.769370] @@@./cp@@@296374
[   59.770913] @@@./cp@@@133704
[   59.772403] @@@./cp@@@139563
[   59.773999] @@@./cp@@@152743
[   59.775624] @@@./cp@@@150502
[   59.777238] @@@./cp@@@162457
[   59.778803] @@@./cp@@@142993
[   59.780377] @@@./cp@@@139851
[   59.781932] @@@./cp@@@139133
[   59.783540] @@@./cp@@@136701
[   59.785038] @@@./cp@@@135934
[   59.786604] @@@./cp@@@137055
[   59.788224] @@@./cp@@@180123
[   59.789676] @@@./cp@@@140313
[   59.791437] @@@./cp@@@153994
[   59.793107] @@@./cp@@@171036
[   59.794722] @@@./cp@@@148028
[   59.796298] @@@./cp@@@249391
[   59.797877] @@@./cp@@@137951
[   59.799441] @@@./cp@@@138706
[   59.800992] @@@./cp@@@142545
[   59.802569] @@@./cp@@@138329
[   59.804364] @@@./cp@@@161310
[   59.806028] @@@./cp@@@147690
[   59.807719] @@@./cp@@@148136
[   59.809325] @@@./cp@@@142770
[   59.810867] @@@./cp@@@137344
[   59.812717] @@@./cp@@@159769
[   59.814527] @@@./cp@@@186323
[   59.816300] @@@./cp@@@192022
[   59.818107] @@@./cp@@@145975
[   59.819790] @@@./cp@@@134853
[   59.821545] @@@./cp@@@143567
[   59.823267] @@@./cp@@@156305
[   59.824890] @@@./cp@@@137355
[   59.826556] @@@./cp@@@142889
[   59.828115] @@@./cp@@@138852
[   59.829710] @@@./cp@@@144639
[   59.831317] @@@./cp@@@137381
[   59.832914] @@@./cp@@@136125
[   59.834812] @@@./cp@@@171801
[   59.836454] @@@./cp@@@149841
[   59.838038] @@@./cp@@@136768
[   59.839663] @@@./cp@@@141571
[   59.841300] @@@./cp@@@143125
[   59.842830] @@@./cp@@@141455
[   59.844521] @@@./cp@@@140313
[   59.846051] @@@./cp@@@138620
[   59.847867] @@@./cp@@@212004
[   59.849615] @@@./cp@@@146486
[   59.851201] @@@./cp@@@191046
[   59.852908] @@@./cp@@@155539
[   59.854584] @@@./cp@@@151621
[   59.856299] @@@./cp@@@197290
[   59.857813] @@@./cp@@@140427
[   59.859382] @@@./cp@@@150596
[   59.860968] @@@./cp@@@139158
[   59.862529] @@@./cp@@@141602
[   59.864037] @@@./cp@@@155682
[   59.865763] @@@./cp@@@165633
[   59.867406] @@@./cp@@@148294
[   59.869014] @@@./cp@@@143741
[   59.870679] @@@./cp@@@143550
[   59.872273] @@@./cp@@@187581
[   59.873951] @@@./cp@@@156618
[   59.875755] @@@./cp@@@164729
[   59.877361] @@@./cp@@@151462
[   59.878974] @@@./cp@@@174530
[   59.880779] @@@./cp@@@152315
[   59.882721] @@@./cp@@@188781
[   59.884817] @@@./cp@@@191828
[   59.886579] @@@./cp@@@139275
[   59.888181] @@@./cp@@@173936
[   59.889687] @@@./cp@@@139340
[   59.891284] @@@./cp@@@186323
[   59.892804] @@@./cp@@@135538
[   59.894388] @@@./cp@@@153223
[   59.896202] @@@./cp@@@183247
[   59.897851] @@@./cp@@@151671
[   59.899421] @@@./cp@@@157318
[   59.901014] @@@./cp@@@138054
[   59.902643] @@@./cp@@@137621
[   59.904232] @@@./cp@@@194598
[   59.905765] @@@./cp@@@133953
[   59.907372] @@@./cp@@@148356
[   59.908921] @@@./cp@@@135093
[   59.910523] @@@./cp@@@134741
[   59.912127] @@@./cp@@@167401
[   59.914464] @@@./cp@@@397653
[   59.916594] @@@./cp@@@154086
[   59.918273] @@@./cp@@@198291
[   59.919820] @@@./cp@@@135360
[   59.921418] @@@./cp@@@139168
[   59.922974] @@@./cp@@@160603
[   59.924589] @@@./cp@@@138427
[   59.926286] @@@./cp@@@156713
[   59.927974] @@@./cp@@@143766
[   59.929647] @@@./cp@@@142762
[   59.931221] @@@./cp@@@154363
[   59.932751] @@@./cp@@@139431
[   59.934278] @@@./cp@@@249289
[   59.936073] @@@./cp@@@204687
[   59.938398] @@@./cp@@@281072
[   59.940293] @@@./cp@@@151935
[   59.942027] @@@./cp@@@138983
[   59.943620] @@@./cp@@@142065
[   59.945264] @@@./cp@@@147926
[   59.946792] @@@./cp@@@140319
[   59.948313] @@@./cp@@@140544
[   59.949956] @@@./cp@@@137197
[   59.951597] @@@./cp@@@144713
[   59.953074] @@@./cp@@@138297
[   59.954584] @@@./cp@@@139260
[   59.956196] @@@./cp@@@171116
[   59.958042] @@@./cp@@@159450
[   59.960310] @@@./cp@@@158113
[   59.961966] @@@./cp@@@148662
[   59.963528] @@@./cp@@@142874
[   59.965168] @@@./cp@@@162831
[   59.966641] @@@./cp@@@137824
[   59.968175] @@@./cp@@@184138
[   59.969644] @@@./cp@@@139596
[   59.971203] @@@./cp@@@157373
[   59.972742] @@@./cp@@@140353
[   59.974265] @@@./cp@@@250977
[   59.976220] @@@./cp@@@270022
[   59.978218] @@@./cp@@@169171
[   59.979808] @@@./cp@@@147951
[   59.981339] @@@./cp@@@140428
[   59.982806] @@@./cp@@@138170
[   59.984314] @@@./cp@@@138652
[   59.985811] @@@./cp@@@138130
[   59.987373] @@@./cp@@@143727
[   59.988873] @@@./cp@@@150761
[   59.990380] @@@./cp@@@148853
[   59.991934] @@@./cp@@@139529
[   59.993495] @@@./cp@@@143615
[   59.995010] @@@./cp@@@185925
[   59.997055] @@@./cp@@@231670
[   59.999264] @@@./cp@@@197207
[   60.000856] @@@./cp@@@147076
[   60.002399] @@@./cp@@@140316
[   60.004013] @@@./cp@@@137786
[   60.005666] @@@./cp@@@136370
[   60.007276] @@@./cp@@@151917
[   60.008854] @@@./cp@@@139204
[   60.010474] @@@./cp@@@139326
[   60.012088] @@@./cp@@@151988
[   60.013710] @@@./cp@@@144106
[   60.015306] @@@./cp@@@139329
[   60.016867] @@@./cp@@@138886
[   60.018588] @@@./cp@@@146257
[   60.020595] @@@./cp@@@218302
[   60.022541] @@@./cp@@@153111
[   60.024158] @@@./cp@@@175981
[   60.025724] @@@./cp@@@138682
[   60.027300] @@@./cp@@@136740
[   60.028811] @@@./cp@@@132700
[   60.030374] @@@./cp@@@133998
[   60.031950] @@@./cp@@@137052
[   60.033523] @@@./cp@@@135799
[   60.035206] @@@./cp@@@237756
[   60.036925] @@@./cp@@@146192
[   60.038635] @@@./cp@@@146084
[   60.040300] @@@./cp@@@142218
[   60.041935] @@@./cp@@@146763
[   60.043615] @@@./cp@@@134934
[   60.045267] @@@./cp@@@138884
[   60.046886] @@@./cp@@@135135
[   60.048602] @@@./cp@@@140145
[   60.050670] @@@./cp@@@234923
[   60.052759] @@@./cp@@@192231
[   60.054360] @@@./cp@@@159098
[   60.055919] @@@./cp@@@137091
[   60.057827] @@@./cp@@@259583
[   60.059814] @@@./cp@@@152263
[   60.061635] @@@./cp@@@149163
[   60.063299] @@@./cp@@@135313
[   60.064936] @@@./cp@@@137760
[   60.066604] @@@./cp@@@139244
[   60.068262] @@@./cp@@@139586
[   60.069862] @@@./cp@@@134834
[   60.071541] @@@./cp@@@135381
[   60.073189] @@@./cp@@@195437
[   60.074788] @@@./cp@@@135807
[   60.076481] @@@./cp@@@139139
[   60.078121] @@@./cp@@@175984
[   60.079756] @@@./cp@@@138417
[   60.081682] @@@./cp@@@164520
[   60.083369] @@@./cp@@@155235
[   60.084949] @@@./cp@@@147495
[   60.086500] @@@./cp@@@147718
[   60.088077] @@@./cp@@@184182
[   60.089581] @@@./cp@@@137914
[   60.091186] @@@./cp@@@165606
[   60.092790] @@@./cp@@@134934
[   60.094483] @@@./cp@@@139160
[   60.096234] @@@./cp@@@167968
[   60.097933] @@@./cp@@@158616
[   60.099866] @@@./cp@@@156105
[   60.101604] @@@./cp@@@141766
[   60.103360] @@@./cp@@@135719
[   60.104974] @@@./cp@@@139124
[   60.106621] @@@./cp@@@147015
[   60.108363] @@@./cp@@@134760
[   60.110023] @@@./cp@@@140088
[   60.111924] @@@./cp@@@158735
[   60.113949] @@@./cp@@@140200
[   60.115741] @@@./cp@@@141238
[   60.117642] @@@./cp@@@157239
[   60.119645] @@@./cp@@@157076
[   60.121460] @@@./cp@@@158486
[   60.123278] @@@./cp@@@182617
[   60.125070] @@@./cp@@@153870
[   60.126789] @@@./cp@@@144880
[   60.128417] @@@./cp@@@141266
[   60.130176] @@@./cp@@@191456
[   60.131772] @@@./cp@@@140309
[   60.133318] @@@./cp@@@139195
[   60.134899] @@@./cp@@@137606
[   60.136546] @@@./cp@@@137899
[   60.138119] @@@./cp@@@169665
[   60.139733] @@@./cp@@@138184
[   60.141381] @@@./cp@@@191063
[   60.143536] @@@./cp@@@325591
[   60.145325] @@@./cp@@@165281
[   60.146964] @@@./cp@@@168330
[   60.148637] @@@./cp@@@143655
[   60.150240] @@@./cp@@@145086
[   60.151858] @@@./cp@@@141080
[   60.153503] @@@./cp@@@140900
[   60.155187] @@@./cp@@@167794
[   60.157008] @@@./cp@@@217419
[   60.158826] @@@./cp@@@210204
[   60.160616] @@@./cp@@@150117
[   60.162248] @@@./cp@@@250038
[   60.163900] @@@./cp@@@141836
[   60.165500] @@@./cp@@@141218
[   60.167140] @@@./cp@@@210945
[   60.168699] @@@./cp@@@136618
[   60.170364] @@@./cp@@@138600
[   60.172065] @@@./cp@@@178823
[   60.173673] @@@./cp@@@174292
[   60.175447] @@@./cp@@@145969
[   60.177221] @@@./cp@@@144923
[   60.178899] @@@./cp@@@143823
[   60.180606] @@@./cp@@@144545
[   60.182229] @@@./cp@@@244706
[   60.183855] @@@./cp@@@140053
[   60.185495] @@@./cp@@@140739
[   60.187181] @@@./cp@@@162346
[   60.188795] @@@./cp@@@139718
[   60.190335] @@@./cp@@@139703
[   60.191958] @@@./cp@@@138342
[   60.193544] @@@./cp@@@138828
[   60.195328] @@@./cp@@@153305
[   60.197077] @@@./cp@@@170009
[   60.199007] @@@./cp@@@193437
[   60.200612] @@@./cp@@@138909
[   60.202222] @@@./cp@@@238786
[   60.203924] @@@./cp@@@141263
[   60.205884] @@@./cp@@@164690
[   60.207614] @@@./cp@@@151429
[   60.209321] @@@./cp@@@143330
[   60.211073] @@@./cp@@@237080
[   60.212655] @@@./cp@@@141051
[   60.214249] @@@./cp@@@139716
[   60.216074] @@@./cp@@@215653
[   60.217976] @@@./cp@@@159492
[   60.219799] @@@./cp@@@155263
[   60.221496] @@@./cp@@@155326
[   60.223221] @@@./cp@@@139503
[   60.224713] @@@./cp@@@149054
[   60.226354] @@@./cp@@@136299
[   60.227868] @@@./cp@@@137939
[   60.229693] @@@./cp@@@147103
[   60.231342] @@@./cp@@@145544
[   60.233033] @@@./cp@@@153648
[   60.234698] @@@./cp@@@140234
[   60.236414] @@@./cp@@@194264
[   60.238264] @@@./cp@@@147463
[   60.240077] @@@./cp@@@155963
[   60.242201] @@@./cp@@@143602
[   60.243921] @@@./cp@@@141422
[   60.245579] @@@./cp@@@140104
[   60.247383] @@@./cp@@@147285
[   60.248944] @@@./cp@@@143173
[   60.250617] @@@./cp@@@139927
[   60.252326] @@@./cp@@@140479
[   60.254166] @@@./cp@@@139954
[   60.256054] @@@./cp@@@192882
[   60.257852] @@@./cp@@@187367
[   60.259615] @@@./cp@@@146320
[   60.261366] @@@./cp@@@144741
[   60.262858] @@@./cp@@@136117
[   60.264738] @@@./cp@@@144416
[   60.266436] @@@./cp@@@166633
[   60.268167] @@@./cp@@@150967
[   60.269997] @@@./cp@@@158085
[   60.271972] @@@./cp@@@138520
[   60.273729] @@@./cp@@@142754
[   60.275456] @@@./cp@@@178937
[   60.277466] @@@./cp@@@222253
[   60.279433] @@@./cp@@@151650
[   60.281100] @@@./cp@@@185631
[   60.282855] @@@./cp@@@147053
[   60.284859] @@@./cp@@@160123
[   60.286804] @@@./cp@@@153276
[   60.288330] @@@./cp@@@149374
[   60.289738] @@@./cp@@@146407
[   60.291350] @@@./cp@@@150294
[   60.292785] @@@./cp@@@142325
[   60.294377] @@@./cp@@@152884
[   60.295826] @@@./cp@@@144472
[   60.297511] @@@./cp@@@168510
[   60.299519] @@@./cp@@@228305
[   60.301548] @@@./cp@@@166471
[   60.303568] @@@./cp@@@239540
[   60.305597] @@@./cp@@@162496
[   60.307290] @@@./cp@@@166248
[   60.308739] @@@./cp@@@152598
[   60.310325] @@@./cp@@@152831
[   60.311792] @@@./cp@@@145640
[   60.313339] @@@./cp@@@154151
[   60.314776] @@@./cp@@@146389
[   60.317007] @@@./cp@@@279706
[   60.318497] @@@./cp@@@162625
[   60.320224] @@@./cp@@@151235
[   60.321658] @@@./cp@@@148749
[   60.323193] @@@./cp@@@150136
[   60.324814] @@@./cp@@@150660
[   60.326360] @@@./cp@@@147972
[   60.328223] @@@./cp@@@156991
[   60.330058] @@@./cp@@@271003
[   60.331592] @@@./cp@@@150605
[   60.333188] @@@./cp@@@150055
[   60.334616] @@@./cp@@@146767
[   60.336288] @@@./cp@@@172323
[   60.337811] @@@./cp@@@154777
[   60.339463] @@@./cp@@@155878
[   60.340938] @@@./cp@@@147058
[   60.342709] @@@./cp@@@152015
[   60.344329] @@@./cp@@@146684
[   60.345916] @@@./cp@@@141919
[   60.347599] @@@./cp@@@142266
[   60.349200] @@@./cp@@@265715
[   60.350809] @@@./cp@@@142093
[   60.352530] @@@./cp@@@154167
[   60.354210] @@@./cp@@@189910
[   60.355816] @@@./cp@@@145886
[   60.357332] @@@./cp@@@143881
[   60.358882] @@@./cp@@@226050
[   60.360941] @@@./cp@@@151943
[   60.362582] @@@./cp@@@151418
[   60.364275] @@@./cp@@@153341
[   60.365855] @@@./cp@@@144062
[   60.367323] @@@./cp@@@142195
[   60.368887] @@@./cp@@@148393
[   60.370404] @@@./cp@@@144213
[   60.372078] @@@./cp@@@184035
[   60.373690] @@@./cp@@@159814
[   60.375399] @@@./cp@@@168883
[   60.377029] @@@./cp@@@172328
[   60.378699] @@@./cp@@@148069
[   60.380330] @@@./cp@@@143049
[   60.381924] @@@./cp@@@145898
[   60.383621] @@@./cp@@@146112
[   60.385457] @@@./cp@@@280706
[   60.387188] @@@./cp@@@147658
[   60.389044] @@@./cp@@@190698
[   60.390776] @@@./cp@@@155501
[   60.392399] @@@./cp@@@159224
[   60.393984] @@@./cp@@@167743
[   60.395795] @@@./cp@@@180660
[   60.397499] @@@./cp@@@164502
[   60.399192] @@@./cp@@@155386
[   60.400772] @@@./cp@@@144530
[   60.402285] @@@./cp@@@154904
[   60.403934] @@@./cp@@@135238
[   60.405506] @@@./cp@@@140734
[   60.407097] @@@./cp@@@176772
[   60.408664] @@@./cp@@@140552
[   60.410213] @@@./cp@@@141528
[   60.411831] @@@./cp@@@134559
[   60.413404] @@@./cp@@@148975
[   60.415121] @@@./cp@@@198480
[   60.416643] @@@./cp@@@148161
[   60.418202] @@@./cp@@@140185
[   60.419910] @@@./cp@@@162281
[   60.421990] @@@./cp@@@172643
[   60.423585] @@@./cp@@@154596
[   60.425271] @@@./cp@@@162792
[   60.426843] @@@./cp@@@154016
[   60.428642] @@@./cp@@@139896
[   60.430317] @@@./cp@@@154542
[   60.432107] @@@./cp@@@143688
[   60.434070] @@@./cp@@@218377
[   60.436204] @@@./cp@@@165308
[   60.438077] @@@./cp@@@175302
[   60.439882] @@@./cp@@@146016
[   60.441769] @@@./cp@@@138231
[   60.443576] @@@./cp@@@139369
[   60.445327] @@@./cp@@@137804
[   60.447153] @@@./cp@@@140126
[   60.448976] @@@./cp@@@235285
[   60.450626] @@@./cp@@@149533
[   60.452366] @@@./cp@@@145381
[   60.454098] @@@./cp@@@226953
[   60.455879] @@@./cp@@@167356
[   60.457831] @@@./cp@@@154372
[   60.459621] @@@./cp@@@155000
[   60.461415] @@@./cp@@@149987
[   60.463139] @@@./cp@@@238399
[   60.464838] @@@./cp@@@139426
[   60.466625] @@@./cp@@@142733
[   60.468389] @@@./cp@@@144070
[   60.470127] @@@./cp@@@220029
[   60.471966] @@@./cp@@@167032
[   60.473675] @@@./cp@@@144695
[   60.475444] @@@./cp@@@140432
[   60.477142] @@@./cp@@@256887
[   60.478963] @@@./cp@@@172258
[   60.480861] @@@./cp@@@160695
[   60.482780] @@@./cp@@@147213
[   60.484481] @@@./cp@@@147285
[   60.486149] @@@./cp@@@145583
[   60.487769] @@@./cp@@@140574
[   60.489574] @@@./cp@@@139723
[   60.491368] @@@./cp@@@140106
[   60.493118] @@@./cp@@@138932
[   60.494868] @@@./cp@@@163467
[   60.496763] @@@./cp@@@160038
[   60.498477] @@@./cp@@@155496
[   60.500164] @@@./cp@@@147595
[   60.501840] @@@./cp@@@144599
[   60.503560] @@@./cp@@@139895
[   60.505255] @@@./cp@@@139329
[   60.507007] @@@./cp@@@191983
[   60.508883] @@@./cp@@@139790
[   60.510734] @@@./cp@@@207967
[   60.512674] @@@./cp@@@157421
[   60.514494] @@@./cp@@@170189
[   60.516116] @@@./cp@@@155591
[   60.517987] @@@./cp@@@191452
[   60.519986] @@@./cp@@@213364
[   60.521517] @@@./cp@@@149590
[   60.523188] @@@./cp@@@155806
[   60.524784] @@@./cp@@@140472
[   60.526311] @@@./cp@@@141146
[   60.528035] @@@./cp@@@173856
[   60.529639] @@@./cp@@@140414
[   60.531319] @@@./cp@@@151723
[   60.532985] @@@./cp@@@184554
[   60.534684] @@@./cp@@@142083
[   60.536389] @@@./cp@@@143517
[   60.538104] @@@./cp@@@151239
[   60.539788] @@@./cp@@@138303
[   60.541347] @@@./cp@@@146417
[   60.543117] @@@./cp@@@171049
[   60.544962] @@@./cp@@@185547
[   60.546699] @@@./cp@@@147006
[   60.548392] @@@./cp@@@138545
[   60.550176] @@@./cp@@@147820
[   60.551865] @@@./cp@@@143727
[   60.553560] @@@./cp@@@147737
[   60.555430] @@@./cp@@@202519
[   60.557255] @@@./cp@@@150128
[   60.559014] @@@./cp@@@201581
[   60.561086] @@@./cp@@@150320
[   60.562794] @@@./cp@@@143880
[   60.564589] @@@./cp@@@143053
[   60.566368] @@@./cp@@@145256
[   60.568111] @@@./cp@@@138945
[   60.570103] @@@./cp@@@144513
[   60.571991] @@@./cp@@@212862
[   60.573773] @@@./cp@@@147567
[   60.575663] @@@./cp@@@148828
[   60.577339] @@@./cp@@@142908
[   60.579154] @@@./cp@@@179930
[   60.580897] @@@./cp@@@175883
[   60.582713] @@@./cp@@@150245
[   60.584365] @@@./cp@@@142549
[   60.586174] @@@./cp@@@152784
[   60.587832] @@@./cp@@@141641
[   60.589648] @@@./cp@@@140525
[   60.591284] @@@./cp@@@142722
[   60.592856] @@@./cp@@@141933
[   60.594708] @@@./cp@@@151644
[   60.596343] @@@./cp@@@139408
[   60.598081] @@@./cp@@@154404
[   60.599972] @@@./cp@@@199498
[   60.601700] @@@./cp@@@138613
[   60.604082] @@@./cp@@@290626
[   60.606185] @@@./cp@@@151093
[   60.607854] @@@./cp@@@146913
[   60.609456] @@@./cp@@@141577
[   60.611120] @@@./cp@@@198372
[   60.612604] @@@./cp@@@144460
[   60.614311] @@@./cp@@@143036
[   60.615882] @@@./cp@@@168786
[   60.618021] @@@./cp@@@229035
[   60.619648] @@@./cp@@@152049
[   60.621288] @@@./cp@@@144376
[   60.622799] @@@./cp@@@150950
[   60.624585] @@@./cp@@@136738
[   60.626188] @@@./cp@@@149565
[   60.627932] @@@./cp@@@154274
[   60.629547] @@@./cp@@@141200
[   60.631211] @@@./cp@@@139470
[   60.633052] @@@./cp@@@285586
[   60.635033] @@@./cp@@@196480
[   60.636793] @@@./cp@@@152396
[   60.638606] @@@./cp@@@162911
[   60.640544] @@@./cp@@@153106
[   60.642246] @@@./cp@@@146169
[   60.643845] @@@./cp@@@146988
[   60.645680] @@@./cp@@@144827
[   60.647421] @@@./cp@@@149139
[   60.649142] @@@./cp@@@143879
[   60.650871] @@@./cp@@@155490
[   60.652719] @@@./cp@@@138761
[   60.654546] @@@./cp@@@175028
[   60.656337] @@@./cp@@@180771
[   60.658151] @@@./cp@@@157025
[   60.659973] @@@./cp@@@180451
[   60.661801] @@@./cp@@@144404
[   60.663734] @@@./cp@@@217377
[   60.665586] @@@./cp@@@150938
[   60.667291] @@@./cp@@@144714
[   60.669199] @@@./cp@@@145405
[   60.671120] @@@./cp@@@145964
[   60.672725] @@@./cp@@@139080
[   60.674380] @@@./cp@@@141217
[   60.676230] @@@./cp@@@151653
[   60.678092] @@@./cp@@@147198
[   60.679686] @@@./cp@@@142733
[   60.681412] @@@./cp@@@138180
[   60.683108] @@@./cp@@@152975
[   60.684915] @@@./cp@@@191526
[   60.686559] @@@./cp@@@144390
[   60.688355] @@@./cp@@@137871
[   60.690120] @@@./cp@@@145077
[   60.691968] @@@./cp@@@197271
[   60.693721] @@@./cp@@@147574
[   60.695684] @@@./cp@@@169654
[   60.697495] @@@./cp@@@160778
[   60.699346] @@@./cp@@@152867
[   60.701118] @@@./cp@@@140855
[   60.702881] @@@./cp@@@173657
[   60.704575] @@@./cp@@@138218
[   60.706354] @@@./cp@@@136875
[   60.708065] @@@./cp@@@137846
[   60.709760] @@@./cp@@@137406
[   60.711539] @@@./cp@@@147249
[   60.713183] @@@./cp@@@174116
[   60.714869] @@@./cp@@@173884
[   60.716579] @@@./cp@@@154665
[   60.718572] @@@./cp@@@145585
[   60.720372] @@@./cp@@@140576
[   60.722276] @@@./cp@@@141364
[   60.724069] @@@./cp@@@141220
[   60.726174] @@@./cp@@@159568
[   60.728002] @@@./cp@@@213292
[   60.729717] @@@./cp@@@141300
[   60.731479] @@@./cp@@@142695
[   60.733255] @@@./cp@@@139799
[   60.735038] @@@./cp@@@174379
[   60.736938] @@@./cp@@@194427
[   60.738753] @@@./cp@@@157351
[   60.740448] @@@./cp@@@147267
[   60.742093] @@@./cp@@@144268
[   60.743796] @@@./cp@@@144340
[   60.745659] @@@./cp@@@138438
[   60.747524] @@@./cp@@@142009
[   60.749349] @@@./cp@@@146326
[   60.751021] @@@./cp@@@166523
[   60.752709] @@@./cp@@@138942
[   60.754416] @@@./cp@@@137793
[   60.756454] @@@./cp@@@160124
[   60.758355] @@@./cp@@@155834
[   60.760160] @@@./cp@@@150526
[   60.761826] @@@./cp@@@155558
[   60.763482] @@@./cp@@@138938
[   60.765111] @@@./cp@@@140486
[   60.766770] @@@./cp@@@139842
[   60.768448] @@@./cp@@@144732
[   60.770151] @@@./cp@@@143650
[   60.771822] @@@./cp@@@156045
[   60.773469] @@@./cp@@@144961
[   60.775107] @@@./cp@@@159708
[   60.776965] @@@./cp@@@195702
[   60.778708] @@@./cp@@@148303
[   60.780436] @@@./cp@@@142975
[   60.782090] @@@./cp@@@138339
[   60.783799] @@@./cp@@@136320
[   60.785714] @@@./cp@@@208698
[   60.787458] @@@./cp@@@149259
[   60.789106] @@@./cp@@@142182
[   60.790878] @@@./cp@@@162804
[   60.792706] @@@./cp@@@141939
[   60.794536] @@@./cp@@@152344
[   60.796333] @@@./cp@@@152728
[   60.798127] @@@./cp@@@152228
[   60.799936] @@@./cp@@@175068
[   60.801694] @@@./cp@@@139773
[   60.803589] @@@./cp@@@138838
[   60.805385] @@@./cp@@@143027
[   60.807086] @@@./cp@@@180628
[   60.808876] @@@./cp@@@163533
[   60.810492] @@@./cp@@@138957
[   60.812235] @@@./cp@@@143072
[   60.813782] @@@./cp@@@136905
[   60.815674] @@@./cp@@@139953
[   60.817574] @@@./cp@@@162638
[   60.819321] @@@./cp@@@151256
[   60.821007] @@@./cp@@@145157
[   60.822762] @@@./cp@@@148544
[   60.824441] @@@./cp@@@144384
[   60.826252] @@@./cp@@@139775
[   60.827996] @@@./cp@@@151023
[   60.829698] @@@./cp@@@138215
[   60.831409] @@@./cp@@@139547
[   60.833283] @@@./cp@@@153699
[   60.835336] @@@./cp@@@192609
[   60.837219] @@@./cp@@@150734
[   60.839011] @@@./cp@@@154366
[   60.840674] @@@./cp@@@139174
[   60.842368] @@@./cp@@@138838
[   60.844115] @@@./cp@@@136924
[   60.845901] @@@./cp@@@189500
[   60.848026] @@@./cp@@@164413
[   60.849724] @@@./cp@@@151220
[   60.851506] @@@./cp@@@140080
[   60.853221] @@@./cp@@@143174
[   60.855037] @@@./cp@@@197875
[   60.856998] @@@./cp@@@157009
[   60.859031] @@@./cp@@@232038
[   60.860944] @@@./cp@@@204113
[   60.862639] @@@./cp@@@144577
[   60.864317] @@@./cp@@@139855
[   60.866171] @@@./cp@@@140069
[   60.867959] @@@./cp@@@141823
[   60.869701] @@@./cp@@@143652
[   60.871500] @@@./cp@@@138997
[   60.873242] @@@./cp@@@144861
[   60.874961] @@@./cp@@@173528
[   60.876708] @@@./cp@@@143774
[   60.878675] @@@./cp@@@160231
[   60.880525] @@@./cp@@@145823
[   60.882423] @@@./cp@@@148466
[   60.884274] @@@./cp@@@144421
[   60.886019] @@@./cp@@@138299
[   60.887882] @@@./cp@@@163081
[   60.889631] @@@./cp@@@140040
[   60.891433] @@@./cp@@@143487
[   60.893268] @@@./cp@@@143184
[   60.895153] @@@./cp@@@153852
[   60.896981] @@@./cp@@@160054
[   60.898917] @@@./cp@@@177427
[   60.900525] @@@./cp@@@143224
[   60.902181] @@@./cp@@@140234
[   60.903816] @@@./cp@@@157787
[   60.905508] @@@./cp@@@139223
[   60.907265] @@@./cp@@@140254
[   60.909249] @@@./cp@@@159460
[   60.911051] @@@./cp@@@196226
[   60.912853] @@@./cp@@@182041
[   60.914569] @@@./cp@@@140538
[   60.916374] @@@./cp@@@159925
[   60.918105] @@@./cp@@@180150
[   60.919947] @@@./cp@@@158620
[   60.921658] @@@./cp@@@149224
[   60.923543] @@@./cp@@@145418
[   60.925292] @@@./cp@@@145735
[   60.927020] @@@./cp@@@155503
[   60.928649] @@@./cp@@@140393
[   60.930430] @@@./cp@@@146027
[   60.932074] @@@./cp@@@142275
[   60.933843] @@@./cp@@@183253
[   60.935579] @@@./cp@@@138951
[   60.937346] @@@./cp@@@139845
[   60.939527] @@@./cp@@@162051
[   60.941222] @@@./cp@@@147426
[   60.942996] @@@./cp@@@250752
[   60.944585] @@@./cp@@@141781
[   60.946247] @@@./cp@@@159990
[   60.948043] @@@./cp@@@158990
[   60.949626] @@@./cp@@@144444
[   60.951475] @@@./cp@@@137137
[   60.953185] @@@./cp@@@142421
[   60.954800] @@@./cp@@@171992
[   60.956750] @@@./cp@@@165425
[   60.958550] @@@./cp@@@178908
[   60.960260] @@@./cp@@@147632
[   60.962076] @@@./cp@@@154157
[   60.963706] @@@./cp@@@141402
[   60.965653] @@@./cp@@@142670
[   60.967360] @@@./cp@@@143709
[   60.969206] @@@./cp@@@203081
[   60.971101] @@@./cp@@@170955
[   60.972855] @@@./cp@@@180316
[   60.974696] @@@./cp@@@147641
[   60.976392] @@@./cp@@@146948
[   60.978218] @@@./cp@@@169769
[   60.980043] @@@./cp@@@163762
[   60.982156] @@@./cp@@@158999
[   60.983835] @@@./cp@@@183256
[   60.985885] @@@./cp@@@206490
[   60.987515] @@@./cp@@@144855
[   60.989456] @@@./cp@@@140113
[   60.991133] @@@./cp@@@152409
[   60.992850] @@@./cp@@@203369
[   60.994636] @@@./cp@@@143484
[   60.996331] @@@./cp@@@142374
[   60.998021] @@@./cp@@@152424
[   60.999702] @@@./cp@@@141656
[   61.001617] @@@./cp@@@149422
[   61.003292] @@@./cp@@@146715
[   61.004930] @@@./cp@@@155577
[   61.006536] @@@./cp@@@144989
[   61.008180] @@@./cp@@@139459
[   61.010039] @@@./cp@@@329637
[   61.011940] @@@./cp@@@150809
[   61.013869] @@@./cp@@@165691
[   61.015676] @@@./cp@@@145235
[   61.017566] @@@./cp@@@155735
[   61.019253] @@@./cp@@@156081
[   61.021028] @@@./cp@@@145525
[   61.022785] @@@./cp@@@173702
[   61.024568] @@@./cp@@@145015
[   61.026200] @@@./cp@@@153467
[   61.028006] @@@./cp@@@295063
[   61.030067] @@@./cp@@@147078
[   61.032016] @@@./cp@@@159229
[   61.033970] @@@./cp@@@149406
[   61.035846] @@@./cp@@@169691
[   61.037816] @@@./cp@@@210362
[   61.039770] @@@./cp@@@196840
[   61.041575] @@@./cp@@@176045
[   61.043423] @@@./cp@@@147832
[   61.045366] @@@./cp@@@145789
[   61.047114] @@@./cp@@@146318
[   61.048888] @@@./cp@@@177675
[   61.050548] @@@./cp@@@140193
[   61.052346] @@@./cp@@@139390
[   61.054158] @@@./cp@@@164012
[   61.055922] @@@./cp@@@143545
[   61.057811] @@@./cp@@@163582
[   61.059870] @@@./cp@@@211244
[   61.062072] @@@./cp@@@168648
[   61.063966] @@@./cp@@@163162
[   61.065762] @@@./cp@@@176924
[   61.067521] @@@./cp@@@142390
[   61.069155] @@@./cp@@@142047
[   61.070852] @@@./cp@@@180592
[   61.072596] @@@./cp@@@142955
[   61.074456] @@@./cp@@@142150
[   61.076201] @@@./cp@@@152533
[   61.078225] @@@./cp@@@181135
[   61.080134] @@@./cp@@@158570
[   61.081694] @@@./cp@@@157871
[   61.083449] @@@./cp@@@145146
[   61.085262] @@@./cp@@@139529
[   61.087155] @@@./cp@@@142750
[   61.088935] @@@./cp@@@140452
[   61.090598] @@@./cp@@@143143
[   61.092646] @@@./cp@@@190577
[   61.094567] @@@./cp@@@154328
[   61.096439] @@@./cp@@@141435
[   61.098143] @@@./cp@@@148850
[   61.100248] @@@./cp@@@167648
[   61.102022] @@@./cp@@@152581
[   61.103824] @@@./cp@@@192704
[   61.105510] @@@./cp@@@138893
[   61.107441] @@@./cp@@@138417
[   61.109101] @@@./cp@@@148554
[   61.110877] @@@./cp@@@188792
[   61.112510] @@@./cp@@@141146
[   61.114078] @@@./cp@@@137820
[   61.115631] @@@./cp@@@156783
[   61.117329] @@@./cp@@@142672
[   61.118998] @@@./cp@@@190937
[   61.120569] @@@./cp@@@144469
[   61.122102] @@@./cp@@@150684
[   61.123814] @@@./cp@@@190426
[   61.125493] @@@./cp@@@151573
[   61.127110] @@@./cp@@@137554
[   61.128805] @@@./cp@@@167853
[   61.130428] @@@./cp@@@142737
[   61.132077] @@@./cp@@@135829
[   61.133683] @@@./cp@@@142920
[   61.135296] @@@./cp@@@141430
[   61.137080] @@@./cp@@@158000
[   61.138927] @@@./cp@@@155646
[   61.140573] @@@./cp@@@145214
[   61.142130] @@@./cp@@@145454
[   61.143782] @@@./cp@@@210480
[   61.145304] @@@./cp@@@142989
[   61.146853] @@@./cp@@@197162
[   61.148376] @@@./cp@@@144777
[   61.150006] @@@./cp@@@144797
[   61.151618] @@@./cp@@@145062
[   61.153254] @@@./cp@@@208893
[   61.155038] @@@./cp@@@176812
[   61.156734] @@@./cp@@@172757
[   61.158641] @@@./cp@@@158985
[   61.160370] @@@./cp@@@160082
[   61.162108] @@@./cp@@@143801
[   61.163860] @@@./cp@@@145103
[   61.165573] @@@./cp@@@146571
[   61.167312] @@@./cp@@@138955
[   61.168967] @@@./cp@@@140892
[   61.170673] @@@./cp@@@142363
[   61.172393] @@@./cp@@@143963
[   61.173995] @@@./cp@@@142057
[   61.175639] @@@./cp@@@142787
[   61.177291] @@@./cp@@@147581
[   61.178922] @@@./cp@@@143772
[   61.180483] @@@./cp@@@142535
[   61.182229] @@@./cp@@@155848
[   61.184078] @@@./cp@@@211451
[   61.185910] @@@./cp@@@159350
[   61.187642] @@@./cp@@@145104
[   61.189409] @@@./cp@@@137520
[   61.191214] @@@./cp@@@144252
[   61.192890] @@@./cp@@@251143
[   61.194788] @@@./cp@@@232260
[   61.196521] @@@./cp@@@154508
*** cp done.

[   61.198585] @@@/bin/cp@@@154479
[   61.208055] @@@../elf-sign.signed@@@146028
[   61.213221] @@@/bin/cp@@@170873
[   61.215139] @@@/usr/bin/objcopy@@@158875
*** Executing signed version of df for 1000 times.
[   61.219212] @@@./df@@@160101
[   61.221074] @@@./df@@@147223
[   61.222848] @@@./df@@@148893
[   61.224489] @@@./df@@@143142
[   61.226224] @@@./df@@@141290
[   61.227922] @@@./df@@@160840
[   61.229610] @@@./df@@@149834
[   61.231101] @@@./df@@@152738
[   61.232821] @@@./df@@@190313
[   61.234464] @@@./df@@@147796
[   61.236060] @@@./df@@@137867
[   61.237576] @@@./df@@@138561
[   61.239193] @@@./df@@@139476
[   61.240874] @@@./df@@@228034
[   61.242403] @@@./df@@@143503
[   61.243895] @@@./df@@@144472
[   61.245408] @@@./df@@@145538
[   61.247045] @@@./df@@@165910
[   61.248588] @@@./df@@@146042
[   61.250033] @@@./df@@@141756
[   61.251566] @@@./df@@@141488
[   61.253083] @@@./df@@@194736
[   61.254628] @@@./df@@@147844
[   61.256209] @@@./df@@@143938
[   61.257755] @@@./df@@@172367
[   61.259325] @@@./df@@@139315
[   61.260874] @@@./df@@@226137
[   61.262404] @@@./df@@@145177
[   61.264084] @@@./df@@@133677
[   61.265734] @@@./df@@@170356
[   61.267322] @@@./df@@@133474
[   61.268972] @@@./df@@@135958
[   61.270536] @@@./df@@@140159
[   61.272167] @@@./df@@@139753
[   61.273809] @@@./df@@@233302
[   61.275302] @@@./df@@@138397
[   61.277161] @@@./df@@@156733
[   61.278774] @@@./df@@@171033
[   61.280314] @@@./df@@@138441
[   61.281864] @@@./df@@@236234
[   61.283452] @@@./df@@@138010
[   61.285070] @@@./df@@@139550
[   61.286650] @@@./df@@@136499
[   61.288236] @@@./df@@@134663
[   61.289947] @@@./df@@@203235
[   61.291664] @@@./df@@@207339
[   61.293441] @@@./df@@@145977
[   61.295067] @@@./df@@@166104
[   61.296631] @@@./df@@@138459
[   61.298163] @@@./df@@@137634
[   61.299724] @@@./df@@@171200
[   61.301148] @@@./df@@@138294
[   61.302626] @@@./df@@@139881
[   61.304164] @@@./df@@@139351
[   61.305781] @@@./df@@@176864
[   61.307700] @@@./df@@@216538
[   61.309337] @@@./df@@@147011
[   61.311045] @@@./df@@@175267
[   61.312844] @@@./df@@@165090
[   61.314475] @@@./df@@@143181
[   61.316064] @@@./df@@@141935
[   61.317592] @@@./df@@@143686
[   61.319229] @@@./df@@@138004
[   61.320735] @@@./df@@@158692
[   61.322245] @@@./df@@@143262
[   61.323705] @@@./df@@@160879
[   61.325149] @@@./df@@@139828
[   61.326693] @@@./df@@@168459
[   61.328185] @@@./df@@@141144
[   61.329763] @@@./df@@@179664
[   61.331270] @@@./df@@@144428
[   61.332739] @@@./df@@@170114
[   61.334280] @@@./df@@@134576
[   61.335820] @@@./df@@@236543
[   61.337343] @@@./df@@@159831
[   61.339059] @@@./df@@@185971
[   61.340621] @@@./df@@@148896
[   61.342219] @@@./df@@@139525
[   61.343801] @@@./df@@@142493
[   61.345314] @@@./df@@@139015
[   61.346868] @@@./df@@@266407
[   61.348463] @@@./df@@@142735
[   61.350421] @@@./df@@@192570
[   61.352171] @@@./df@@@153529
[   61.353719] @@@./df@@@188747
[   61.355211] @@@./df@@@137683
[   61.356701] @@@./df@@@167258
[   61.358090] @@@./df@@@137786
[   61.359706] @@@./df@@@171847
[   61.361103] @@@./df@@@137422
[   61.362574] @@@./df@@@155988
[   61.364350] @@@./df@@@142031
[   61.366617] @@@./df@@@155960
[   61.368160] @@@./df@@@160890
[   61.369855] @@@./df@@@160384
[   61.371541] @@@./df@@@153629
[   61.373099] @@@./df@@@142275
[   61.374573] @@@./df@@@150384
[   61.376060] @@@./df@@@146988
[   61.377545] @@@./df@@@144853
[   61.378987] @@@./df@@@167619
[   61.380570] @@@./df@@@144650
[   61.382030] @@@./df@@@163583
[   61.383561] @@@./df@@@134784
[   61.385029] @@@./df@@@144126
[   61.386705] @@@./df@@@175002
[   61.388442] @@@./df@@@155941
[   61.390074] @@@./df@@@157765
[   61.391781] @@@./df@@@142470
[   61.393499] @@@./df@@@144342
[   61.395126] @@@./df@@@146974
[   61.396788] @@@./df@@@144038
[   61.398445] @@@./df@@@149360
[   61.400056] @@@./df@@@164913
[   61.401857] @@@./df@@@141329
[   61.403689] @@@./df@@@189502
[   61.405466] @@@./df@@@150969
[   61.407045] @@@./df@@@185466
[   61.408920] @@@./df@@@167414
[   61.410615] @@@./df@@@144407
[   61.412277] @@@./df@@@137097
[   61.413865] @@@./df@@@151281
[   61.415650] @@@./df@@@171942
[   61.417322] @@@./df@@@138505
[   61.419178] @@@./df@@@144578
[   61.420782] @@@./df@@@223233
[   61.422323] @@@./df@@@138628
[   61.423944] @@@./df@@@140393
[   61.425755] @@@./df@@@176651
[   61.427342] @@@./df@@@143440
[   61.428939] @@@./df@@@146053
[   61.430604] @@@./df@@@148406
[   61.432346] @@@./df@@@139301
[   61.434230] @@@./df@@@139722
[   61.435863] @@@./df@@@159401
[   61.437488] @@@./df@@@145174
[   61.439272] @@@./df@@@141190
[   61.441138] @@@./df@@@139254
[   61.442897] @@@./df@@@147407
[   61.444866] @@@./df@@@198264
[   61.446650] @@@./df@@@169688
[   61.448399] @@@./df@@@137839
[   61.450110] @@@./df@@@143529
[   61.451865] @@@./df@@@139172
[   61.453544] @@@./df@@@141209
[   61.455387] @@@./df@@@144051
[   61.457320] @@@./df@@@141451
[   61.459027] @@@./df@@@165503
[   61.460836] @@@./df@@@197061
[   61.462487] @@@./df@@@146940
[   61.464229] @@@./df@@@146069
[   61.466084] @@@./df@@@241066
[   61.467843] @@@./df@@@155848
[   61.469472] @@@./df@@@136596
[   61.471154] @@@./df@@@139831
[   61.472888] @@@./df@@@210406
[   61.474477] @@@./df@@@146637
[   61.475927] @@@./df@@@148638
[   61.477455] @@@./df@@@147822
[   61.478895] @@@./df@@@141096
[   61.480462] @@@./df@@@137949
[   61.481925] @@@./df@@@154758
[   61.483514] @@@./df@@@139671
[   61.485052] @@@./df@@@157858
[   61.486689] @@@./df@@@185442
[   61.488313] @@@./df@@@138017
[   61.490130] @@@./df@@@295294
[   61.492039] @@@./df@@@169572
[   61.493662] @@@./df@@@170641
[   61.495326] @@@./df@@@137319
[   61.496880] @@@./df@@@141151
[   61.498496] @@@./df@@@140876
[   61.500075] @@@./df@@@220594
[   61.501573] @@@./df@@@138392
[   61.503255] @@@./df@@@163872
[   61.505023] @@@./df@@@198117
[   61.506640] @@@./df@@@181356
[   61.508170] @@@./df@@@138870
[   61.509805] @@@./df@@@271490
[   61.511426] @@@./df@@@144936
[   61.512963] @@@./df@@@175585
[   61.514554] @@@./df@@@135826
[   61.516177] @@@./df@@@143766
[   61.517741] @@@./df@@@172918
[   61.519351] @@@./df@@@135046
[   61.520969] @@@./df@@@153936
[   61.522557] @@@./df@@@166759
[   61.524201] @@@./df@@@148002
[   61.525757] @@@./df@@@226729
[   61.527334] @@@./df@@@135521
[   61.528851] @@@./df@@@141762
[   61.530308] @@@./df@@@140249
[   61.531928] @@@./df@@@150886
[   61.533497] @@@./df@@@144821
[   61.534958] @@@./df@@@152263
[   61.536484] @@@./df@@@138996
[   61.537972] @@@./df@@@141874
[   61.539510] @@@./df@@@159192
[   61.541242] @@@./df@@@151916
[   61.542808] @@@./df@@@147908
[   61.544260] @@@./df@@@140348
[   61.545778] @@@./df@@@224818
[   61.547307] @@@./df@@@139847
[   61.548962] @@@./df@@@154946
[   61.550485] @@@./df@@@143889
[   61.551966] @@@./df@@@144406
[   61.553490] @@@./df@@@154082
[   61.555139] @@@./df@@@168982
[   61.556670] @@@./df@@@157886
[   61.558156] @@@./df@@@137207
[   61.559781] @@@./df@@@247113
[   61.561469] @@@./df@@@149013
[   61.563065] @@@./df@@@189153
[   61.564602] @@@./df@@@171004
[   61.566135] @@@./df@@@139601
[   61.567680] @@@./df@@@157335
[   61.569224] @@@./df@@@133830
[   61.570768] @@@./df@@@242255
[   61.572231] @@@./df@@@140141
[   61.573763] @@@./df@@@220804
[   61.575288] @@@./df@@@138838
[   61.576921] @@@./df@@@142930
[   61.578430] @@@./df@@@143963
[   61.579983] @@@./df@@@138529
[   61.581420] @@@./df@@@138282
[   61.583087] @@@./df@@@183039
[   61.584665] @@@./df@@@229932
[   61.586195] @@@./df@@@152651
[   61.587720] @@@./df@@@227311
[   61.589251] @@@./df@@@138066
[   61.590904] @@@./df@@@137350
[   61.592379] @@@./df@@@138298
[   61.593903] @@@./df@@@143276
[   61.595411] @@@./df@@@141907
[   61.597011] @@@./df@@@142570
[   61.598718] @@@./df@@@180004
[   61.600184] @@@./df@@@139570
[   61.601703] @@@./df@@@248078
[   61.603215] @@@./df@@@144784
[   61.604740] @@@./df@@@226091
[   61.606275] @@@./df@@@169637
[   61.607993] @@@./df@@@145439
[   61.609479] @@@./df@@@142906
[   61.611044] @@@./df@@@151977
[   61.612531] @@@./df@@@142036
[   61.614044] @@@./df@@@138902
[   61.615661] @@@./df@@@215872
[   61.617389] @@@./df@@@160774
[   61.618876] @@@./df@@@149973
[   61.620373] @@@./df@@@141299
[   61.621940] @@@./df@@@142658
[   61.623454] @@@./df@@@142501
[   61.625045] @@@./df@@@142812
[   61.626527] @@@./df@@@142647
[   61.628117] @@@./df@@@135027
[   61.629719] @@@./df@@@221354
[   61.631236] @@@./df@@@140807
[   61.632878] @@@./df@@@141330
[   61.634320] @@@./df@@@141374
[   61.635819] @@@./df@@@138907
[   61.637321] @@@./df@@@142972
[   61.638824] @@@./df@@@143034
[   61.640373] @@@./df@@@138858
[   61.641958] @@@./df@@@143956
[   61.643454] @@@./df@@@140359
[   61.645041] @@@./df@@@139741
[   61.646583] @@@./df@@@184514
[   61.648157] @@@./df@@@143053
[   61.649729] @@@./df@@@223030
[   61.651292] @@@./df@@@135303
[   61.652934] @@@./df@@@139223
[   61.654487] @@@./df@@@154023
[   61.656108] @@@./df@@@147435
[   61.657615] @@@./df@@@172722
[   61.659099] @@@./df@@@192432
[   61.660687] @@@./df@@@159293
[   61.662256] @@@./df@@@138688
[   61.663815] @@@./df@@@158122
[   61.665425] @@@./df@@@139887
[   61.666968] @@@./df@@@153743
[   61.668459] @@@./df@@@143436
[   61.670052] @@@./df@@@139677
[   61.671507] @@@./df@@@144055
[   61.673029] @@@./df@@@153029
[   61.674620] @@@./df@@@158762
[   61.676102] @@@./df@@@168897
[   61.677660] @@@./df@@@172745
[   61.679180] @@@./df@@@144828
[   61.680721] @@@./df@@@141678
[   61.682208] @@@./df@@@144039
[   61.683763] @@@./df@@@139488
[   61.685256] @@@./df@@@143772
[   61.686903] @@@./df@@@139372
[   61.688460] @@@./df@@@140024
[   61.690139] @@@./df@@@139537
[   61.692093] @@@./df@@@211002
[   61.693910] @@@./df@@@154751
[   61.695677] @@@./df@@@177632
[   61.697422] @@@./df@@@144479
[   61.698916] @@@./df@@@141017
[   61.700636] @@@./df@@@174562
[   61.702344] @@@./df@@@145263
[   61.704146] @@@./df@@@141261
[   61.705724] @@@./df@@@141750
[   61.707339] @@@./df@@@139924
[   61.708999] @@@./df@@@149395
[   61.710558] @@@./df@@@169087
[   61.712265] @@@./df@@@158632
[   61.714097] @@@./df@@@149163
[   61.715763] @@@./df@@@139156
[   61.717425] @@@./df@@@140112
[   61.719153] @@@./df@@@153976
[   61.720795] @@@./df@@@140444
[   61.722372] @@@./df@@@138487
[   61.723979] @@@./df@@@135447
[   61.725682] @@@./df@@@217858
[   61.727300] @@@./df@@@137564
[   61.729402] @@@./df@@@140914
[   61.731216] @@@./df@@@142326
[   61.732803] @@@./df@@@140923
[   61.734446] @@@./df@@@140618
[   61.736208] @@@./df@@@138859
[   61.738006] @@@./df@@@143978
[   61.739667] @@@./df@@@169036
[   61.741268] @@@./df@@@145148
[   61.742822] @@@./df@@@138604
[   61.744623] @@@./df@@@162593
